###############################################################################
#
# IAR ELF Linker V8.40.1.212/W32 for ARM                  11/Nov/2019  03:26:17
# Copyright 2007-2019 IAR Systems AB.
#
#    Output file  =
#        Z:\Mini58
#        Resources\Mini58_Series_BSP_CMSIS_v3.01.000\SampleCode\StdDriver\TEST_12\IAR\Debug\Exe\GPIO_LED.out
#    Map file     =
#        Z:\Mini58
#        Resources\Mini58_Series_BSP_CMSIS_v3.01.000\SampleCode\StdDriver\TEST_12\IAR\Debug\List\GPIO_LED.map
#    Command line =
#        -f C:\Users\EMBEDD~1\AppData\Local\Temp\EW1596.tmp ("Z:\Mini58
#        Resources\Mini58_Series_BSP_CMSIS_v3.01.000\SampleCode\StdDriver\TEST_12\IAR\Debug\Obj\clk.o"
#        "Z:\Mini58
#        Resources\Mini58_Series_BSP_CMSIS_v3.01.000\SampleCode\StdDriver\TEST_12\IAR\Debug\Obj\gpio.o"
#        "Z:\Mini58
#        Resources\Mini58_Series_BSP_CMSIS_v3.01.000\SampleCode\StdDriver\TEST_12\IAR\Debug\Obj\main.o"
#        "Z:\Mini58
#        Resources\Mini58_Series_BSP_CMSIS_v3.01.000\SampleCode\StdDriver\TEST_12\IAR\Debug\Obj\pwm.o"
#        "Z:\Mini58
#        Resources\Mini58_Series_BSP_CMSIS_v3.01.000\SampleCode\StdDriver\TEST_12\IAR\Debug\Obj\retarget.o"
#        "Z:\Mini58
#        Resources\Mini58_Series_BSP_CMSIS_v3.01.000\SampleCode\StdDriver\TEST_12\IAR\Debug\Obj\startup_Mini58Series.o"
#        "Z:\Mini58
#        Resources\Mini58_Series_BSP_CMSIS_v3.01.000\SampleCode\StdDriver\TEST_12\IAR\Debug\Obj\sys.o"
#        "Z:\Mini58
#        Resources\Mini58_Series_BSP_CMSIS_v3.01.000\SampleCode\StdDriver\TEST_12\IAR\Debug\Obj\system_Mini58Series.o"
#        "Z:\Mini58
#        Resources\Mini58_Series_BSP_CMSIS_v3.01.000\SampleCode\StdDriver\TEST_12\IAR\Debug\Obj\timer.o"
#        "Z:\Mini58
#        Resources\Mini58_Series_BSP_CMSIS_v3.01.000\SampleCode\StdDriver\TEST_12\IAR\Debug\Obj\uart.o"
#        --redirect _Printf=_PrintfTiny --redirect _Scanf=_ScanfSmall
#        --no_out_extension -o "Z:\Mini58
#        Resources\Mini58_Series_BSP_CMSIS_v3.01.000\SampleCode\StdDriver\TEST_12\IAR\Debug\Exe\GPIO_LED.out"
#        --map "Z:\Mini58
#        Resources\Mini58_Series_BSP_CMSIS_v3.01.000\SampleCode\StdDriver\TEST_12\IAR\Debug\List\GPIO_LED.map"
#        --config "C:\Program Files (x86)\IAR Systems\Embedded Workbench
#        8.3\arm\CONFIG\generic_cortex.icf" --semihosting --entry Reset_Handler
#        --inline --vfe --text_out locale)
#
###############################################################################

*******************************************************************************
*** RUNTIME MODEL ATTRIBUTES
***

CppFlavor       = *
__SystemLibrary = DLib
__dlib_version  = 6


*******************************************************************************
*** HEAP SELECTION
***

The basic heap was selected because no calls to memory allocation
functions were found in the application outside of system library
functions, and there are calls to deallocation functions in the
application.


*******************************************************************************
*** PLACEMENT SUMMARY
***

"A0":  place at address 0x0 { ro section .intvec };
"P1":  place in [from 0x0 to 0x7'ffff] { ro };
define block CSTACK with size = 1K, alignment = 8 { };
define block PROC_STACK with size = 0, alignment = 8 { };
define block HEAP with size = 2K, alignment = 8 { };
"P2":  place in [from 0x2000'0000 to 0x2000'ffff] {
          rw, block CSTACK, block PROC_STACK, block HEAP };
initialize by copy { rw };

  Section            Kind         Address    Size  Object
  -------            ----         -------    ----  ------
"A0":                                        0xc0
  .intvec            ro code          0x0    0xc0  startup_Mini58Series.o [1]
                                   - 0xc0    0xc0

"P1":                                      0x1220
  .text              ro code         0xc0   0x660  main.o [1]
  .text              ro code        0x720    0xfc  uart.o [1]
  .text              ro code        0x81c   0x17c  timer.o [1]
  .text              ro code        0x998   0x19c  pwm.o [1]
  .text              ro code        0xb34    0x20  clk.o [1]
  .text              ro code        0xb54    0xa0  system_Mini58Series.o [1]
  .text              ro code        0xbf4    0x28  printf.o [2]
  .text              ro code        0xc1c    0x4a  gpio.o [1]
  .text              ro code        0xc66    0xae  I32DivModFast.o [4]
  .text              ro code        0xd14    0x20  IxxToFlt.o [3]
  .text              ro code        0xd34    0xb0  FltMul.o [3]
  .text              ro code        0xde4    0xaa  FltDiv.o [3]
  .text              ro code        0xe90    0x26  FltToU32.o [3]
  .text              ro code        0xeb6   0x172  xprintftiny.o [2]
  .text              ro code       0x1028     0xe  strlen.o [4]
  .text              ro code       0x1038   0x120  retarget.o [1]
  .text              ro code       0x1158    0x3c  zero_init3.o [4]
  .text              ro code       0x1194    0x3c  packbits_init_single.o [4]
  .text              ro code       0x11d0    0x28  data_init.o [4]
  .iar.init_table    const         0x11f8    0x20  - Linker created -
  .text              ro code       0x1218    0x1e  cmain.o [4]
  .text              ro code       0x1236     0x8  exit.o [2]
  .text              ro code       0x1240     0xa  cexit.o [4]
  .text              ro code       0x124c    0x14  exit.o [5]
  .text              ro code       0x1260    0x16  xprout.o [2]
  .text              ro code       0x1278    0x10  putchar.o [2]
  .text              ro code       0x1288     0xc  cstartup_M.o [4]
  .text              ro code       0x1294     0x8  startup_Mini58Series.o [1]
  .text              ro code       0x129c     0x2  startup_Mini58Series.o [1]
  .rodata            const         0x129e     0x0  zero_init3.o [4]
  .rodata            const         0x129e     0x0  packbits_init_single.o [4]
  Initializer bytes  const         0x129e    0x42  <for P2-1>
                                 - 0x12e0  0x1220

"P2", part 1 of 3:                           0x64
  P2-1                        0x2000'0000    0x64  <Init block>
    .data            inited   0x2000'0000     0xc  main.o [1]
    .data            inited   0x2000'000c     0x4  system_Mini58Series.o [1]
    .data            inited   0x2000'0010     0xc  system_Mini58Series.o [1]
    .data            inited   0x2000'001c    0x48  xfiles.o [2]
                            - 0x2000'0064    0x64

"P2", part 2 of 3:                           0x84
  .bss               zero     0x2000'0064    0x50  xfiles.o [2]
  .bss               zero     0x2000'00b4    0x20  main.o [1]
  .bss               zero     0x2000'00d4     0xd  main.o [1]
  .bss               zero     0x2000'00e1     0x4  main.o [1]
                            - 0x2000'00e5    0x81

"P2", part 3 of 3:                          0x400
  CSTACK                      0x2000'00e8   0x400  <Block>
    CSTACK           uninit   0x2000'00e8   0x400  <Block tail>
                            - 0x2000'04e8   0x400

Unused ranges:

         From           To      Size
         ----           --      ----
       0x12e0     0x7'ffff  0x7'ed20
  0x2000'04e8  0x2000'ffff    0xfb18


*******************************************************************************
*** INIT TABLE
***

          Address      Size
          -------      ----
Zero (__iar_zero_init3)
    1 destination range, total size 0x81:
          0x2000'0064  0x81

Copy/packbits (__iar_packbits_init_single3)
    1 source range, total size 0x42 (66% of destination):
               0x129e  0x42
    1 destination range, total size 0x64:
          0x2000'0000  0x64



*******************************************************************************
*** MODULE SUMMARY
***

    Module                  ro code  ro data  rw data
    ------                  -------  -------  -------
command line/config:
    -------------------------------------------------
    Total:

Z:\Mini58 Resources\Mini58_Series_BSP_CMSIS_v3.01.000\SampleCode\StdDriver\TEST_12\IAR\Debug\Obj: [1]
    clk.o                        32
    gpio.o                       74
    main.o                    1'632        7       61
    pwm.o                       412
    retarget.o                  288
    startup_Mini58Series.o      202
    system_Mini58Series.o       160       11       16
    timer.o                     380
    uart.o                      252
    -------------------------------------------------
    Total:                    3'432       18       77

dl6M_tlf.a: [2]
    exit.o                        8
    printf.o                     40
    putchar.o                    16
    xfiles.o                              48      152
    xprintftiny.o               370
    xprout.o                     22
    -------------------------------------------------
    Total:                      456       48      152

m6M_tl.a: [3]
    FltDiv.o                    170
    FltMul.o                    176
    FltToU32.o                   38
    IxxToFlt.o                   32
    -------------------------------------------------
    Total:                      416

rt6M_tl.a: [4]
    I32DivModFast.o             174
    cexit.o                      10
    cmain.o                      30
    cstartup_M.o                 12
    data_init.o                  40
    packbits_init_single.o       60
    strlen.o                     14
    zero_init3.o                 60
    -------------------------------------------------
    Total:                      400

shb_l.a: [5]
    exit.o                       20
    -------------------------------------------------
    Total:                       20

    Gaps                         10
    Linker created                        32    1'024
-----------------------------------------------------
    Grand Total:              4'734       98    1'253


*******************************************************************************
*** ENTRY LIST
***

Entry                       Address   Size  Type      Object
-----                       -------   ----  ----      ------
.iar.init_table$$Base        0x11f8          --   Gb  - Linker created -
.iar.init_table$$Limit       0x1218          --   Gb  - Linker created -
?main                        0x1219         Code  Gb  cmain.o [4]
CLK_WaitClockReady            0xb35   0x18  Code  Gb  clk.o [1]
CSTACK$$Base            0x2000'00e8          --   Gb  - Linker created -
CSTACK$$Limit           0x2000'04e8          --   Gb  - Linker created -
CyclesPerUs             0x2000'0018    0x4  Data  Gb  system_Mini58Series.o [1]
GPIO234_IRQHandler             0xcd   0x82  Code  Gb  main.o [1]
GPIO_EnableInt                0xc4b   0x1c  Code  Gb  gpio.o [1]
GPIO_SetMode                  0xc1d   0x2e  Code  Gb  gpio.o [1]
HardFault_Handler            0x1095   0x18  Code  Gb  retarget.o [1]
Hard_Fault_Handler           0x1081   0x12  Code  Gb  retarget.o [1]
PWM_ConfigOutputChannel
                              0x999   0xfe  Code  Gb  pwm.o [1]
PWM_EnableOutput              0xb11    0xa  Code  Gb  pwm.o [1]
PWM_Start                     0xa97   0x2e  Code  Gb  pwm.o [1]
PWM_Stop                      0xac5   0x4c  Code  Gb  pwm.o [1]
PllClock                0x2000'0014    0x4  Data  Gb  system_Mini58Series.o [1]
Region$$Table$$Base          0x11f8          --   Gb  - Linker created -
Region$$Table$$Limit         0x1218          --   Gb  - Linker created -
Reset_Handler                0x1295         Code  Wk  startup_Mini58Series.o [1]
SYS_Init                      0x14f   0xa4  Code  Gb  main.o [1]
SendChar_ToUART              0x10ad    0x2  Code  Gb  retarget.o [1]
SystemCoreClock         0x2000'0010    0x4  Data  Gb  system_Mini58Series.o [1]
SystemCoreClockUpdate         0xb55   0x84  Code  Gb  system_Mini58Series.o [1]
TIMER_Delay                   0x8a1   0x98  Code  Gb  timer.o [1]
TIMER_GetModuleClock          0x939   0x40  Code  Gb  timer.o [1]
TIMER_Open                    0x81d   0x84  Code  Gb  timer.o [1]
TMR0_IRQHandler                0xc1    0xc  Code  Gb  main.o [1]
UART0_IRQHandler              0x28d   0x7a  Code  Gb  main.o [1]
UART_Open                     0x721   0xb8  Code  Gb  uart.o [1]
UART_Write                    0x7e9   0x30  Code  Gb  uart.o [1]
_PrintfTiny                   0xed1  0x158  Code  Gb  xprintftiny.o [2]
_Prout                       0x1261   0x16  Code  Gb  xprout.o [2]
__HSI                   0x2000'000c    0x4  Data  Gb  system_Mini58Series.o [1]
__aeabi_f2uiz                 0xe91         Code  Gb  FltToU32.o [3]
__aeabi_fdiv                  0xde5         Code  Gb  FltDiv.o [3]
__aeabi_fmul                  0xd35         Code  Gb  FltMul.o [3]
__aeabi_ui2f                  0xd15         Code  Gb  IxxToFlt.o [3]
__aeabi_uidiv                 0xc67         Code  Gb  I32DivModFast.o [4]
__aeabi_uidivmod              0xc67         Code  Gb  I32DivModFast.o [4]
__cmain                      0x1219         Code  Gb  cmain.o [4]
__exit                       0x124d   0x14  Code  Gb  exit.o [5]
__iar_Stdout            0x2000'001c   0x48  Data  Gb  xfiles.o [2]
__iar_data_init3             0x11d1   0x28  Code  Gb  data_init.o [4]
__iar_packbits_init_single3
                             0x1195   0x3c  Code  Gb  packbits_init_single.o [4]
__iar_program_start          0x1289         Code  Gb  cstartup_M.o [4]
__iar_zero_init3             0x1159   0x3c  Code  Gb  zero_init3.o [4]
__vector_table                  0x0         Data  Gb  startup_Mini58Series.o [1]
_call_main                   0x1225         Code  Gb  cmain.o [4]
_exit                        0x1241         Code  Gb  cexit.o [4]
_main                        0x1233         Code  Gb  cmain.o [4]
debounce_read           0x2000'0000    0x1  Data  Gb  main.o [1]
exit                         0x1237    0x8  Code  Gb  exit.o [2]
fputc                        0x10cf    0xc  Code  Gb  retarget.o [1]
g0_bufferCounter        0x2000'00e2    0x1  Data  Gb  main.o [1]
g0_endMessageIndex      0x2000'00e4    0x1  Data  Gb  main.o [1]
g0_shouldSaveToBuffer   0x2000'00e3    0x1  Data  Gb  main.o [1]
g0_u8RecData            0x2000'00b4   0x20  Data  Gb  main.o [1]
ir_generator                  0x4c3   0x46  Code  Gb  main.o [1]
ir_out2                 0x2000'00d4    0xc  Data  Gb  main.o [1]
lsb8_to_msb                   0x319   0x3c  Code  Gb  main.o [1]
main                          0x5e9   0xa2  Code  Gb  main.o [1]
message_received        0x2000'00e1    0x1  Data  Gb  main.o [1]
obuf                    0x2000'0064   0x50  Data  Lc  xfiles.o [2]
out                           0xeb7   0x1a  Code  Lc  xprintftiny.o [2]
p_m                     0x2000'00e0    0x1  Data  Gb  main.o [1]
parse_data                    0x549   0x96  Code  Gb  main.o [1]
print_ir_out2                 0x50d   0x34  Code  Gb  main.o [1]
printf                        0xbf5   0x28  Code  Gb  printf.o [2]
putchar                      0x1279   0x10  Code  Gb  putchar.o [2]
pwm_toggle              0x2000'0001    0x1  Data  Gb  main.o [1]
setfan                        0x395   0x3a  Code  Gb  main.o [1]
setmode                       0x425   0x9e  Code  Gb  main.o [1]
setswing                      0x359   0x28  Code  Gb  main.o [1]
settemp                       0x3d9   0x3a  Code  Gb  main.o [1]
stackDump                    0x1039   0x48  Code  Gb  retarget.o [1]
strlen                       0x1029         Code  Gb  strlen.o [4]
transmit                      0x1f3   0x8c  Code  Gb  main.o [1]
uartStr                 0x2000'0004    0x8  Data  Gb  main.o [1]


[1] = Z:\Mini58 Resources\Mini58_Series_BSP_CMSIS_v3.01.000\SampleCode\StdDriver\TEST_12\IAR\Debug\Obj
[2] = dl6M_tlf.a
[3] = m6M_tl.a
[4] = rt6M_tl.a
[5] = shb_l.a

  4'734 bytes of readonly  code memory
     98 bytes of readonly  data memory
  1'253 bytes of readwrite data memory

Errors: none
Warnings: none
