******************************************************************************
                  TI ARM Linker PC v18.12.4                    
******************************************************************************
>> Linked Sat Mar  7 14:37:49 2020

OUTPUT FILE NAME:   <pwm_dim.out>
ENTRY POINT SYMBOL: "ResetISR"  address: 00003411


MEMORY CONFIGURATION

         name            origin    length      used     unused   attr    fill
----------------------  --------  ---------  --------  --------  ----  --------
  FLASH                 00000000   00058000  00005c6c  00052394  R  X
  GPRAM                 11000000   00002000  00000000  00002000  RW X
  SRAM                  20000000   00014000  0000258b  00011a75  RW X


SEGMENT ALLOCATION MAP

run origin  load origin   length   init length attrs members
----------  ----------- ---------- ----------- ----- -------
00000000    00000000    00005c18   00005c18    r-x
  00000000    00000000    0000003c   0000003c    r-- .resetVecs
  0000003c    0000003c    00005094   00005094    r-x .text
  000050d0    000050d0    0000077c   0000077c    r-- .const
  00005850    00005850    000003c8   000003c8    r-- .cinit
00057fa8    00057fa8    00000058   00000058    r--
  00057fa8    00057fa8    00000058   00000058    r-- .ccfg
20000100    20000100    0000000c   00000000    rw-
  20000100    20000100    00000004   00000000    rw- .data:xdcRomConstPtr
  20000104    20000104    00000004   00000000    rw- .data:xdcRomExternFuncPtr
  20000108    20000108    00000004   00000000    rw- .data:xdcRomStatePtr
20000110    20000110    00001000   00000000    r--
  20000110    20000110    00001000   00000000    r-- .priheap
20001110    20001110    000010ad   00000000    rw-
  20001110    20001110    00000942   00000000    rw- .data
  20001a58    20001a58    00000765   00000000    rw- .bss
20013c00    20013c00    00000400   00000000    rw-
  20013c00    20013c00    00000400   00000000    rw- .stack


SECTION ALLOCATION MAP

 output                                  attributes/
section   page    origin      length       input sections
--------  ----  ----------  ----------   ----------------
.binit     0    00000000    00000000     

.cinit     0    00005850    000003c8     
                  00005850    0000036d     (.cinit..data.load) [load image, compression = lzss]
                  00005bbd    00000003     --HOLE-- [fill = 0]
                  00005bc0    0000000c     (__TI_handler_table)
                  00005bcc    00000004     --HOLE-- [fill = 0]
                  00005bd0    00000008     (.cinit..bss.load) [load image, compression = zero_init]
                  00005bd8    00000008     (.cinit..data:xdcRomConstPtr.load) [load image, compression = lzss]
                  00005be0    00000008     (.cinit..data:xdcRomExternFuncPtr.load) [load image, compression = lzss]
                  00005be8    00000008     (.cinit..data:xdcRomStatePtr.load) [load image, compression = lzss]
                  00005bf0    00000028     (__TI_cinit_table)

.init_array 
*          0    00000000    00000000     UNINITIALIZED

.ccfg      0    00057fa8    00000058     
                  00057fa8    00000058     ti_devices_config.obj (.ccfg:retain)

.data      0    20001110    00000942     UNINITIALIZED
                  20001110    00000400     pwmled2.obj (.data:arr_currectionCurve)
                  20001510    00000110     drivers_cc26x2.aem4f : PowerCC26X2.oem4f (.data:PowerCC26X2_module)
                  20001620    0000010c     release_pem4f.oem4f (.data:ROM_stateStruct)
                  2000172c    00000088     rom_sysbios.aem4f : rom_sysbios.obj (.data:$O1$$)
                  200017b4    00000054     release_pem4f.oem4f (.data:ti_sysbios_gates_GateMutex_Object__table__V)
                  20001808    0000004c     release_pem4f.oem4f (.data:ti_sysbios_knl_Task_Object__table__V)
                  20001854    00000004     drivers_cc26x2.aem4f : PWMTimerCC26XX.oem4f (.data)
                  20001858    00000048     release_pem4f.oem4f (.data:ti_sysbios_family_arm_cc26xx_Timer_Object__table__V)
                  200018a0    00000030     release_pem4f.oem4f (.data:ti_sysbios_knl_Swi_Module_State_0_readyQ__A)
                  200018d0    00000030     release_pem4f.oem4f (.data:ti_sysbios_knl_Swi_Object__table__V)
                  20001900    00000030     release_pem4f.oem4f (.data:ti_sysbios_knl_Task_Module_State_0_readyQ__A)
                  20001930    00000020     release_pem4f.oem4f (.data:ti_sysbios_knl_Clock_Object__table__V)
                  20001950    00000020     release_pem4f.oem4f (.data:xdc_runtime_Error_IgnoreBlock)
                  20001970    00000018     release_pem4f.oem4f (.data:ti_sysbios_family_arm_m3_Hwi_Object__table__V)
                  20001988    00000018     release_pem4f.oem4f (.data:ti_sysbios_heaps_HeapMem_Object__table__V)
                  200019a0    00000014     pwmled2.obj (.data)
                  200019b4    00000008     rtsv7M4_T_le_v4SPD16_eabi.lib : _lock.c.obj (.data:$O1$$)
                  200019bc    00000008     drivers_cc26x2.aem4f : PINCC26XX.oem4f (.data)
                  200019c4    00000008     release_pem4f.oem4f (.data:ti_sysbios_family_arm_m3_Hwi_Module__root__V)
                  200019cc    00000008     release_pem4f.oem4f (.data:ti_sysbios_gates_GateHwi_Module__root__V)
                  200019d4    00000008     release_pem4f.oem4f (.data:ti_sysbios_gates_GateMutex_Module__root__V)
                  200019dc    00000008     release_pem4f.oem4f (.data:ti_sysbios_hal_Hwi_Module__root__V)
                  200019e4    00000008     release_pem4f.oem4f (.data:ti_sysbios_heaps_HeapMem_Module__root__V)
                  200019ec    00000008     release_pem4f.oem4f (.data:ti_sysbios_knl_Clock_Module__root__V)
                  200019f4    00000008     release_pem4f.oem4f (.data:ti_sysbios_knl_Event_Module__root__V)
                  200019fc    00000008     release_pem4f.oem4f (.data:ti_sysbios_knl_Mailbox_Module__root__V)
                  20001a04    00000008     release_pem4f.oem4f (.data:ti_sysbios_knl_Queue_Module__root__V)
                  20001a0c    00000008     release_pem4f.oem4f (.data:ti_sysbios_knl_Semaphore_Module__root__V)
                  20001a14    00000008     release_pem4f.oem4f (.data:ti_sysbios_knl_Swi_Module__root__V)
                  20001a1c    00000008     release_pem4f.oem4f (.data:ti_sysbios_knl_Task_Module__root__V)
                  20001a24    00000008     release_pem4f.oem4f (.data:xdc_runtime_System_Module_State_0_atexitHandlers__A)
                  20001a2c    00000005     drivers_cc26x2.aem4f : GPIOCC26XX.oem4f (.data)
                  20001a31    00000001                          : PWM.oem4f (.data)
                  20001a32    00000002     release_pem4f.oem4f (.data:ti_sysbios_family_arm_m3_Hwi_Module_State_0_excActive__A)
                  20001a34    00000004     ti_drivers_config.obj (.data:gpioCallbackFunctions)
                  20001a38    00000004     ti_drivers_config.obj (.data:gpioPinConfigs)
                  20001a3c    00000004     drivers_cc26x2.aem4f : GPIOCC26XX.oem4f (.data:gpioPinTable)
                  20001a40    00000004     rtsv7M4_T_le_v4SPD16_eabi.lib : stkdepth_vars.c.obj (.data)
                  20001a44    00000004     release_pem4f.oem4f (.data:ti_sysbios_family_arm_m3_Hwi_Module_State_0_excContext__A)
                  20001a48    00000004     release_pem4f.oem4f (.data:ti_sysbios_family_arm_m3_Hwi_Module_State_0_excStack__A)
                  20001a4c    00000004     release_pem4f.oem4f (.data:ti_sysbios_knl_Task_Module_State_0_idleTask__A)
                  20001a50    00000001     drivers_cc26x2.aem4f : Timer.oem4f (.data)
                  20001a51    00000001                          : UART.oem4f (.data)

.bss       0    20001a58    00000765     UNINITIALIZED
                  20001a58    00000200     release_pem4f.oem4f (.bss:taskStackSection)
                  20001c58    0000012c     (.common:uartCC26XXObjects)
                  20001d84    000000e4     (.common:gptimerCC26XXObjects)
                  20001e68    000000d8     (.common:ti_sysbios_family_arm_m3_Hwi_dispatchTable)
                  20001f40    0000007c     (.common:pinHandleTable)
                  20001fbc    00000040     (.common:pwmTimerCC26XXObjects)
                  20001ffc    00000034     drivers_cc26x2.aem4f : PINCC26XX.oem4f (.bss:pinSwi)
                  20002030    00000034     (.common:timerCC26XXObjects)
                  20002064    00000024     (.common:uartParams)
                  20002088    00000020                          : GPIOCC26XX.oem4f (.bss:gpioCallbackInfo)
                  200020a8    00000020                          : PINCC26XX.oem4f (.bss:pinGpioConfigTable)
                  200020c8    00000020     ti_drivers_config.obj (.bss:uartCC26XXRingBuffer0)
                  200020e8    0000001c     driverlib.lib : osc.obj (.bss:$O1$$)
                  20002104    0000001c     drivers_cc26x2.aem4f : PINCC26XX.oem4f (.bss:pinHwi)
                  20002120    0000001c                          : PINCC26XX.oem4f (.bss:pinSemaphore)
                  2000213c    00000018     (.common:pwmParams)
                  20002154    0000000c                          : GPIOCC26XX.oem4f (.bss:gpioPinState)
                  20002160    0000000c                          : PWMTimerCC26XX.oem4f (.bss:pinState)
                  2000216c    0000000c     (.common:rxBuf)
                  20002178    0000000c     (.common:timerParams)
                  20002184    00000008                          : GPIOCC26XX.oem4f (.bss)
                  2000218c    00000004                          : PINCC26XX.oem4f (.bss)
                  20002190    00000004     (.common:ClockP_tickPeriod)
                  20002194    00000004     (.common:PowerCC26XX_swiKey)
                  20002198    00000004     (.common:PowerCC26XX_taskKey)
                  2000219c    00000004     (.common:currentDuty)
                  200021a0    00000004     (.common:dutyValue)
                  200021a4    00000004     (.common:expectedDuty)
                  200021a8    00000004     (.common:fadeTime)
                  200021ac    00000004     (.common:lightState)
                  200021b0    00000004     (.common:timerHandle)
                  200021b4    00000004     (.common:uartHandle)
                  200021b8    00000004     (.common:wantedRxBytes)
                  200021bc    00000001     (.common:driverlib_release_0_55938)

.stack     0    20013c00    00000400     UNINITIALIZED
                  20013c00    00000400     --HOLE--

.priheap   0    20000110    00001000     UNINITIALIZED
                  20000110    00001000     --HOLE--

.data:xdcRomConstPtr 
*          0    20000100    00000004     UNINITIALIZED
                  20000100    00000004     release_pem4f.oem4f (.data:xdcRomConstPtr)

.data:xdcRomExternFuncPtr 
*          0    20000104    00000004     UNINITIALIZED
                  20000104    00000004     release_pem4f.oem4f (.data:xdcRomExternFuncPtr)

.data:xdcRomStatePtr 
*          0    20000108    00000004     UNINITIALIZED
                  20000108    00000004     release_pem4f.oem4f (.data:xdcRomStatePtr)

.bootVecs 
*          0    00000000    00000008     DSECT
                  00000000    00000008     boot.aem4f : boot.oem4f (.bootVecs)

.resetVecs 
*          0    00000000    0000003c     
                  00000000    0000003c     release_pem4f.oem4f (.resetVecs)

.vecs      0    20000000    000000d8     NOLOAD SECTION
                  20000000    000000d8     release_pem4f.oem4f (.vecs)

xdc.meta   0    00000000    00000119     COPY SECTION
                  00000000    00000119     release_pem4f.oem4f (xdc.meta)

xdc.noload 
*          0    00000000    00000000     COPY SECTION

.text      0    0000003c    00005094     
                  0000003c    000001fc     pwmled2.obj (.text:mainThread)
                  00000238    000001c4     drivers_cc26x2.aem4f : PINCC26XX.oem4f (.text:PIN_init)
                  000003fc    000001b6     rtsv7M4_T_le_v4SPD16_eabi.lib : fd_add_t2.asm.obj (.text)
                  000005b2    00000002     drivers_cc26x2.aem4f : PWMTimerCC26XX.oem4f (.text:PWMTimerCC26XX_init)
                  000005b4    000001a8                          : PowerCC26X2.oem4f (.text:Power_sleep)
                  0000075c    00000190                          : PowerCC26X2_calibrateRCOSC.oem4f (.text:calibrateRcoscHf1)
                  000008ec    0000018c                          : PowerCC26X2.oem4f (.text:Power_init)
                  00000a78    0000018c                          : PowerCC26X2_calibrateRCOSC.oem4f (.text:runCalibrateFsm)
                  00000c04    00000188     release_pem4f.oem4f (.text:xdc_runtime_System_printfExtend__I)
                  00000d8c    0000017c     pwmled2.obj (.text:timerCallbackFunction)
                  00000f08    00000164     drivers_cc26x2.aem4f : UARTCC26XX.oem4f (.text:UARTCC26XX_open)
                  0000106c    00000154                          : UARTCC26XX.oem4f (.text:UARTCC26XX_hwiIntFxn)
                  000011c0    0000013a                          : UARTCC26XX.oem4f (.text:UARTCC26XX_read)
                  000012fa    00000002                          : TimerCC26XX.oem4f (.text:TimerCC26XX_init)
                  000012fc    00000110                          : GPIOCC26XX.oem4f (.text:GPIO_setConfig)
                  0000140c    00000100                          : PowerCC26X2.oem4f (.text:configureXOSCHF)
                  0000150c    000000fc     driverlib.lib : sys_ctrl.obj (.text:NOROM_SysCtrlStandby)
                  00001608    000000fc     rtsv7M4_T_le_v4SPD16_eabi.lib : fd_mul_t2.asm.obj (.text)
                  00001704    000000f8     drivers_cc26x2.aem4f : PINCC26XX.oem4f (.text:PINCC26XX_setIoCfg)
                  000017fc    000000ec     rom_sysbios.aem4f : rom_sysbios.obj (.text:pthread_create)
                  000018e8    000000e0     drivers_cc26x2.aem4f : UARTCC26XX.oem4f (.text:UARTCC26XX_write)
                  000019c8    000000dc                          : PWMTimerCC26XX.oem4f (.text:PWMTimerCC26XX_open)
                  00001aa4    000000dc                          : TimerCC26XX.oem4f (.text:TimerCC26XX_open)
                  00001b80    000000c8                          : PowerCC26X2.oem4f (.text:Power_releaseDependency)
                  00001c48    000000c4                          : GPIOCC26XX.oem4f (.text:GPIO_init)
                  00001d0c    000000c4                          : PowerCC26X2.oem4f (.text:Power_setDependency)
                  00001dd0    000000c0                          : UARTCC26XX.oem4f (.text:UARTCC26XX_initIO)
                  00001e90    000000b8                          : UARTCC26XX.oem4f (.text:UARTCC26XX_initHw)
                  00001f48    000000b4     dpl_cc26x2.aem4f : PowerCC26X2_tirtos.oem4f (.text:PowerCC26XX_standbyPolicy)
                  00001ffc    000000ac     drivers_cc26x2.aem4f : PINCC26XX.oem4f (.text:PIN_open)
                  000020a8    000000ac     driverlib.lib : setup.obj (.text:TrimAfterColdResetWakeupFromShutDown)
                  00002154    000000a0     auto_init.aem4f : auto_init.oem4f (.text)
                  000021f4    000000a0     rom_sysbios.aem4f : rom_sysbios.obj (.text:ti_sysbios_knl_Task_setPri__E)
                  00002294    0000009c     drivers_cc26x2.aem4f : PWMTimerCC26XX.oem4f (.text:PWMTimerCC26XX_setDutyAndPeriod)
                  00002330    0000009c     rtsv7M4_T_le_v4SPD16_eabi.lib : memcpy_t2.asm.obj (.text)
                  000023cc    00000098     driverlib.lib : setup.obj (.text:NOROM_SetupTrimDevice)
                  00002464    00000098     drivers_cc26x2.aem4f : UARTCC26XX.oem4f (.text:writeTxFifoFlush)
                  000024fc    00000096     rtsv7M4_T_le_v4SPD16_eabi.lib : ull_div_t2.asm.obj (.text)
                  00002592    00000092     drivers_cc26x2.aem4f : UARTCC26XX.oem4f (.text:UARTCC26XX_writeCancel)
                  00002624    00000088                          : GPTimerCC26XX.oem4f (.text:GPTimerCC26XX_open)
                  000026ac    00000088     driverlib.lib : osc.obj (.text:NOROM_OSCHF_AttemptToSwitchToXosc)
                  00002734    00000088     rom_sysbios.aem4f : rom_sysbios.obj (.text:_pthread_removeThreadKeys)
                  000027bc    00000088     drivers_cc26x2.aem4f : PowerCC26X2_calibrateRCOSC.oem4f (.text:calibrateRcoscHf2)
                  00002844    00000088                          : PowerCC26X2.oem4f (.text:disableLFClockQualifiers)
                  000028cc    00000088                          : PowerCC26X2_calibrateRCOSC.oem4f (.text:updateSubSecInc)
                  00002954    00000086     rtsv7M4_T_le_v4SPD16_eabi.lib : fd_cmp_t2.asm.obj (.text:__aeabi_cdcmple)
                  000029da    00000086                                   : fd_cmp_t2.asm.obj (.text:__aeabi_cdrcmple)
                  00002a60    00000084     CC26X2R1_LAUNCHXL_fxns.obj (.text:CC26X2R1_LAUNCHXL_sendExtFlashByte)
                  00002ae4    00000084     drivers_cc26x2.aem4f : UARTCC26XX.oem4f (.text:UARTCC26XX_close)
                  00002b68    00000084     rom_sysbios.aem4f : rom_sysbios.obj (.text:ti_sysbios_family_arm_m3_Hwi_excHandlerMin__I)
                  00002bec    00000080     pwmled2.obj (.text:readCallback)
                  00002c6c    00000080     rom_sysbios.aem4f : rom_sysbios.obj (.text:ti_sysbios_family_arm_cc26xx_Timer_start__E)
                  00002cec    0000007a     rtsv7M4_T_le_v4SPD16_eabi.lib : memset_t2.asm.obj (.text)
                  00002d66    00000002                                   : _lock.c.obj (.text:_nop)
                  00002d68    00000074     drivers_cc26x2.aem4f : GPTimerCC26XX.oem4f (.text:GPTimerCC26XX_resetHw)
                  00002ddc    00000074                          : PowerCC26X2_calibrateRCOSC.oem4f (.text:PowerCC26X2_auxISR)
                  00002e50    00000070                          : PINCC26XX.oem4f (.text:PIN_add)
                  00002ec0    0000006d     rom_sysbios.aem4f : rom_sysbios.obj (.text:xdc_runtime_System_formatNum__I)
                  00002f2d    00000001     --HOLE-- [fill = 0]
                  00002f2e    00000002     drivers_cc26x2.aem4f : PowerCC26X2.oem4f (.text:emptyClockFunc)
                  00002f30    00000068     driverlib.lib : osc.obj (.text:NOROM_OSCHF_SwitchToRcOscTurnOffXosc)
                  00002f98    00000068                   : sys_ctrl.obj (.text:NOROM_SysCtrlSetRechargeBeforePowerDown)
                  00003000    00000068     rtsv7M4_T_le_v4SPD16_eabi.lib : copy_decompress_lzss.c.obj (.text:decompress:lzss:__TI_decompress_lzss)
                  00003068    00000064     drivers_cc26x2.aem4f : UARTCC26XX.oem4f (.text:UARTCC26XX_control)
                  000030cc    00000064     main_tirtos.obj (.text:main)
                  00003130    00000062     drivers_cc26x2.aem4f : UARTCC26XX.oem4f (.text:UARTCC26XX_swiIntFxn)
                  00003192    00000002     rtsv7M4_T_le_v4SPD16_eabi.lib : div0.asm.obj (.text)
                  00003194    0000005c     drivers_cc26x2.aem4f : PINCC26XX.oem4f (.text:PIN_remove)
                  000031f0    0000005c                          : PWMTimerCC26XX.oem4f (.text:PWMTimerCC26XX_setPeriod)
                  0000324c    0000005c                          : TimerCC26XX.oem4f (.text:TimerCC26XX_setPeriod)
                  000032a8    0000005c     rom_sysbios.aem4f : rom_sysbios.obj (.text:ti_sysbios_heaps_HeapMem_initPrimary__I)
                  00003304    0000005c     release_pem4f.oem4f (.text:xdc_runtime_Startup_getState__I)
                  00003360    00000058     drivers_cc26x2.aem4f : GPTimerCC26XX.oem4f (.text:GPTimerCC26XX_stop)
                  000033b8    00000058                          : PowerCC26X2_calibrateRCOSC.oem4f (.text:PowerCC26X2_initiateCalibration)
                  00003410    00000058     boot.aem4f : boot.oem4f (.text)
                  00003468    00000058     rom_sysbios.aem4f : rom_sysbios.obj (.text:pthread_exit)
                  000034c0    00000054     driverlib.lib : chipinfo.obj (.text:NOROM_ChipInfo_GetChipType)
                  00003514    00000050     dpl_cc26x2.aem4f : ClockP_tirtos.oem4f (.text:ClockP_construct)
                  00003564    00000050     drivers_cc26x2.aem4f : GPIOCC26XX.oem4f (.text:GPIO_enableInt)
                  000035b4    00000050                          : GPTimerCC26XX.oem4f (.text:GPTimerCC26XX_registerInterrupt)
                  00003604    00000050                          : PWMTimerCC26XX.oem4f (.text:PWMTimerCC26XX_getdutyCounts)
                  00003654    0000004c     CC26X2R1_LAUNCHXL_fxns.obj (.text:CC26X2R1_LAUNCHXL_wakeUpExtFlash)
                  000036a0    0000004c     drivers_cc26x2.aem4f : GPTimerCC26XX.oem4f (.text:GPTimerCC26XX_initHw)
                  000036ec    0000004c                          : GPTimerCC26XX.oem4f (.text:GPTimerCC26XX_start)
                  00003738    0000004c                          : UARTCC26XX.oem4f (.text:UARTCC26XX_readCancel)
                  00003784    0000004c     rtsv7M4_T_le_v4SPD16_eabi.lib : cpy_tbl.c.obj (.text:copy_in)
                  000037d0    0000004c     drivers_cc26x2.aem4f : UARTCC26XX.oem4f (.text:startTxFifoEmptyClk)
                  0000381c    0000004c                          : PowerCC26X2.oem4f (.text:switchXOSCHF)
                  00003868    00000048                          : GPTimerCC26XX.oem4f (.text:GPTimerCC26XXHwiFxn)
                  000038b0    00000048                          : PINCC26XX.oem4f (.text:PIN_setOutputEnable)
                  000038f8    00000048                          : PWMTimerCC26XX.oem4f (.text:PWMTimerCC26XX_setDuty)
                  00003940    00000048                          : PowerCC26X2_calibrateRCOSC.oem4f (.text:PowerCC26X2_RCOSC_clockFunc)
                  00003988    00000048     rtsv7M4_T_le_v4SPD16_eabi.lib : fd_toi_t2.asm.obj (.text)
                  000039d0    00000048     drivers_cc26x2.aem4f : UARTCC26XX.oem4f (.text:writeFinishedDoCallback)
                  00003a18    00000046                          : RingBuf.oem4f (.text:RingBuf_put)
                  00003a5e    00000002     release_pem4f.oem4f (.text:ti_sysbios_BIOS_nullFunc__I)
                  00003a60    00000044     driverlib.lib : chipinfo.obj (.text:NOROM_ChipInfo_GetHwRevision)
                  00003aa4    00000044     drivers_cc26x2.aem4f : PINCC26XX.oem4f (.text:PIN_swi)
                  00003ae8    00000044                          : PWM.oem4f (.text:PWM_init)
                  00003b2c    00000044                          : TimerCC26XX.oem4f (.text:TimerCC26XX_start)
                  00003b70    00000044                          : Timer.oem4f (.text:Timer_init)
                  00003bb4    00000044                          : UART.oem4f (.text:UART_init)
                  00003bf8    00000044     rtsv7M4_T_le_v4SPD16_eabi.lib : fd_tou_t2.asm.obj (.text)
                  00003c3c    00000040     CC26X2R1_LAUNCHXL_fxns.obj (.text:CC26X2R1_LAUNCHXL_shutDownExtFlash)
                  00003c7c    00000040     drivers_cc26x2.aem4f : PWM.oem4f (.text:PWM_open)
                  00003cbc    00000040                          : RingBuf.oem4f (.text:RingBuf_get)
                  00003cfc    00000040                          : Timer.oem4f (.text:Timer_open)
                  00003d3c    00000040                          : UART.oem4f (.text:UART_open)
                  00003d7c    00000040     rtsv7M4_T_le_v4SPD16_eabi.lib : u_divt2.asm.obj (.text)
                  00003dbc    00000040     rom_sysbios.aem4f : rom_sysbios.obj (.text:ti_sysbios_family_arm_cc26xx_Timer_setThreshold__I)
                  00003dfc    0000003e     dpl_cc26x2.aem4f : HwiP_tirtos.oem4f (.text:HwiP_construct)
                  00003e3a    00000002     rom_sysbios.aem4f : rom_sysbios.obj (.text:xdc_runtime_SysCallback_defaultAbort)
                  00003e3c    0000003c     drivers_cc26x2.aem4f : GPTimerCC26XX.oem4f (.text:GPTimerCC26XX_unregisterInterrupt)
                  00003e78    0000003c                          : PINCC26XX.oem4f (.text:PIN_setInterrupt)
                  00003eb4    0000003c                          : PINCC26XX.oem4f (.text:PIN_setOutputValue)
                  00003ef0    0000003c     dpl_cc26x2.aem4f : SwiP_tirtos.oem4f (.text:SwiP_construct)
                  00003f2c    0000003c     rom_sysbios.aem4f : rom_sysbios.obj (.text:ti_sysbios_family_arm_m3_Hwi_construct2__E)
                  00003f68    00000038     driverlib.lib : osc.obj (.text:NOROM_OSC_HPOSCRelativeFrequencyOffsetGet)
                  00003fa0    00000038     drivers_cc26x2.aem4f : PINCC26XX.oem4f (.text:PIN_setConfig)
                  00003fd8    00000038                          : PowerCC26X2.oem4f (.text:notify)
                  00004010    00000038                          : UARTCC26XX.oem4f (.text:readData)
                  00004048    00000038     rtsv7M4_T_le_v4SPD16_eabi.lib : fs_tod_t2.asm.obj (.text)
                  00004080    00000038     drivers_cc26x2.aem4f : UARTCC26XX.oem4f (.text:writeData)
                  000040b8    00000036                          : TimerCC26XX.oem4f (.text:TimerCC26XX_stop)
                  000040ee    00000036     rom_sysbios.aem4f : rom_sysbios.obj (.text:ti_sysbios_family_arm_cc26xx_Timer_setNextTick__E)
                  00004124    00000034     drivers_cc26x2.aem4f : GPTimerCC26XX.oem4f (.text:GPTimerCC26XXSetLoadMatch)
                  00004158    00000034                          : GPTimerCC26XX.oem4f (.text:GPTimerCC26XX_configureDebugStall)
                  0000418c    00000034     driverlib.lib : aux_sysif.obj (.text:NOROM_AUXSYSIFOpModeChange)
                  000041c0    00000034                   : sys_ctrl.obj (.text:NOROM_SysCtrlIdle)
                  000041f4    00000034     drivers_cc26x2.aem4f : PWMTimerCC26XX.oem4f (.text:PWMTimerCC26XX_getperiodCounts)
                  00004228    00000034                          : UARTCC26XX.oem4f (.text:readData2RingBuf)
                  0000425c    00000030                          : GPIOCC26XX.oem4f (.text:GPIO_hwiIntFxn)
                  0000428c    00000030                          : GPIOCC26XX.oem4f (.text:GPIO_setCallback)
                  000042bc    00000030                          : GPTimerCC26XX.oem4f (.text:GPTimerCC26XX_close)
                  000042ec    00000030                          : PINCC26XX.oem4f (.text:PINCC26XX_setMux)
                  0000431c    00000030                          : PWMTimerCC26XX.oem4f (.text:PWMTimerCC26XX_start)
                  0000434c    00000030                          : PowerCC26X2.oem4f (.text:Power_releaseConstraint)
                  0000437c    00000030                          : PowerCC26X2.oem4f (.text:Power_setConstraint)
                  000043ac    00000030     pwmled2.obj (.text:gpioButtonFxn0)
                  000043dc    00000030     release_pem4f.oem4f (.text:ti_sysbios_BIOS_atExitFunc__I)
                  0000440c    00000030     release_pem4f.oem4f (.text:ti_sysbios_BIOS_startFunc__I)
                  0000443c    00000030     rom_sysbios.aem4f : rom_sysbios.obj (.text:ti_sysbios_family_arm_cc26xx_Timer_getCurrentTick__E)
                  0000446c    00000030                       : rom_sysbios.obj (.text:ti_sysbios_family_arm_cc26xx_Timer_initDevice__I)
                  0000449c    0000002e     rtsv7M4_T_le_v4SPD16_eabi.lib : i_tofd_t2.asm.obj (.text)
                  000044ca    00000002     rom_sysbios.aem4f : rom_sysbios.obj (.text:xdc_runtime_SysCallback_defaultExit)
                  000044cc    0000002c     drivers_cc26x2.aem4f : GPTimerCC26XX.oem4f (.text:GPTimerCC26XX_getTimerValue)
                  000044f8    0000002c                          : PWMTimerCC26XX.oem4f (.text:PWMTimerCC26XX_close)
                  00004524    0000002c                          : PWMTimerCC26XX.oem4f (.text:PWMTimerCC26XX_stop)
                  00004550    0000002c     dpl_cc26x2.aem4f : SemaphoreP_tirtos.oem4f (.text:SemaphoreP_constructBinary)
                  0000457c    0000002c                      : SemaphoreP_tirtos.oem4f (.text:SemaphoreP_createBinary)
                  000045a8    0000002c     rom_sysbios.aem4f : rom_sysbios.obj (.text:_pthread_delete$45)
                  000045d4    0000002c                       : rom_sysbios.obj (.text:pthread_setcancelstate)
                  00004600    0000002c                       : rom_sysbios.obj (.text:ti_sysbios_knl_Clock_getTicksUntilInterrupt__E)
                  0000462c    0000002a     drivers_cc26x2.aem4f : TimerCC26XX.oem4f (.text:TimerCC26XX_callbackfxn)
                  00004656    0000002a     pwmled2.obj (.text:map)
                  00004680    00000028     driverlib.lib : osc.obj (.text:NOROM_OSCHF_TurnOnXosc)
                  000046a8    00000028     drivers_cc26x2.aem4f : PowerCC26X2.oem4f (.text:Power_registerNotify)
                  000046d0    00000028                          : TimerCC26XX.oem4f (.text:TimerCC26XX_close)
                  000046f8    00000028     pwmled2.obj (.text:configSmoothDimTime)
                  00004720    00000028     drivers_cc26x2.aem4f : PowerCC26X2.oem4f (.text:oscillatorISR)
                  00004748    00000026                          : GPTimerCC26XX.oem4f (.text:GPTimerCC26XXLookupMask)
                  0000476e    00000026                          : List.oem4f (.text:List_put)
                  00004794    00000026                          : List.oem4f (.text:List_remove)
                  000047ba    00000002     rom_sysbios.aem4f : rom_sysbios.obj (.text:xdc_runtime_SysCallback_defaultFlush)
                  000047bc    00000024     drivers_cc26x2.aem4f : GPTimerCC26XX.oem4f (.text:GPTimerCC26XX_enableInterrupt)
                  000047e0    00000024     rom_sysbios.aem4f : rom_sysbios.obj (.text:_pthread_cleanupFxn)
                  00004804    00000024     drivers_cc26x2.aem4f : PowerCC26X2_calibrateRCOSC.oem4f (.text:getTdcSemaphore)
                  00004828    00000024     rom_sysbios.aem4f : rom_sysbios.obj (.text:pthread_attr_init)
                  0000484c    00000024     release_pem4f.oem4f (.text:ti_sysbios_BIOS_registerRTSLock__I)
                  00004870    00000024     release_pem4f.oem4f (.text:ti_sysbios_BIOS_removeRTSLock__I)
                  00004894    00000024     rom_sysbios.aem4f : rom_sysbios.obj (.text:ti_sysbios_family_arm_cc26xx_Timer_getMaxTicks__E)
                  000048b8    00000022     drivers_cc26x2.aem4f : GPTimerCC26XX.oem4f (.text:GPTimerCC26XXReverseLookupMask)
                  000048da    00000002     rom_sysbios.aem4f : rom_sysbios.obj (.text:xdc_runtime_SysCallback_defaultPutch)
                  000048dc    00000020     drivers_cc26x2.aem4f : PINCC26XX.oem4f (.text:PINCC26XX_setIoCfgMux)
                  000048fc    00000020                          : PowerCC26X2.oem4f (.text:Power_unregisterNotify)
                  0000491c    00000020                          : UARTCC26XX.oem4f (.text:threadSafeStdbyDisRelease)
                  0000493c    00000020                          : UARTCC26XX.oem4f (.text:threadSafeStdbyDisSet)
                  0000495c    00000020     release_pem4f.oem4f (.text:ti_sysbios_BIOS_rtsLock__I)
                  0000497c    00000020     rom_sysbios.aem4f : rom_sysbios.obj (.text:ti_sysbios_family_arm_cc26xx_Timer_dynamicStub__E)
                  0000499c    00000020                       : rom_sysbios.obj (.text:xdc_runtime_Error_policyMin__E)
                  000049bc    0000001e     drivers_cc26x2.aem4f : PINCC26XX.oem4f (.text:PIN_close)
                  000049da    0000001e                          : PowerCC26X2.oem4f (.text:Power_getTransitionLatency)
                  000049f8    0000001c     ti_drivers_config.obj (.text:Board_init)
                  00004a14    0000001c     driverlib.lib : chipinfo.obj (.text:NOROM_ChipInfo_GetChipFamily)
                  00004a30    0000001c     drivers_cc26x2.aem4f : PINCC26XX.oem4f (.text:PIN_hwi)
                  00004a4c    0000001c     dpl_cc26x2.aem4f : PowerCC26X2_tirtos.oem4f (.text:PowerCC26XX_schedulerDisable)
                  00004a68    0000001c                      : PowerCC26X2_tirtos.oem4f (.text:PowerCC26XX_schedulerRestore)
                  00004a84    0000001c     rom_sysbios.aem4f : rom_sysbios.obj (.text:ti_sysbios_knl_Swi_construct2__E)
                  00004aa0    0000001c     release_pem4f.oem4f (.text:xdc_runtime_Startup_exec__I)
                  00004abc    0000001a     drivers_cc26x2.aem4f : PWMTimerCC26XX.oem4f (.text:PWMTimerCC26XX_control)
                  00004ad6    0000001a                          : PowerCC26X2.oem4f (.text:PowerCC26XX_calibrate)
                  00004af0    00000018     driverlib.lib : chipinfo.obj (.text:NOROM_ChipInfo_GetPackageType)
                  00004b08    00000018     drivers_cc26x2.aem4f : PowerCC26X2.oem4f (.text:Power_idleFunc)
                  00004b20    00000018                          : UART.oem4f (.text:UART_Params_init)
                  00004b38    00000018     rtsv7M4_T_le_v4SPD16_eabi.lib : args_main.c.obj (.text:_args_main)
                  00004b50    00000018     pwmled2.obj (.text:expectedDutyCalculator)
                  00004b68    00000018     rtsv7M4_T_le_v4SPD16_eabi.lib : ll_mul_t2.asm.obj (.text)
                  00004b80    00000018     release_pem4f.oem4f (.text:ti_sysbios_BIOS_rtsUnlock__I)
                  00004b98    00000018     rom_sysbios.aem4f : rom_sysbios.obj (.text:ti_sysbios_knl_Swi_or__E)
                  00004bb0    00000018     pwmled2.obj (.text:writeCallback)
                  00004bc8    00000018     rom_sysbios.aem4f : rom_sysbios.obj (.text:xdc_runtime_Error_init__E)
                  00004be0    00000016     driverlib.lib : chipinfo.obj (.text:NOROM_ThisLibraryIsFor_CC13x2_CC26x2_HwRev20AndLater_HaltIfViolated)
                  00004bf6    00000016     rom_sysbios.aem4f : rom_sysbios.obj (.text:_pthread_cleanup_pop)
                  00004c0c    00000016     release_pem4f.oem4f (.text:ti_sysbios_BIOS_exitFunc__I)
                  00004c22    00000002     --HOLE-- [fill = 0]
                  00004c24    00000014     drivers_cc26x2.aem4f : PWM.oem4f (.text:PWM_Params_init)
                  00004c38    00000014                          : PowerCC26X2_calibrateRCOSC.oem4f (.text:PowerCC26X2_calibrate)
                  00004c4c    00000014     rom_sysbios.aem4f : rom_sysbios.obj (.text:pthread_attr_setschedparam)
                  00004c60    00000014     drivers_cc26x2.aem4f : PowerCC26X2.oem4f (.text:switchToTCXO)
                  00004c74    00000014     rom_sysbios.aem4f : rom_sysbios.obj (.text:ti_sysbios_family_arm_cc26xx_Timer_getCount64__E)
                  00004c88    00000014     release_pem4f.oem4f (.text:ti_sysbios_knl_Clock_doTick__I)
                  00004c9c    00000012     drivers_cc26x2.aem4f : GPTimerCC26XX.oem4f (.text:GPTimerCC26XX_Params_init)
                  00004cae    00000012                          : RingBuf.oem4f (.text:RingBuf_construct)
                  00004cc0    00000012     dpl_cc26x2.aem4f : SemaphoreP_tirtos.oem4f (.text:SemaphoreP_pend)
                  00004cd2    00000012     rom_sysbios.aem4f : rom_sysbios.obj (.text:_pthread_runStub$45)
                  00004ce4    00000010     dpl_cc26x2.aem4f : HwiP_tirtos.oem4f (.text:HwiP_Params_init)
                  00004cf4    00000010     drivers_cc26x2.aem4f : PINCC26XX.oem4f (.text:PINCC26XX_getPinCount)
                  00004d04    00000010     dpl_cc26x2.aem4f : SwiP_tirtos.oem4f (.text:SwiP_Params_init)
                  00004d14    00000010     drivers_cc26x2.aem4f : Timer.oem4f (.text:Timer_Params_init)
                  00004d24    00000010                          : UARTCC26XX.oem4f (.text:uartPostNotify)
                  00004d34    0000000e     rtsv7M4_T_le_v4SPD16_eabi.lib : copy_decompress_none.c.obj (.text:decompress:none:__TI_decompress_none)
                  00004d42    0000000e     rom_sysbios.aem4f : rom_sysbios.obj (.text:pthread_attr_setdetachstate)
                  00004d50    0000000e                       : rom_sysbios.obj (.text:ti_sysbios_family_arm_cc26xx_TimestampProvider_get32__E)
                  00004d5e    0000000c     driverlib.lib : cpu.obj (.text:NOROM_CPUcpsid)
                  00004d6a    0000000c                   : cpu.obj (.text:NOROM_CPUcpsie)
                  00004d76    0000000c     drivers_cc26x2.aem4f : PINCC26XX.oem4f (.text:PIN_registerIntCb)
                  00004d82    00000002     --HOLE-- [fill = 0]
                  00004d84    0000000c                          : PowerCC26X2.oem4f (.text:Power_getConstraintMask)
                  00004d90    0000000c                          : PowerCC26X2.oem4f (.text:Power_getDependencyCount)
                  00004d9c    0000000c     dpl_cc26x2.aem4f : SemaphoreP_tirtos.oem4f (.text:SemaphoreP_delete)
                  00004da8    0000000c     rtsv7M4_T_le_v4SPD16_eabi.lib : _lock.c.obj (.text:_register_lock)
                  00004db4    0000000c                                   : _lock.c.obj (.text:_register_unlock)
                  00004dc0    0000000c                                   : copy_zero_init.c.obj (.text:decompress:ZI:__TI_zero_init)
                  00004dcc    0000000c     rom_sysbios.aem4f : rom_sysbios.obj (.text:pthread_self)
                  00004dd8    0000000c                       : rom_sysbios.obj (.text:ti_sysbios_knl_Queue_insert__E)
                  00004de4    0000000c                       : rom_sysbios.obj (.text:ti_sysbios_knl_Swi_getTrigger__E)
                  00004df0    0000000a     dpl_cc26x2.aem4f : ClockP_tirtos.oem4f (.text:ClockP_Params_init)
                  00004dfa    0000000a     drivers_cc26x2.aem4f : PWM.oem4f (.text:PWM_setDuty)
                  00004e04    0000000a                          : PWM.oem4f (.text:PWM_start)
                  00004e0e    0000000a                          : Timer.oem4f (.text:Timer_setPeriod)
                  00004e18    0000000a                          : Timer.oem4f (.text:Timer_start)
                  00004e22    0000000a                          : UART.oem4f (.text:UART_control)
                  00004e2c    0000000a                          : UART.oem4f (.text:UART_read)
                  00004e36    0000000a                          : UART.oem4f (.text:UART_write)
                  00004e40    00000008     CC26X2R1_LAUNCHXL_fxns.obj (.text:Board_initHook)
                  00004e48    00000008     drivers_cc26x2.aem4f : GPTimerCC26XX.oem4f (.text:GPTimerCC26XX_setLoadValue)
                  00004e50    00000008                          : GPTimerCC26XX.oem4f (.text:GPTimerCC26XX_setMatchValue)
                  00004e58    00000008                          : TimerCC26XX.oem4f (.text:TimerCC26XX_getCount)
                  00004e60    00000008                          : UARTCC26XX.oem4f (.text:UARTCC26XX_init)
                  00004e68    00000008                          : UARTCC26XX.oem4f (.text:readSemCallback)
                  00004e70    00000008                          : UARTCC26XX.oem4f (.text:writeSemCallback)
                  00004e78    00000008     release_pem4f.oem4f (.text:xdc_runtime_Text_visitRope__I)
                  00004e80    00000006     drivers_cc26x2.aem4f : GPTimerCC26XX.oem4f (.text:GPTimerCC26XX_getArg)
                  00004e86    00000006                          : GPTimerCC26XX.oem4f (.text:GPTimerCC26XX_getValue)
                  00004e8c    00000006                          : GPTimerCC26XX.oem4f (.text:GPTimerCC26XX_setArg)
                  00004e92    00000006     driverlib.lib : cpu.obj (.text:NOROM_CPUdelay)
                  00004e98    00000006     drivers_cc26x2.aem4f : TimerCC26XX.oem4f (.text:TimerCC26XX_control)
                  00004e9e    00000006                          : UARTCC26XX.oem4f (.text:UARTCC26XX_readPolling)
                  00004ea4    00000006                          : UARTCC26XX.oem4f (.text:UARTCC26XX_writePolling)
                  00004eaa    00000006     rom_sysbios.aem4f : rom_sysbios.obj (.text:pthread_attr_setstacksize)
                  00004eb0    00000004     dpl_cc26x2.aem4f : PowerCC26X2_tirtos.oem4f (.text:CPUwfi)
                  00004eb4    00000004                      : ClockP_tirtos.oem4f (.text:ClockP_destruct)
                  00004eb8    00000004                      : ClockP_tirtos.oem4f (.text:ClockP_getCpuFreq)
                  00004ebc    00000004                      : ClockP_tirtos.oem4f (.text:ClockP_setTimeout)
                  00004ec0    00000004                      : ClockP_tirtos.oem4f (.text:ClockP_start)
                  00004ec4    00000004                      : ClockP_tirtos.oem4f (.text:ClockP_stop)
                  00004ec8    00000004                      : HwiP_tirtos.oem4f (.text:HwiP_destruct)
                  00004ecc    00000004                      : HwiP_tirtos.oem4f (.text:HwiP_disable)
                  00004ed0    00000004                      : SemaphoreP_tirtos.oem4f (.text:SemaphoreP_destruct)
                  00004ed4    00000004                      : SemaphoreP_tirtos.oem4f (.text:SemaphoreP_post)
                  00004ed8    00000004                      : SwiP_tirtos.oem4f (.text:SwiP_destruct)
                  00004edc    00000004                      : SwiP_tirtos.oem4f (.text:SwiP_disable)
                  00004ee0    00000004                      : SwiP_tirtos.oem4f (.text:SwiP_getTrigger)
                  00004ee4    00000004                      : SwiP_tirtos.oem4f (.text:SwiP_or)
                  00004ee8    00000004     drivers_cc26x2.aem4f : PowerCC26X2.oem4f (.text:configureRFCoreClocks)
                  00004eec    00000004                          : PowerCC26X2.oem4f (.text:nopResourceHandler)
                  00004ef0    00000004     rom_sysbios.aem4f : rom_sysbios.obj (.text:ti_sysbios_knl_Task_getArg1__E)
                  00004ef4    00000004                       : rom_sysbios.obj (.text:ti_sysbios_knl_Task_getEnv__E)
                  00004ef8    00000004     release_pem4f.oem4f (.text:xdc_runtime_Startup_reset__I)
                  00004efc    00000004     rom_sysbios.aem4f : rom_sysbios.obj (.text:xdc_runtime_SysCallback_defaultReady)
                  00004f00    00000008     (.tramp.ti_sysbios_knl_Swi_destruct.1)
                  00004f08    00000008     (.tramp.ti_sysbios_family_arm_m3_Hwi_disableFxn__E.1)
                  00004f10    00000008     (.tramp.ti_sysbios_family_arm_m3_Hwi_destruct.1)
                  00004f18    00000008     (.tramp.ti_sysbios_BIOS_getCpuFreq__E.1)
                  00004f20    00000008     (.tramp.ti_sysbios_knl_Clock_destruct.1)
                  00004f28    00000008     (.tramp.ti_sysbios_knl_Task_self__E.1)
                  00004f30    00000008     (.tramp.ti_sysbios_knl_Semaphore_delete.1)
                  00004f38    00000008     (.tramp.ti_sysbios_knl_Clock_logTick__E.1)
                  00004f40    00000008     (.tramp.ti_sysbios_knl_Swi_post__E.1)
                  00004f48    00000008     (.tramp.ti_sysbios_BIOS_RtsGateProxy_leave__E.1)
                  00004f50    00000008     (.tramp.ti_sysbios_knl_Swi_construct.1)
                  00004f58    00000008     (.tramp.ti_sysbios_BIOS_RtsGateProxy_enter__E.1)
                  00004f60    00000008     (.tramp.ti_sysbios_knl_Clock_TimerProxy_getCurrentTick__E.1)
                  00004f68    00000008     (.tramp.ti_sysbios_knl_Task_delete.1)
                  00004f70    00000008     (.tramp.ti_sysbios_knl_Semaphore_destruct.1)
                  00004f78    00000008     (.tramp.ti_sysbios_knl_Semaphore_create.1)
                  00004f80    00000008     (.tramp.ti_sysbios_knl_Task_startup__E.1)
                  00004f88    00000008     (.tramp.ti_sysbios_knl_Swi_startup__E.1)
                  00004f90    00000008     (.tramp.ti_sysbios_hal_Hwi_startup__E.1)
                  00004f98    00000008     (.tramp.ti_sysbios_family_arm_cc26xx_Timer_startup__E.1)
                  00004fa0    00000008     (.tramp.xdc_runtime_System_atexit__E.1)
                  00004fa8    00000008     (.tramp.ti_sysbios_BIOS_linkedWithIncorrectBootLibrary__E.1)
                  00004fb0    00000008     (.tramp.xdc_runtime_Startup_rtsDone__E.1)
                  00004fb8    00000008     (.tramp.ti_sysbios_knl_Swi_disable__E.1)
                  00004fc0    00000008     (.tramp.ti_sysbios_family_arm_m3_Hwi_construct.1)
                  00004fc8    00000008     (.tramp.ti_sysbios_knl_Swi_Params__init__S.1)
                  00004fd0    00000008     (.tramp.ti_sysbios_family_arm_m3_Hwi_Params__init__S.1)
                  00004fd8    00000008     (.tramp.ti_sysbios_knl_Clock_construct.1)
                  00004fe0    00000008     (.tramp.ti_sysbios_knl_Clock_Params__init__S.1)
                  00004fe8    00000008     (.tramp.xdc_runtime_System_exit__E.1)
                  00004ff0    00000008     (.tramp.ti_sysbios_heaps_HeapMem_restore__E.1)
                  00004ff8    00000008     (.tramp.ti_sysbios_heaps_HeapMem_Object__get__S.1)
                  00005000    00000008     (.tramp.ti_sysbios_BIOS_start__E.1)
                  00005008    00000008     (.tramp.xdc_runtime_Error_raiseX__E.1)
                  00005010    00000008     (.tramp.ti_sysbios_BIOS_setThreadType__E.1)
                  00005018    00000008     (.tramp.ti_sysbios_family_arm_m3_Hwi_excFillContext__I.1)
                  00005020    00000008     (.tramp.ti_sysbios_knl_Semaphore_post__E.1)
                  00005028    00000008     (.tramp.xdc_runtime_Memory_free__E.1)
                  00005030    00000008     (.tramp.ti_sysbios_knl_Queue_next__E.1)
                  00005038    00000008     (.tramp.ti_sysbios_knl_Queue_head__E.1)
                  00005040    00000008     (.tramp.ti_sysbios_knl_Semaphore_pend__E.1)
                  00005048    00000008     (.tramp.ti_sysbios_knl_Task_restore__E.1)
                  00005050    00000008     (.tramp.ti_sysbios_knl_Queue_enqueue__E.1)
                  00005058    00000008     (.tramp.ti_sysbios_knl_Queue_empty__E.1)
                  00005060    00000008     (.tramp.ti_sysbios_knl_Queue_remove__E.1)
                  00005068    00000008     (.tramp.ti_sysbios_knl_Task_disable__E.1)
                  00005070    00000008     (.tramp.ti_sysbios_knl_Clock_stop__E.1)
                  00005078    00000008     (.tramp.ti_sysbios_knl_Clock_start__E.1)
                  00005080    00000008     (.tramp.ti_sysbios_knl_Clock_setTimeout__E.1)
                  00005088    00000008     (.tramp.ti_sysbios_knl_Task_create.1)
                  00005090    00000008     (.tramp.ti_sysbios_knl_Semaphore_construct.1)
                  00005098    00000008     (.tramp.ti_sysbios_knl_Semaphore_Params__init__S.1)
                  000050a0    00000008     (.tramp.ti_sysbios_knl_Queue_construct.1)
                  000050a8    00000008     (.tramp.xdc_runtime_Memory_alloc__E.1)
                  000050b0    00000008     (.tramp.ti_sysbios_knl_Task_Params__init__S.1)
                  000050b8    00000008     (.tramp.ti_sysbios_family_arm_m3_Hwi_restoreFxn__E.1)
                  000050c0    00000008     (.tramp.xdc_runtime_System_doPrint__I.1)
                  000050c8    00000008     (.tramp.ti_sysbios_knl_Swi_restore__E.1)

.const     0    000050d0    0000077c     
                  000050d0    000003b8     release_pem4f.oem4f (.const:ROM_constStruct)
                  00005488    00000054     drivers_cc26x2.aem4f : PowerCC26X2.oem4f (.const:resourceDB)
                  000054dc    00000048     release_pem4f.oem4f (.const:.string)
                  00005524    00000048     release_pem4f.oem4f (.const:ROM_externFuncPtrs)
                  0000556c    00000028     drivers_cc26x2.aem4f : UARTCC26XX.oem4f (.const:UARTCC26XX_fxnTable)
                  00005594    00000028     ti_drivers_config.obj (.const:uartCC26XXHWAttrs)
                  000055bc    00000024     ti_drivers_config.obj (.const:GPTimerCC26XX_config)
                  000055e0    00000024     drivers_cc26x2.aem4f : PWMTimerCC26XX.oem4f (.const:PWMTimerCC26XX_fxnTable)
                  00005604    00000024                          : UART.oem4f (.const:UART_defaultParams)
                  00005628    00000024     ti_drivers_config.obj (.const:gptimerCC26XXHWAttrs)
                  0000564c    00000024     release_pem4f.oem4f (.const:xdc_runtime_Startup_sfxnTab__A)
                  00005670    00000020     drivers_cc26x2.aem4f : TimerCC26XX.oem4f (.const:TimerCC26XX_fxnTable)
                  00005690    0000001c                          : GPTimerCC26XX.oem4f (.const:GPT_LUT)
                  000056ac    00000018     ti_drivers_config.obj (.const:BoardGpioInitTable)
                  000056c4    00000018     ti_drivers_config.obj (.const:PWM_config)
                  000056dc    00000018     drivers_cc26x2.aem4f : PWM.oem4f (.const:PWM_defaultParams)
                  000056f4    00000018                          : GPIOCC26XX.oem4f (.const:interruptType)
                  0000570c    00000014     CC26X2R1_LAUNCHXL_fxns.obj (.const:$P$T1$2)
                  00005720    00000014     ti_drivers_config.obj (.const:GPIOCC26XX_config)
                  00005734    00000014     ti_drivers_config.obj (.const:PowerCC26X2_config)
                  00005748    00000014     drivers_cc26x2.aem4f : UARTCC26XX.oem4f (.const:parityType)
                  0000575c    00000012     release_pem4f.oem4f (.const:xdc_runtime_Startup_sfxnRts__A)
                  0000576e    00000002     ti_drivers_config.obj (.const:timerCC26XXHWAttrs)
                  00005770    00000010     drivers_cc26x2.aem4f : UARTCC26XX.oem4f (.const:dataLength)
                  00005780    00000010                          : GPIOCC26XX.oem4f (.const:outPinTypes)
                  00005790    0000000c     ti_drivers_config.obj (.const:Timer_config)
                  0000579c    0000000c     ti_drivers_config.obj (.const:UART_config)
                  000057a8    0000000c     drivers_cc26x2.aem4f : Timer.oem4f (.const:defaultParams)
                  000057b4    0000000c                          : GPIOCC26XX.oem4f (.const:inPinTypes)
                  000057c0    0000000c                          : GPIOCC26XX.oem4f (.const:outPinStrengths)
                  000057cc    0000000c     release_pem4f.oem4f (.const:xdc_runtime_Startup_firstFxns__A)
                  000057d8    00000008     driverlib.lib : aux_sysif.obj (.const:$O1$$)
                  000057e0    00000008     CC26X2R1_LAUNCHXL_fxns.obj (.const:$P$T0$1)
                  000057e8    00000008     drivers_cc26x2.aem4f : GPTimerCC26XX.oem4f (.const:GPT_DefaultParams)
                  000057f0    00000008     ti_drivers_config.obj (.const:PINCC26XX_hwAttrs)
                  000057f8    00000008     drivers_cc26x2.aem4f : UARTCC26XX.oem4f (.const:stopBits)
                  00005800    00000008     release_pem4f.oem4f (.const:ti_sysbios_family_arm_m3_Hwi_excHookFuncs__A)
                  00005808    00000008     release_pem4f.oem4f (.const:ti_sysbios_knl_Idle_funcList__A)
                  00005810    00000006     drivers_cc26x2.aem4f : UARTCC26XX.oem4f (.const:.string:rxFifoBytes)
                  00005816    00000006                          : UARTCC26XX.oem4f (.const:.string:rxFifoThreshold)
                  0000581c    00000006                          : UARTCC26XX.oem4f (.const:.string:txFifoBytes)
                  00005822    00000006                          : UARTCC26XX.oem4f (.const:.string:txFifoThreshold)
                  00005828    00000005     ti_drivers_config.obj (.const)
                  0000582d    00000004     pwmled2.obj (.const:.string:$P$T0$1)
                  00005831    00000004     ti_drivers_config.obj (.const:pwmTimerCC26XXHWAttrs)
                  00005835    00000001     release_pem4f.oem4f (.const:xdc_runtime_Text_charTab__A)
                  00005836    00000002     --HOLE-- [fill = 0]
                  00005838    00000004     release_pem4f.oem4f (.const:ti_sysbios_family_arm_m3_Hwi_E_exception__C)
                  0000583c    00000004     release_pem4f.oem4f (.const:ti_sysbios_heaps_HeapMem_primaryHeapBaseAddr__C)
                  00005840    00000004     release_pem4f.oem4f (.const:ti_sysbios_heaps_HeapMem_primaryHeapEndAddr__C)
                  00005844    00000004     release_pem4f.oem4f (.const:ti_sysbios_knl_Clock_tickPeriod__C)
                  00005848    00000004     release_pem4f.oem4f (.const:ti_sysbios_knl_Task_Object__heap__C)

MODULE SUMMARY

       Module                             code    ro data   rw data
       ------                             ----    -------   -------
    .\
       pwmled2.obj                        1194    4         1160   
       CC26X2R1_LAUNCHXL_fxns.obj         280     28        0      
       main_tirtos.obj                    100     0         0      
    +--+----------------------------------+-------+---------+---------+
       Total:                             1574    32        1160   
                                                                   
    .\syscfg\
       ti_drivers_config.obj              28      243       684    
       ti_devices_config.obj              0       88        0      
    +--+----------------------------------+-------+---------+---------+
       Total:                             28      331       684    
                                                                   
    D:\VB_Shared\Zigbee_CC2652_Resources\workspace_v9\tirtos_builds_CC26X2R1_LAUNCHXL_release_ccs\Debug\configPkg\package\cfg\
       release_pem4f.oem4f                792     1259      1830   
    +--+----------------------------------+-------+---------+---------+
       Total:                             792     1259      1830   
                                                                   
    C:/ti/simplelink_cc13x2_26x2_sdk_3_40_00_02/kernel/tirtos/packages/ti/dpl/lib/dpl_cc26x2.aem4f
       PowerCC26X2_tirtos.oem4f           240     0         8      
       SemaphoreP_tirtos.oem4f            126     0         0      
       ClockP_tirtos.oem4f                110     0         4      
       SwiP_tirtos.oem4f                  92      0         0      
       HwiP_tirtos.oem4f                  86      0         0      
    +--+----------------------------------+-------+---------+---------+
       Total:                             654     0         12     
                                                                   
    C:/ti/simplelink_cc13x2_26x2_sdk_3_40_00_02/source/ti/devices/cc13x2_cc26x2/driverlib/bin/ccs/driverlib.lib
       sys_ctrl.obj                       408     0         0      
       osc.obj                            336     0         28     
       setup.obj                          324     0         0      
       chipinfo.obj                       226     0         0      
       aux_sysif.obj                      52      8         0      
       cpu.obj                            30      0         0      
       driverlib_release.obj              0       0         1      
    +--+----------------------------------+-------+---------+---------+
       Total:                             1376    8         29     
                                                                   
    C:/ti/simplelink_cc13x2_26x2_sdk_3_40_00_02/source/ti/drivers/lib/drivers_cc26x2.aem4f
       UARTCC26XX.oem4f                   2742    108       0      
       PowerCC26X2.oem4f                  2082    84        272    
       PINCC26XX.oem4f                    1558    0         276    
       PowerCC26X2_calibrateRCOSC.oem4f   1400    0         0      
       GPTimerCC26XX.oem4f                1060    36        0      
       PWMTimerCC26XX.oem4f               836     36        16     
       GPIOCC26XX.oem4f                   644     64        61     
       TimerCC26XX.oem4f                  532     32        0      
       UART.oem4f                         186     36        1      
       PWM.oem4f                          172     24        1      
       Timer.oem4f                        168     12        1      
       RingBuf.oem4f                      152     0         0      
       List.oem4f                         76      0         0      
    +--+----------------------------------+-------+---------+---------+
       Total:                             11608   432       628    
                                                                   
    C:\ti\ccs930\ccs\tools\compiler\ti-cgt-arm_18.12.4.LTS\lib\rtsv7M4_T_le_v4SPD16_eabi.lib
       fd_add_t2.asm.obj                  438     0         0      
       fd_cmp_t2.asm.obj                  268     0         0      
       fd_mul_t2.asm.obj                  252     0         0      
       memcpy_t2.asm.obj                  156     0         0      
       ull_div_t2.asm.obj                 150     0         0      
       memset_t2.asm.obj                  122     0         0      
       copy_decompress_lzss.c.obj         104     0         0      
       cpy_tbl.c.obj                      76      0         0      
       fd_toi_t2.asm.obj                  72      0         0      
       fd_tou_t2.asm.obj                  68      0         0      
       u_divt2.asm.obj                    64      0         0      
       fs_tod_t2.asm.obj                  56      0         0      
       i_tofd_t2.asm.obj                  46      0         0      
       _lock.c.obj                        26      0         8      
       args_main.c.obj                    24      0         0      
       ll_mul_t2.asm.obj                  24      0         0      
       copy_decompress_none.c.obj         14      0         0      
       copy_zero_init.c.obj               12      0         0      
       stkdepth_vars.c.obj                0       0         4      
       div0.asm.obj                       2       0         0      
    +--+----------------------------------+-------+---------+---------+
       Total:                             1974    0         12     
                                                                   
    C:\ti\simplelink_cc13x2_26x2_sdk_3_40_00_02\kernel\tirtos\packages\ti\targets\arm\rtsarm\lib\auto_init.aem4f
       auto_init.oem4f                    160     0         0      
    +--+----------------------------------+-------+---------+---------+
       Total:                             160     0         0      
                                                                   
    C:\ti\simplelink_cc13x2_26x2_sdk_3_40_00_02\kernel\tirtos\packages\ti\targets\arm\rtsarm\lib\boot.aem4f
       boot.oem4f                         88      0         0      
    +--+----------------------------------+-------+---------+---------+
       Total:                             88      0         0      
                                                                   
    D:\VB_Shared\Zigbee_CC2652_Resources\workspace_v9\tirtos_builds_CC26X2R1_LAUNCHXL_release_ccs\src\sysbios\rom_sysbios.aem4f
       rom_sysbios.obj                    1905    0         136    
    +--+----------------------------------+-------+---------+---------+
       Total:                             1905    0         136    
                                                                   
       Stack:                             0       0         1024   
       Linker Generated:                  464     961       0      
    +--+----------------------------------+-------+---------+---------+
       Grand Total:                       20623   3023      5515   


LINKER GENERATED COPY TABLES

__TI_cinit_table @ 00005bf0 records: 5, size/record: 8, table size: 40
	.data: load addr=00005850, load size=0000036d bytes, run addr=20001110, run size=00000942 bytes, compression=lzss
	.bss: load addr=00005bd0, load size=00000008 bytes, run addr=20001a58, run size=00000765 bytes, compression=zero_init
	.data:xdcRomConstPtr: load addr=00005bd8, load size=00000008 bytes, run addr=20000100, run size=00000004 bytes, compression=lzss
	.data:xdcRomExternFuncPtr: load addr=00005be0, load size=00000008 bytes, run addr=20000104, run size=00000004 bytes, compression=lzss
	.data:xdcRomStatePtr: load addr=00005be8, load size=00000008 bytes, run addr=20000108, run size=00000004 bytes, compression=lzss


LINKER GENERATED HANDLER TABLE

__TI_handler_table @ 00005bc0 records: 3, size/record: 4, table size: 12
	index: 0, handler: __TI_decompress_lzss
	index: 1, handler: __TI_decompress_none
	index: 2, handler: __TI_zero_init


FAR CALL TRAMPOLINES

callee name               trampoline name
   callee addr  tramp addr   call addr  call info
--------------  -----------  ---------  ----------------
ti_sysbios_knl_Swi_destruct  $Tramp$TT$L$PI$$ti_sysbios_knl_Swi_destruct
   1002e8bd     00004f00     00004ed8   dpl_cc26x2.aem4f : SwiP_tirtos.oem4f (.text:SwiP_destruct)
ti_sysbios_family_arm_m3_Hwi_disableFxn__E  $Tramp$TT$L$PI$$ti_sysbios_family_arm_m3_Hwi_disableFxn__E
   1002eb55     00004f08     00004ecc   dpl_cc26x2.aem4f : HwiP_tirtos.oem4f (.text:HwiP_disable)
ti_sysbios_family_arm_m3_Hwi_destruct  $Tramp$TT$L$PI$$ti_sysbios_family_arm_m3_Hwi_destruct
   1002e475     00004f10     00004ec8   dpl_cc26x2.aem4f : HwiP_tirtos.oem4f (.text:HwiP_destruct)
ti_sysbios_BIOS_getCpuFreq__E  $Tramp$TT$L$PI$$ti_sysbios_BIOS_getCpuFreq__E
   1002e9fd     00004f18     00004eb8   dpl_cc26x2.aem4f : ClockP_tirtos.oem4f (.text:ClockP_getCpuFreq)
ti_sysbios_knl_Clock_destruct  $Tramp$TT$L$PI$$ti_sysbios_knl_Clock_destruct
   1002e649     00004f20     00004eb4   dpl_cc26x2.aem4f : ClockP_tirtos.oem4f (.text:ClockP_destruct)
ti_sysbios_knl_Task_self__E  $Tramp$TT$L$PI$$ti_sysbios_knl_Task_self__E
   1002eaf5     00004f28     00004dce   rom_sysbios.aem4f : rom_sysbios.obj (.text:pthread_self)
ti_sysbios_knl_Semaphore_delete  $Tramp$TT$L$PI$$ti_sysbios_knl_Semaphore_delete
   1002ecdb     00004f30     00004da2   dpl_cc26x2.aem4f : SemaphoreP_tirtos.oem4f (.text:SemaphoreP_delete)
ti_sysbios_knl_Clock_logTick__E  $Tramp$TT$L$PI$$ti_sysbios_knl_Clock_logTick__E
   1002dbd7     00004f38     00004c8a   release_pem4f.oem4f (.text:ti_sysbios_knl_Clock_doTick__I)
ti_sysbios_knl_Swi_post__E  $Tramp$TT$L$PI$$ti_sysbios_knl_Swi_post__E
   1002d891     00004f40     00004bac   rom_sysbios.aem4f : rom_sysbios.obj (.text:ti_sysbios_knl_Swi_or__E)
                             00004c92   release_pem4f.oem4f (.text:ti_sysbios_knl_Clock_doTick__I)
ti_sysbios_BIOS_RtsGateProxy_leave__E  $Tramp$TT$L$PI$$ti_sysbios_BIOS_RtsGateProxy_leave__E
   1002ec7b     00004f48     00004b8e   release_pem4f.oem4f (.text:ti_sysbios_BIOS_rtsUnlock__I)
ti_sysbios_knl_Swi_construct  $Tramp$TT$L$PI$$ti_sysbios_knl_Swi_construct
   1002d719     00004f50     00004a8a   rom_sysbios.aem4f : rom_sysbios.obj (.text:ti_sysbios_knl_Swi_construct2__E)
ti_sysbios_BIOS_RtsGateProxy_enter__E  $Tramp$TT$L$PI$$ti_sysbios_BIOS_RtsGateProxy_enter__E
   1002ec77     00004f58     00004962   release_pem4f.oem4f (.text:ti_sysbios_BIOS_rtsLock__I)
ti_sysbios_knl_Clock_TimerProxy_getCurrentTick__E  $Tramp$TT$L$PI$$ti_sysbios_knl_Clock_TimerProxy_getCurrentTick__E
   1002eac5     00004f60     00004612   rom_sysbios.aem4f : rom_sysbios.obj (.text:ti_sysbios_knl_Clock_getTicksUntilInterrupt__E)
ti_sysbios_knl_Task_delete  $Tramp$TT$L$PI$$ti_sysbios_knl_Task_delete
   1002ece7     00004f68     000045bc   rom_sysbios.aem4f : rom_sysbios.obj (.text:_pthread_delete$45)
ti_sysbios_knl_Semaphore_destruct  $Tramp$TT$L$PI$$ti_sysbios_knl_Semaphore_destruct
   1002e6fd     00004f70     000045b0   rom_sysbios.aem4f : rom_sysbios.obj (.text:_pthread_delete$45)
                             00004ed0   dpl_cc26x2.aem4f : SemaphoreP_tirtos.oem4f (.text:SemaphoreP_destruct)
ti_sysbios_knl_Semaphore_create  $Tramp$TT$L$PI$$ti_sysbios_knl_Semaphore_create
   1002dc49     00004f78     0000459c   dpl_cc26x2.aem4f : SemaphoreP_tirtos.oem4f (.text:SemaphoreP_createBinary)
ti_sysbios_knl_Task_startup__E  $Tramp$TT$L$PI$$ti_sysbios_knl_Task_startup__E
   1002eceb     00004f80     00004430   release_pem4f.oem4f (.text:ti_sysbios_BIOS_startFunc__I)
ti_sysbios_knl_Swi_startup__E  $Tramp$TT$L$PI$$ti_sysbios_knl_Swi_startup__E
   1002ec6b     00004f88     0000442c   release_pem4f.oem4f (.text:ti_sysbios_BIOS_startFunc__I)
ti_sysbios_hal_Hwi_startup__E  $Tramp$TT$L$PI$$ti_sysbios_hal_Hwi_startup__E
   1002ec31     00004f90     00004428   release_pem4f.oem4f (.text:ti_sysbios_BIOS_startFunc__I)
ti_sysbios_family_arm_cc26xx_Timer_startup__E  $Tramp$TT$L$PI$$ti_sysbios_family_arm_cc26xx_Timer_startup__E
   1002dcf1     00004f98     00004424   release_pem4f.oem4f (.text:ti_sysbios_BIOS_startFunc__I)
xdc_runtime_System_atexit__E  $Tramp$TT$L$PI$$xdc_runtime_System_atexit__E
   1002f559     00004fa0     0000441c   release_pem4f.oem4f (.text:ti_sysbios_BIOS_startFunc__I)
ti_sysbios_BIOS_linkedWithIncorrectBootLibrary__E  $Tramp$TT$L$PI$$ti_sysbios_BIOS_linkedWithIncorrectBootLibrary__E
   1002d01b     00004fa8     00004416   release_pem4f.oem4f (.text:ti_sysbios_BIOS_startFunc__I)
xdc_runtime_Startup_rtsDone__E  $Tramp$TT$L$PI$$xdc_runtime_Startup_rtsDone__E
   1002f8e5     00004fb0     0000440e   release_pem4f.oem4f (.text:ti_sysbios_BIOS_startFunc__I)
ti_sysbios_knl_Swi_disable__E  $Tramp$TT$L$PI$$ti_sysbios_knl_Swi_disable__E
   1002ea25     00004fb8     000043de   release_pem4f.oem4f (.text:ti_sysbios_BIOS_atExitFunc__I)
                             00004a56   dpl_cc26x2.aem4f : PowerCC26X2_tirtos.oem4f (.text:PowerCC26XX_schedulerDisable)
                             00004edc                    : SwiP_tirtos.oem4f (.text:SwiP_disable)
ti_sysbios_family_arm_m3_Hwi_construct  $Tramp$TT$L$PI$$ti_sysbios_family_arm_m3_Hwi_construct
   1002d421     00004fc0     00003f46   rom_sysbios.aem4f : rom_sysbios.obj (.text:ti_sysbios_family_arm_m3_Hwi_construct2__E)
ti_sysbios_knl_Swi_Params__init__S  $Tramp$TT$L$PI$$ti_sysbios_knl_Swi_Params__init__S
   1002ebf1     00004fc8     00003f0a   dpl_cc26x2.aem4f : SwiP_tirtos.oem4f (.text:SwiP_construct)
ti_sysbios_family_arm_m3_Hwi_Params__init__S  $Tramp$TT$L$PI$$ti_sysbios_family_arm_m3_Hwi_Params__init__S
   1002eb49     00004fd0     00003e18   dpl_cc26x2.aem4f : HwiP_tirtos.oem4f (.text:HwiP_construct)
ti_sysbios_knl_Clock_construct  $Tramp$TT$L$PI$$ti_sysbios_knl_Clock_construct
   1002dd8d     00004fd8     0000354a   dpl_cc26x2.aem4f : ClockP_tirtos.oem4f (.text:ClockP_construct)
ti_sysbios_knl_Clock_Params__init__S  $Tramp$TT$L$PI$$ti_sysbios_knl_Clock_Params__init__S
   1002eb9d     00004fe0     00003530   dpl_cc26x2.aem4f : ClockP_tirtos.oem4f (.text:ClockP_construct)
xdc_runtime_System_exit__E  $Tramp$TT$L$PI$$xdc_runtime_System_exit__E
   1002f7b1     00004fe8     00003450   boot.aem4f : boot.oem4f (.text)
                             00004c1c   release_pem4f.oem4f (.text:ti_sysbios_BIOS_exitFunc__I)
ti_sysbios_heaps_HeapMem_restore__E  $Tramp$TT$L$PI$$ti_sysbios_heaps_HeapMem_restore__E
   1002eb13     00004ff0     000032ec   rom_sysbios.aem4f : rom_sysbios.obj (.text:ti_sysbios_heaps_HeapMem_initPrimary__I)
ti_sysbios_heaps_HeapMem_Object__get__S  $Tramp$TT$L$PI$$ti_sysbios_heaps_HeapMem_Object__get__S
   1002e275     00004ff8     000032bc   rom_sysbios.aem4f : rom_sysbios.obj (.text:ti_sysbios_heaps_HeapMem_initPrimary__I)
ti_sysbios_BIOS_start__E  $Tramp$TT$L$PI$$ti_sysbios_BIOS_start__E
   1002eaa5     00005000     00003122   main_tirtos.obj (.text:main)
xdc_runtime_Error_raiseX__E  $Tramp$TT$L$PI$$xdc_runtime_Error_raiseX__E
   1002f739     00005008     00002bca   rom_sysbios.aem4f : rom_sysbios.obj (.text:ti_sysbios_family_arm_m3_Hwi_excHandlerMin__I)
ti_sysbios_BIOS_setThreadType__E  $Tramp$TT$L$PI$$ti_sysbios_BIOS_setThreadType__E
   1002ea11     00005010     00002b8a   rom_sysbios.aem4f : rom_sysbios.obj (.text:ti_sysbios_family_arm_m3_Hwi_excHandlerMin__I)
                             000043e8   release_pem4f.oem4f (.text:ti_sysbios_BIOS_atExitFunc__I)
                             00004c16   release_pem4f.oem4f (.text:ti_sysbios_BIOS_exitFunc__I)
ti_sysbios_family_arm_m3_Hwi_excFillContext__I  $Tramp$TT$L$PI$$ti_sysbios_family_arm_m3_Hwi_excFillContext__I
   1002bda9     00005018     00002b84   rom_sysbios.aem4f : rom_sysbios.obj (.text:ti_sysbios_family_arm_m3_Hwi_excHandlerMin__I)
ti_sysbios_knl_Semaphore_post__E  $Tramp$TT$L$PI$$ti_sysbios_knl_Semaphore_post__E
   1002cd21     00005020     000027a2   rom_sysbios.aem4f : rom_sysbios.obj (.text:_pthread_removeThreadKeys)
                             00003498                     : rom_sysbios.obj (.text:pthread_exit)
                             00004ed4   dpl_cc26x2.aem4f : SemaphoreP_tirtos.oem4f (.text:SemaphoreP_post)
xdc_runtime_Memory_free__E  $Tramp$TT$L$PI$$xdc_runtime_Memory_free__E
   1002f81d     00005028     00002798   rom_sysbios.aem4f : rom_sysbios.obj (.text:_pthread_removeThreadKeys)
                             000045c8                     : rom_sysbios.obj (.text:_pthread_delete$45)
ti_sysbios_knl_Queue_next__E  $Tramp$TT$L$PI$$ti_sysbios_knl_Queue_next__E
   1002ecd7     00005030     00002772   rom_sysbios.aem4f : rom_sysbios.obj (.text:_pthread_removeThreadKeys)
ti_sysbios_knl_Queue_head__E  $Tramp$TT$L$PI$$ti_sysbios_knl_Queue_head__E
   1002ecd3     00005038     0000275e   rom_sysbios.aem4f : rom_sysbios.obj (.text:_pthread_removeThreadKeys)
ti_sysbios_knl_Semaphore_pend__E  $Tramp$TT$L$PI$$ti_sysbios_knl_Semaphore_pend__E
   1002bfb1     00005040     00002758   rom_sysbios.aem4f : rom_sysbios.obj (.text:_pthread_removeThreadKeys)
                             00004cc2   dpl_cc26x2.aem4f : SemaphoreP_tirtos.oem4f (.text:SemaphoreP_pend)
ti_sysbios_knl_Task_restore__E  $Tramp$TT$L$PI$$ti_sysbios_knl_Task_restore__E
   1002df45     00005048     00002282   rom_sysbios.aem4f : rom_sysbios.obj (.text:ti_sysbios_knl_Task_setPri__E)
                             0000274c                     : rom_sysbios.obj (.text:_pthread_removeThreadKeys)
                             000027ac                     : rom_sysbios.obj (.text:_pthread_removeThreadKeys)
                             000034aa                     : rom_sysbios.obj (.text:pthread_exit)
                             000047f0                     : rom_sysbios.obj (.text:_pthread_cleanupFxn)
                             00004a76   dpl_cc26x2.aem4f : PowerCC26X2_tirtos.oem4f (.text:PowerCC26XX_schedulerRestore)
ti_sysbios_knl_Queue_enqueue__E  $Tramp$TT$L$PI$$ti_sysbios_knl_Queue_enqueue__E
   1002ebd9     00005050     00002254   rom_sysbios.aem4f : rom_sysbios.obj (.text:ti_sysbios_knl_Task_setPri__E)
ti_sysbios_knl_Queue_empty__E  $Tramp$TT$L$PI$$ti_sysbios_knl_Queue_empty__E
   1002eb21     00005058     0000223c   rom_sysbios.aem4f : rom_sysbios.obj (.text:ti_sysbios_knl_Task_setPri__E)
                             00002744                     : rom_sysbios.obj (.text:_pthread_removeThreadKeys)
ti_sysbios_knl_Queue_remove__E  $Tramp$TT$L$PI$$ti_sysbios_knl_Queue_remove__E
   1002eb2f     00005060     00002236   rom_sysbios.aem4f : rom_sysbios.obj (.text:ti_sysbios_knl_Task_setPri__E)
                             0000277a                     : rom_sysbios.obj (.text:_pthread_removeThreadKeys)
                             00002780                     : rom_sysbios.obj (.text:_pthread_removeThreadKeys)
ti_sysbios_knl_Task_disable__E  $Tramp$TT$L$PI$$ti_sysbios_knl_Task_disable__E
   1002ea4d     00005068     000021fc   rom_sysbios.aem4f : rom_sysbios.obj (.text:ti_sysbios_knl_Task_setPri__E)
                             0000273a                     : rom_sysbios.obj (.text:_pthread_removeThreadKeys)
                             0000349e                     : rom_sysbios.obj (.text:pthread_exit)
                             000043e2   release_pem4f.oem4f (.text:ti_sysbios_BIOS_atExitFunc__I)
                             000047e2   rom_sysbios.aem4f : rom_sysbios.obj (.text:_pthread_cleanupFxn)
                             00004a4e   dpl_cc26x2.aem4f : PowerCC26X2_tirtos.oem4f (.text:PowerCC26XX_schedulerDisable)
ti_sysbios_knl_Clock_stop__E  $Tramp$TT$L$PI$$ti_sysbios_knl_Clock_stop__E
   1002e2c5     00005070     00001fa6   dpl_cc26x2.aem4f : PowerCC26X2_tirtos.oem4f (.text:PowerCC26XX_standbyPolicy)
                             00004ec4                    : ClockP_tirtos.oem4f (.text:ClockP_stop)
ti_sysbios_knl_Clock_start__E  $Tramp$TT$L$PI$$ti_sysbios_knl_Clock_start__E
   1002e9e7     00005078     00001f9a   dpl_cc26x2.aem4f : PowerCC26X2_tirtos.oem4f (.text:PowerCC26XX_standbyPolicy)
                             00004ec0                    : ClockP_tirtos.oem4f (.text:ClockP_start)
ti_sysbios_knl_Clock_setTimeout__E  $Tramp$TT$L$PI$$ti_sysbios_knl_Clock_setTimeout__E
   1002ecc3     00005080     00001f94   dpl_cc26x2.aem4f : PowerCC26X2_tirtos.oem4f (.text:PowerCC26XX_standbyPolicy)
                             00004ebc                    : ClockP_tirtos.oem4f (.text:ClockP_setTimeout)
ti_sysbios_knl_Task_create  $Tramp$TT$L$PI$$ti_sysbios_knl_Task_create
   1002d529     00005088     000018ae   rom_sysbios.aem4f : rom_sysbios.obj (.text:pthread_create)
ti_sysbios_knl_Semaphore_construct  $Tramp$TT$L$PI$$ti_sysbios_knl_Semaphore_construct
   1002ddc1     00005090     000018a4   rom_sysbios.aem4f : rom_sysbios.obj (.text:pthread_create)
                             00004572   dpl_cc26x2.aem4f : SemaphoreP_tirtos.oem4f (.text:SemaphoreP_constructBinary)
ti_sysbios_knl_Semaphore_Params__init__S  $Tramp$TT$L$PI$$ti_sysbios_knl_Semaphore_Params__init__S
   1002ebe5     00005098     00001892   rom_sysbios.aem4f : rom_sysbios.obj (.text:pthread_create)
                             00004562   dpl_cc26x2.aem4f : SemaphoreP_tirtos.oem4f (.text:SemaphoreP_constructBinary)
                             0000458c                    : SemaphoreP_tirtos.oem4f (.text:SemaphoreP_createBinary)
ti_sysbios_knl_Queue_construct  $Tramp$TT$L$PI$$ti_sysbios_knl_Queue_construct
   1002dee5     000050a0     00001886   rom_sysbios.aem4f : rom_sysbios.obj (.text:pthread_create)
xdc_runtime_Memory_alloc__E  $Tramp$TT$L$PI$$xdc_runtime_Memory_alloc__E
   1002f289     000050a8     0000182e   rom_sysbios.aem4f : rom_sysbios.obj (.text:pthread_create)
ti_sysbios_knl_Task_Params__init__S  $Tramp$TT$L$PI$$ti_sysbios_knl_Task_Params__init__S
   1002ec09     000050b0     0000181a   rom_sysbios.aem4f : rom_sysbios.obj (.text:pthread_create)
ti_sysbios_family_arm_m3_Hwi_restoreFxn__E  $Tramp$TT$L$PI$$ti_sysbios_family_arm_m3_Hwi_restoreFxn__E
   1002ec47     000050b8     00000f1e   drivers_cc26x2.aem4f : UARTCC26XX.oem4f (.text:UARTCC26XX_open)
                             00000f2a                        : UARTCC26XX.oem4f (.text:UARTCC26XX_open)
                             00000fb4                        : UARTCC26XX.oem4f (.text:UARTCC26XX_open)
                             00001200                        : UARTCC26XX.oem4f (.text:UARTCC26XX_read)
                             0000125c                        : UARTCC26XX.oem4f (.text:UARTCC26XX_read)
                             00001284                        : UARTCC26XX.oem4f (.text:UARTCC26XX_read)
                             00001296                        : UARTCC26XX.oem4f (.text:UARTCC26XX_read)
                             000012e0                        : UARTCC26XX.oem4f (.text:UARTCC26XX_read)
                             000012f0                        : UARTCC26XX.oem4f (.text:UARTCC26XX_read)
                             0000136e                        : GPIOCC26XX.oem4f (.text:GPIO_setConfig)
                             0000139e                        : GPIOCC26XX.oem4f (.text:GPIO_setConfig)
                             000017c6                        : PINCC26XX.oem4f (.text:PINCC26XX_setIoCfg)
                             0000190c                        : UARTCC26XX.oem4f (.text:UARTCC26XX_write)
                             0000192e                        : UARTCC26XX.oem4f (.text:UARTCC26XX_write)
                             00001984                        : UARTCC26XX.oem4f (.text:UARTCC26XX_write)
                             000019dc                        : PWMTimerCC26XX.oem4f (.text:PWMTimerCC26XX_open)
                             000019ec                        : PWMTimerCC26XX.oem4f (.text:PWMTimerCC26XX_open)
                             00001abc                        : TimerCC26XX.oem4f (.text:TimerCC26XX_open)
                             00001ace                        : TimerCC26XX.oem4f (.text:TimerCC26XX_open)
                             00001c2c                        : PowerCC26X2.oem4f (.text:Power_releaseDependency)
                             00001c62                        : GPIOCC26XX.oem4f (.text:GPIO_init)
                             00001c68                        : GPIOCC26XX.oem4f (.text:GPIO_init)
                             00001db4                        : PowerCC26X2.oem4f (.text:Power_setDependency)
                             00002322                        : PWMTimerCC26XX.oem4f (.text:PWMTimerCC26XX_setDutyAndPeriod)
                             00002478                        : UARTCC26XX.oem4f (.text:writeTxFifoFlush)
                             000025b6                        : UARTCC26XX.oem4f (.text:UARTCC26XX_writeCancel)
                             000025cc                        : UARTCC26XX.oem4f (.text:UARTCC26XX_writeCancel)
                             00002600                        : UARTCC26XX.oem4f (.text:UARTCC26XX_writeCancel)
                             0000266e                        : GPTimerCC26XX.oem4f (.text:GPTimerCC26XX_open)
                             0000268a                        : GPTimerCC26XX.oem4f (.text:GPTimerCC26XX_open)
                             000030ae                        : UARTCC26XX.oem4f (.text:UARTCC26XX_control)
                             00003394                        : GPTimerCC26XX.oem4f (.text:GPTimerCC26XX_stop)
                             000033a2                        : GPTimerCC26XX.oem4f (.text:GPTimerCC26XX_stop)
                             000033de                        : PowerCC26X2_calibrateRCOSC.oem4f (.text:PowerCC26X2_initiateCalibration)
                             0000359e                        : GPIOCC26XX.oem4f (.text:GPIO_enableInt)
                             00003720                        : GPTimerCC26XX.oem4f (.text:GPTimerCC26XX_start)
                             0000372c                        : GPTimerCC26XX.oem4f (.text:GPTimerCC26XX_start)
                             0000375e                        : UARTCC26XX.oem4f (.text:UARTCC26XX_readCancel)
                             00003772                        : UARTCC26XX.oem4f (.text:UARTCC26XX_readCancel)
                             0000383c                        : PowerCC26X2.oem4f (.text:switchXOSCHF)
                             000038e2                        : PINCC26XX.oem4f (.text:PIN_setOutputEnable)
                             00003a2c                        : RingBuf.oem4f (.text:RingBuf_put)
                             00003a56                        : RingBuf.oem4f (.text:RingBuf_put)
                             00003b1a                        : PWM.oem4f (.text:PWM_init)
                             00003b3e                        : TimerCC26XX.oem4f (.text:TimerCC26XX_start)
                             00003b56                        : TimerCC26XX.oem4f (.text:TimerCC26XX_start)
                             00003ba2                        : Timer.oem4f (.text:Timer_init)
                             00003be6                        : UART.oem4f (.text:UART_init)
                             00003cea                        : RingBuf.oem4f (.text:RingBuf_get)
                             00003cf2                        : RingBuf.oem4f (.text:RingBuf_get)
[...]
1002eb91  ti_sysbios_heaps_HeapTrack_isBlocking__E                           
1002eb9d  ti_sysbios_knl_Clock_Params__init__S                               
1002eba9  ti_sysbios_knl_Clock_getTimerHandle__E                             
1002ebb5  ti_sysbios_knl_Event_Params__init__S                               
1002ebc1  ti_sysbios_knl_Mailbox_Params__init__S                             
1002ebcd  ti_sysbios_knl_Queue_dequeue__E                                    
1002ebd9  ti_sysbios_knl_Queue_enqueue__E                                    
1002ebe5  ti_sysbios_knl_Semaphore_Params__init__S                           
1002ebf1  ti_sysbios_knl_Swi_Params__init__S                                 
1002ebfd  ti_sysbios_knl_Swi_self__E                                         
1002ec09  ti_sysbios_knl_Task_Params__init__S                                
1002ec15  ti_sysbios_hal_Hwi_Instance_finalize__E                            
1002ec1f  ti_sysbios_knl_Event_Instance_init__E                              
1002ec29  ti_sysbios_family_arm_m3_Hwi_doSwiRestore__I                       
1002ec31  ti_sysbios_family_arm_m3_Hwi_startup__E                            
1002ec31  ti_sysbios_hal_Hwi_HwiProxy_startup__E                             
1002ec31  ti_sysbios_hal_Hwi_HwiProxy_startup__E                             
1002ec31  ti_sysbios_hal_Hwi_startup__E                                      
1002ec31  ti_sysbios_hal_Hwi_startup__E                                      
1002ec39  ti_sysbios_knl_Idle_loop__E                                        
1002ec41  ti_sysbios_family_arm_m3_Hwi_doTaskRestore__I                      
1002ec47  HwiP_restore                                                       
1002ec47  ti_sysbios_family_arm_m3_Hwi_restoreFxn__E                         
1002ec4d  ti_sysbios_gates_GateHwi_leave__E                                  
1002ec53  ti_sysbios_gates_GateMutex_Instance_finalize__E                    
1002ec59  ti_sysbios_heaps_HeapMem_isBlocking__E                             
1002ec5f  ti_sysbios_knl_Queue_Instance_init__E                              
1002ec65  ti_sysbios_knl_Queue_elemClear__E                                  
1002ec6b  ti_sysbios_knl_Swi_startup__E                                      
1002ec71  ti_sysbios_knl_Task_enable__E                                      
1002ec77  ti_sysbios_BIOS_RtsGateProxy_enter__E                              
1002ec7b  ti_sysbios_BIOS_RtsGateProxy_leave__E                              
1002ec7f  ti_sysbios_family_arm_cc26xx_Timer_getExpiredTicks__E              
1002ec83  ti_sysbios_family_arm_cc26xx_Timer_getPeriod__E                    
1002ec87  ti_sysbios_family_arm_cc26xx_Timer_setPeriod__E                    
1002ec8b  ti_sysbios_family_arm_m3_Hwi_delete                                
1002ec8f  ti_sysbios_family_arm_m3_TaskSupport_Module__startupDone__S        
1002ec8f  ti_sysbios_knl_Task_SupportProxy_Module__startupDone__S            
1002ec93  ti_sysbios_gates_GateHwi_query__E                                  
1002ec93  xdc_runtime_Main_Module_GateProxy_query__E                         
1002ec93  xdc_runtime_System_Module_GateProxy_query__E                       
1002ec93  xdc_runtime_System_Module_GateProxy_query__E                       
1002ec97  ti_sysbios_gates_GateMutex_delete                                  
1002ec9b  ti_sysbios_BIOS_RtsGateProxy_query__E                              
1002ec9b  ti_sysbios_BIOS_RtsGateProxy_query__E                              
1002ec9b  ti_sysbios_gates_GateMutex_query__E                                
1002ec9b  ti_sysbios_heaps_HeapMem_Module_GateProxy_query__E                 
1002ec9b  ti_sysbios_heaps_HeapMem_Module_GateProxy_query__E                 
1002ec9f  ti_sysbios_hal_Hwi_HwiProxy_create                                 
1002eca3  ti_sysbios_hal_Hwi_HwiProxy_delete                                 
1002eca7  ti_sysbios_hal_Hwi_delete                                          
1002ecab  ti_sysbios_heaps_HeapMem_Module_GateProxy_enter__E                 
1002ecaf  ti_sysbios_heaps_HeapMem_Module_GateProxy_leave__E                 
1002ecb3  ti_sysbios_knl_Clock_TimerProxy_getExpiredTicks__E                 
1002ecb7  ti_sysbios_knl_Clock_TimerProxy_getPeriod__E                       
1002ecbb  ti_sysbios_knl_Clock_delete                                        
1002ecbf  ti_sysbios_knl_Clock_removeI__E                                    
1002ecc3  ti_sysbios_knl_Clock_setTimeout__E                                 
1002ecc7  ti_sysbios_knl_Event_delete                                        
1002eccb  ti_sysbios_knl_Mailbox_delete                                      
1002eccf  ti_sysbios_knl_Queue_delete                                        
1002ecd3  ti_sysbios_knl_Queue_head__E                                       
1002ecd7  ti_sysbios_knl_Queue_next__E                                       
1002ecdb  ti_sysbios_knl_Semaphore_delete                                    
1002ecdf  ti_sysbios_knl_Swi_delete                                          
1002ece3  ti_sysbios_knl_Swi_postInit__I                                     
1002ece7  ti_sysbios_knl_Task_delete                                         
1002eceb  ti_sysbios_knl_Task_startup__E                                     
1002ecf1  xdc_runtime_System_doPrint__I                                      
1002f055  xdc_runtime_Startup_startMods__I                                   
1002f15d  xdc_runtime_Text_putSite__E                                        
1002f1f7  xdc_runtime_Error_policySpin__E                                    
1002f1f9  xdc_runtime_Text_putMod__E                                         
1002f289  xdc_runtime_Memory_alloc__E                                        
1002f2f9  xdc_runtime_Core_createObject__I                                   
1002f367  xdc_runtime_Core_deleteObject__I                                   
1002f3c5  xdc_runtime_Text_putLab__E                                         
1002f421  xdc_runtime_Assert_raise__I                                        
1002f475  xdc_runtime_Startup_exec__E                                        
1002f4c9  xdc_runtime_Core_assignParams__I                                   
1002f511  xdc_runtime_Core_constructObject__I                                
1002f559  xdc_runtime_System_atexit__E                                       
1002f5a1  xdc_runtime_Text_xprintf__I                                        
1002f5e5  xdc_runtime_System_processAtExit__E                                
1002f625  xdc_runtime_System_putchar__I                                      
1002f659  xdc_runtime_Core_assignLabel__I                                    
1002f689  xdc_runtime_Text_printVisFxn__I                                    
1002f6b9  xdc_runtime_System_vprintf__E                                      
1002f6e5  xdc_runtime_Text_cordText__E                                       
1002f711  xdc_runtime_System_abort__E                                        
1002f739  xdc_runtime_Error_raiseX__E                                        
1002f759  xdc_runtime_Registry_findById__E                                   
1002f779  xdc_runtime_Error_check__E                                         
1002f795  xdc_runtime_Memory_valloc__E                                       
1002f7b1  xdc_runtime_System_exit__E                                         
1002f7cd  xdc_runtime_Text_ropeText__E                                       
1002f7e9  xdc_runtime_System_printf__E                                       
1002f803  xdc_runtime_Core_destructObject__I                                 
1002f81b  xdc_runtime_System_abortSpin__E                                    
1002f81d  xdc_runtime_Memory_free__E                                         
1002f831  xdc_runtime_Memory_getStats__E                                     
1002f845  xdc_runtime_SysCallback_abort__E                                   
1002f845  xdc_runtime_System_SupportProxy_abort__E                           
1002f859  xdc_runtime_SysCallback_exit__E                                    
1002f859  xdc_runtime_System_SupportProxy_exit__E                            
1002f86d  xdc_runtime_SysCallback_flush__E                                   
1002f86d  xdc_runtime_System_SupportProxy_flush__E                           
1002f86d  xdc_runtime_System_flush__E                                        
1002f881  xdc_runtime_SysCallback_putch__E                                   
1002f881  xdc_runtime_System_SupportProxy_putch__E                           
1002f895  xdc_runtime_SysCallback_ready__E                                   
1002f895  xdc_runtime_System_SupportProxy_ready__E                           
1002f8a9  xdc_runtime_Memory_getMaxDefaultTypeAlign__E                       
1002f8b9  xdc_runtime_System_vsnprintf__E                                    
1002f8c9  xdc_runtime_Timestamp_SupportProxy_get32__E                        
1002f8c9  xdc_runtime_Timestamp_SupportProxy_get32__E                        
1002f8c9  xdc_runtime_Timestamp_get32__E                                     
1002f8c9  xdc_runtime_Timestamp_get32__E                                     
1002f8d9  xdc_runtime_Memory_calloc__E                                       
1002f8e5  xdc_runtime_Startup_rtsDone__E                                     
1002f8f1  xdc_runtime_Memory_HeapProxy_alloc__E                              
1002f8fb  xdc_runtime_Memory_HeapProxy_free__E                               
1002f905  xdc_runtime_Memory_HeapProxy_getStats__E                           
1002f90f  xdc_runtime_Gate_leaveSystem__E                                    
1002f915  xdc_runtime_System_Module_startup__E                               
1002f91b  xdc_runtime_Gate_enterSystem__E                                    
1002f91f  xdc_runtime_SysCallback_Module__startupDone__S                     
1002f91f  xdc_runtime_System_SupportProxy_Module__startupDone__S             
1002f923  xdc_runtime_System_Module_GateProxy_enter__E                       
1002f927  xdc_runtime_System_Module_GateProxy_leave__E                       
1002f92b  xdc_runtime_System_printf_va__F                                    
1002f92f  xdc_runtime_System_exitSpin__E                                     
1002f931  ti_sysbios_family_arm_m3_Hwi_dispatch__I                           
1002fa11  ti_sysbios_family_arm_m3_Hwi_interruptsAreDisabledButShouldNotBe   
1002fa2d  ti_sysbios_family_arm_m3_TaskSupport_buildTaskStack                
1002fab9  ti_sysbios_family_arm_m3_Hwi_initStacks__E                         
1002fb11  ti_sysbios_family_arm_m3_Hwi_pendSV__I                             
1002fb35  ti_sysbios_family_arm_m3_Hwi_return                                
1002fb39  ti_sysbios_family_arm_m3_Hwi_excHandlerAsm__I                      
1002fb59  ti_sysbios_family_xxx_Hwi_switchAndRunFunc                         
1002fb77  ti_sysbios_family_arm_m3_TaskSupport_swap__E                       
1002fb77  ti_sysbios_knl_Task_SupportProxy_swap__E                           
1002fb77  ti_sysbios_knl_Task_SupportProxy_swap__E                           
1002fb83  ti_sysbios_knl_Task_swapReturn                                     
1002fb8f  ti_sysbios_family_arm_m3_TaskSupport_glue                          
1002fba0  ti_sysbios_knl_Task_Object__PARAMS__C                              
1002fbdc  ti_sysbios_knl_Mailbox_Object__PARAMS__C                           
1002fc10  ti_sysbios_family_arm_m3_Hwi_Object__PARAMS__C                     
1002fc40  ti_sysbios_hal_Hwi_Object__PARAMS__C                               
1002fc6c  ti_sysbios_knl_Swi_Object__PARAMS__C                               
1002fc94  ti_sysbios_heaps_HeapMem_Object__PARAMS__C                         
1002fcb8  ti_sysbios_knl_Clock_Object__PARAMS__C                             
1002fcdc  ti_sysbios_knl_Semaphore_Object__PARAMS__C                         
1002fd00  ti_sysbios_gates_GateHwi_Object__PARAMS__C                         
1002fd18  ti_sysbios_gates_GateMutex_Object__PARAMS__C                       
1002fd30  ti_sysbios_knl_Event_Object__PARAMS__C                             
1002fd48  ti_sysbios_knl_Queue_Object__PARAMS__C                             
1002fd80  ti_sysbios_heaps_HeapTrack_Object__PARAMS__C                       
1002fd9c  ti_sysbios_heaps_HeapTrack_Instance_State_trackQueue__O            
1002fda0  ti_sysbios_heaps_HeapTrack_Module__diagsEnabled__C                 
1002fda4  ti_sysbios_heaps_HeapTrack_Module__diagsIncluded__C                
1002fda8  ti_sysbios_heaps_HeapTrack_Module__diagsMask__C                    
1002fddb  strlen                                                             
20000000  ti_sysbios_family_arm_m3_Hwi_ramVectors                            
20000100  xdcRomConstPtr                                                     
20000104  xdcRomExternFuncPtr                                                
20000108  xdcRomStatePtr                                                     
20000110  __primary_heap_start__                                             
20001110  __primary_heap_end__                                               
20001110  arr_currectionCurve                                                
20001510  PowerCC26X2_module                                                 
20001620  ROM_stateStruct                                                    
20001620  ti_sysbios_knl_Clock_Module__state__V                              
2000164c  ti_sysbios_family_arm_cc26xx_TimestampProvider_Module__state__V    
20001650  xdc_runtime_Startup_Module__state__V                               
20001658  xdc_runtime_Registry_Module__state__V                              
20001660  ti_sysbios_BIOS_Module__state__V                                   
20001684  ti_sysbios_knl_Swi_Module__state__V                                
200016a0  ti_sysbios_knl_Task_Module__state__V                               
200016e4  xdc_runtime_Memory_Module__state__V                                
200016e8  xdc_runtime_System_Module__state__V                                
200016f0  ti_sysbios_family_arm_m3_Hwi_Module__state__V                      
20001724  ti_sysbios_family_arm_cc26xx_Timer_Module__state__V                
200017b4  ti_sysbios_gates_GateMutex_Object__table__V                        
20001808  ti_sysbios_knl_Task_Object__table__V                               
20001858  ti_sysbios_family_arm_cc26xx_Timer_Object__table__V                
200018a0  ti_sysbios_knl_Swi_Module_State_0_readyQ__A                        
200018d0  ti_sysbios_knl_Swi_Object__table__V                                
20001900  ti_sysbios_knl_Task_Module_State_0_readyQ__A                       
20001930  ti_sysbios_knl_Clock_Object__table__V                              
20001950  xdc_runtime_Error_IgnoreBlock                                      
20001970  ti_sysbios_family_arm_m3_Hwi_Object__table__V                      
20001988  ti_sysbios_heaps_HeapMem_Object__table__V                          
200019a0  flag                                                               
200019a4  pwm1                                                               
200019a8  pwm2                                                               
200019ac  dutySteps                                                          
200019b0  timerCounter                                                       
200019b4  _lock                                                              
200019b8  _unlock                                                            
200019bc  pinUpperBound                                                      
200019c0  pinLowerBound                                                      
200019c4  ti_sysbios_family_arm_m3_Hwi_Module__root__V                       
200019cc  ti_sysbios_gates_GateHwi_Module__root__V                           
200019d4  ti_sysbios_gates_GateMutex_Module__root__V                         
200019dc  ti_sysbios_hal_Hwi_Module__root__V                                 
200019e4  ti_sysbios_heaps_HeapMem_Module__root__V                           
200019ec  ti_sysbios_knl_Clock_Module__root__V                               
200019f4  ti_sysbios_knl_Event_Module__root__V                               
200019fc  ti_sysbios_knl_Mailbox_Module__root__V                             
20001a04  ti_sysbios_knl_Queue_Module__root__V                               
20001a0c  ti_sysbios_knl_Semaphore_Module__root__V                           
20001a14  ti_sysbios_knl_Swi_Module__root__V                                 
20001a1c  ti_sysbios_knl_Task_Module__root__V                                
20001a24  xdc_runtime_System_Module_State_0_atexitHandlers__A                
20001a32  ti_sysbios_family_arm_m3_Hwi_Module_State_0_excActive__A           
20001a34  gpioCallbackFunctions                                              
20001a38  gpioPinConfigs                                                     
20001a40  main_func_sp                                                       
20001a44  ti_sysbios_family_arm_m3_Hwi_Module_State_0_excContext__A          
20001a48  ti_sysbios_family_arm_m3_Hwi_Module_State_0_excStack__A            
20001a4c  ti_sysbios_knl_Task_Module_State_0_idleTask__A                     
20001a58  ti_sysbios_knl_Task_Instance_State_0_stack__A                      
20001c58  uartCC26XXObjects                                                  
20001d84  gptimerCC26XXObjects                                               
20001e68  ti_sysbios_family_arm_m3_Hwi_dispatchTable                         
20001f40  pinHandleTable                                                     
20001fbc  pwmTimerCC26XXObjects                                              
20002030  timerCC26XXObjects                                                 
20002064  uartParams                                                         
2000213c  pwmParams                                                          
2000216c  rxBuf                                                              
20002178  timerParams                                                        
20002190  ClockP_tickPeriod                                                  
20002194  PowerCC26XX_swiKey                                                 
20002198  PowerCC26XX_taskKey                                                
2000219c  currentDuty                                                        
200021a0  dutyValue                                                          
200021a4  expectedDuty                                                       
200021a8  fadeTime                                                           
200021ac  lightState                                                         
200021b0  timerHandle                                                        
200021b4  uartHandle                                                         
200021b8  wantedRxBytes                                                      
200021bc  driverlib_release_0_55938                                          
20013c00  __stack                                                            
20014000  __STACK_END                                                        
e000e000  ti_sysbios_family_arm_m3_Hwi_nvic                                  
ffffffff  __TI_pprof_out_hndl                                                
ffffffff  __TI_prof_data_size                                                
ffffffff  __TI_prof_data_start                                               
ffffffff  __binit__                                                          
ffffffff  __c_args__                                                         
ffffffff  binit                                                              
UNDEFED   SHT$$INIT_ARRAY$$Base                                              
UNDEFED   SHT$$INIT_ARRAY$$Limit                                             

[918 symbols]
