******************************************************************************
                  TI ARM Linker PC v18.12.4                    
******************************************************************************
>> Linked Thu Mar  5 13:52:36 2020

OUTPUT FILE NAME:   <pwmled2_CC26X2R1_LAUNCHXL_tirtos_ccs.out>
ENTRY POINT SYMBOL: "ResetISR"  address: 00003429


MEMORY CONFIGURATION

         name            origin    length      used     unused   attr    fill
----------------------  --------  ---------  --------  --------  ----  --------
  FLASH                 00000000   00058000  00005e24  000521dc  R  X
  GPRAM                 11000000   00002000  00000000  00002000  RW X
  SRAM                  20000000   00014000  0000298b  00011675  RW X


SEGMENT ALLOCATION MAP

run origin  load origin   length   init length attrs members
----------  ----------- ---------- ----------- ----- -------
00000000    00000000    00005dd0   00005dd0    r-x
  00000000    00000000    0000003c   0000003c    r-- .resetVecs
  0000003c    0000003c    000050ac   000050ac    r-x .text
  000050e8    000050e8    0000077c   0000077c    r-- .const
  00005868    00005868    00000568   00000568    r-- .cinit
00057fa8    00057fa8    00000058   00000058    r--
  00057fa8    00057fa8    00000058   00000058    r-- .ccfg
20000100    20000100    0000000c   00000000    rw-
  20000100    20000100    00000004   00000000    rw- .data:xdcRomConstPtr
  20000104    20000104    00000004   00000000    rw- .data:xdcRomExternFuncPtr
  20000108    20000108    00000004   00000000    rw- .data:xdcRomStatePtr
20000110    20000110    00001000   00000000    r--
  20000110    20000110    00001000   00000000    r-- .priheap
20001110    20001110    000014ad   00000000    rw-
  20001110    20001110    00000d42   00000000    rw- .data
  20001e58    20001e58    00000765   00000000    rw- .bss
20013c00    20013c00    00000400   00000000    rw-
  20013c00    20013c00    00000400   00000000    rw- .stack


SECTION ALLOCATION MAP

 output                                  attributes/
section   page    origin      length       input sections
--------  ----  ----------  ----------   ----------------
.binit     0    00000000    00000000     

.cinit     0    00005868    00000568     
                  00005868    00000512     (.cinit..data.load) [load image, compression = lzss]
                  00005d7a    00000002     --HOLE-- [fill = 0]
                  00005d7c    0000000c     (__TI_handler_table)
                  00005d88    00000008     (.cinit..bss.load) [load image, compression = zero_init]
                  00005d90    00000008     (.cinit..data:xdcRomConstPtr.load) [load image, compression = lzss]
                  00005d98    00000008     (.cinit..data:xdcRomExternFuncPtr.load) [load image, compression = lzss]
                  00005da0    00000008     (.cinit..data:xdcRomStatePtr.load) [load image, compression = lzss]
                  00005da8    00000028     (__TI_cinit_table)

.init_array 
*          0    00000000    00000000     UNINITIALIZED

.ccfg      0    00057fa8    00000058     
                  00057fa8    00000058     ti_devices_config.obj (.ccfg:retain)

.data      0    20001110    00000d42     UNINITIALIZED
                  20001110    00000400     pwmled2.obj (.data:arr_currectionCurve2)
                  20001510    00000400     pwmled2.obj (.data:arr_currectionCurve)
                  20001910    00000110     drivers_cc26x2.aem4f : PowerCC26X2.oem4f (.data:PowerCC26X2_module)
                  20001a20    0000010c     release_pem4f.oem4f (.data:ROM_stateStruct)
                  20001b2c    00000088     rom_sysbios.aem4f : rom_sysbios.obj (.data:$O1$$)
                  20001bb4    00000054     release_pem4f.oem4f (.data:ti_sysbios_gates_GateMutex_Object__table__V)
                  20001c08    0000004c     release_pem4f.oem4f (.data:ti_sysbios_knl_Task_Object__table__V)
                  20001c54    00000004     drivers_cc26x2.aem4f : PWMTimerCC26XX.oem4f (.data)
                  20001c58    00000048     release_pem4f.oem4f (.data:ti_sysbios_family_arm_cc26xx_Timer_Object__table__V)
                  20001ca0    00000030     release_pem4f.oem4f (.data:ti_sysbios_knl_Swi_Module_State_0_readyQ__A)
                  20001cd0    00000030     release_pem4f.oem4f (.data:ti_sysbios_knl_Swi_Object__table__V)
                  20001d00    00000030     release_pem4f.oem4f (.data:ti_sysbios_knl_Task_Module_State_0_readyQ__A)
                  20001d30    00000020     release_pem4f.oem4f (.data:ti_sysbios_knl_Clock_Object__table__V)
                  20001d50    00000020     release_pem4f.oem4f (.data:xdc_runtime_Error_IgnoreBlock)
                  20001d70    00000018     release_pem4f.oem4f (.data:ti_sysbios_family_arm_m3_Hwi_Object__table__V)
                  20001d88    00000018     release_pem4f.oem4f (.data:ti_sysbios_heaps_HeapMem_Object__table__V)
                  20001da0    00000014     pwmled2.obj (.data)
                  20001db4    00000008     rtsv7M4_T_le_v4SPD16_eabi.lib : _lock.c.obj (.data:$O1$$)
                  20001dbc    00000008     drivers_cc26x2.aem4f : PINCC26XX.oem4f (.data)
                  20001dc4    00000008     release_pem4f.oem4f (.data:ti_sysbios_family_arm_m3_Hwi_Module__root__V)
                  20001dcc    00000008     release_pem4f.oem4f (.data:ti_sysbios_gates_GateHwi_Module__root__V)
                  20001dd4    00000008     release_pem4f.oem4f (.data:ti_sysbios_gates_GateMutex_Module__root__V)
                  20001ddc    00000008     release_pem4f.oem4f (.data:ti_sysbios_hal_Hwi_Module__root__V)
                  20001de4    00000008     release_pem4f.oem4f (.data:ti_sysbios_heaps_HeapMem_Module__root__V)
                  20001dec    00000008     release_pem4f.oem4f (.data:ti_sysbios_knl_Clock_Module__root__V)
                  20001df4    00000008     release_pem4f.oem4f (.data:ti_sysbios_knl_Event_Module__root__V)
                  20001dfc    00000008     release_pem4f.oem4f (.data:ti_sysbios_knl_Mailbox_Module__root__V)
                  20001e04    00000008     release_pem4f.oem4f (.data:ti_sysbios_knl_Queue_Module__root__V)
                  20001e0c    00000008     release_pem4f.oem4f (.data:ti_sysbios_knl_Semaphore_Module__root__V)
                  20001e14    00000008     release_pem4f.oem4f (.data:ti_sysbios_knl_Swi_Module__root__V)
                  20001e1c    00000008     release_pem4f.oem4f (.data:ti_sysbios_knl_Task_Module__root__V)
                  20001e24    00000008     release_pem4f.oem4f (.data:xdc_runtime_System_Module_State_0_atexitHandlers__A)
                  20001e2c    00000005     drivers_cc26x2.aem4f : GPIOCC26XX.oem4f (.data)
                  20001e31    00000001                          : PWM.oem4f (.data)
                  20001e32    00000002     release_pem4f.oem4f (.data:ti_sysbios_family_arm_m3_Hwi_Module_State_0_excActive__A)
                  20001e34    00000004     ti_drivers_config.obj (.data:gpioCallbackFunctions)
                  20001e38    00000004     ti_drivers_config.obj (.data:gpioPinConfigs)
                  20001e3c    00000004     drivers_cc26x2.aem4f : GPIOCC26XX.oem4f (.data:gpioPinTable)
                  20001e40    00000004     rtsv7M4_T_le_v4SPD16_eabi.lib : stkdepth_vars.c.obj (.data)
                  20001e44    00000004     release_pem4f.oem4f (.data:ti_sysbios_family_arm_m3_Hwi_Module_State_0_excContext__A)
                  20001e48    00000004     release_pem4f.oem4f (.data:ti_sysbios_family_arm_m3_Hwi_Module_State_0_excStack__A)
                  20001e4c    00000004     release_pem4f.oem4f (.data:ti_sysbios_knl_Task_Module_State_0_idleTask__A)
                  20001e50    00000001     drivers_cc26x2.aem4f : Timer.oem4f (.data)
                  20001e51    00000001                          : UART.oem4f (.data)

.bss       0    20001e58    00000765     UNINITIALIZED
                  20001e58    00000200     release_pem4f.oem4f (.bss:taskStackSection)
                  20002058    0000012c     (.common:uartCC26XXObjects)
                  20002184    000000e4     (.common:gptimerCC26XXObjects)
                  20002268    000000d8     (.common:ti_sysbios_family_arm_m3_Hwi_dispatchTable)
                  20002340    0000007c     (.common:pinHandleTable)
                  200023bc    00000040     (.common:pwmTimerCC26XXObjects)
                  200023fc    00000034     drivers_cc26x2.aem4f : PINCC26XX.oem4f (.bss:pinSwi)
                  20002430    00000034     (.common:timerCC26XXObjects)
                  20002464    00000024     (.common:uartParams)
                  20002488    00000020                          : GPIOCC26XX.oem4f (.bss:gpioCallbackInfo)
                  200024a8    00000020                          : PINCC26XX.oem4f (.bss:pinGpioConfigTable)
                  200024c8    00000020     ti_drivers_config.obj (.bss:uartCC26XXRingBuffer0)
                  200024e8    0000001c     driverlib.lib : osc.obj (.bss:$O1$$)
                  20002504    0000001c     drivers_cc26x2.aem4f : PINCC26XX.oem4f (.bss:pinHwi)
                  20002520    0000001c                          : PINCC26XX.oem4f (.bss:pinSemaphore)
                  2000253c    00000018     (.common:pwmParams)
                  20002554    0000000c                          : GPIOCC26XX.oem4f (.bss:gpioPinState)
                  20002560    0000000c                          : PWMTimerCC26XX.oem4f (.bss:pinState)
                  2000256c    0000000c     (.common:rxBuf)
                  20002578    0000000c     (.common:timerParams)
                  20002584    00000008                          : GPIOCC26XX.oem4f (.bss)
                  2000258c    00000004                          : PINCC26XX.oem4f (.bss)
                  20002590    00000004     (.common:ClockP_tickPeriod)
                  20002594    00000004     (.common:PowerCC26XX_swiKey)
                  20002598    00000004     (.common:PowerCC26XX_taskKey)
                  2000259c    00000004     (.common:currentDuty)
                  200025a0    00000004     (.common:dutyValue)
                  200025a4    00000004     (.common:expectedDuty)
                  200025a8    00000004     (.common:fadeTime)
                  200025ac    00000004     (.common:lightState)
                  200025b0    00000004     (.common:timerHandle)
                  200025b4    00000004     (.common:uartHandle)
                  200025b8    00000004     (.common:wantedRxBytes)
                  200025bc    00000001     (.common:driverlib_release_0_55938)

.stack     0    20013c00    00000400     UNINITIALIZED
                  20013c00    00000400     --HOLE--

.priheap   0    20000110    00001000     UNINITIALIZED
                  20000110    00001000     --HOLE--

.data:xdcRomConstPtr 
*          0    20000100    00000004     UNINITIALIZED
                  20000100    00000004     release_pem4f.oem4f (.data:xdcRomConstPtr)

.data:xdcRomExternFuncPtr 
*          0    20000104    00000004     UNINITIALIZED
                  20000104    00000004     release_pem4f.oem4f (.data:xdcRomExternFuncPtr)

.data:xdcRomStatePtr 
*          0    20000108    00000004     UNINITIALIZED
                  20000108    00000004     release_pem4f.oem4f (.data:xdcRomStatePtr)

.bootVecs 
*          0    00000000    00000008     DSECT
                  00000000    00000008     boot.aem4f : boot.oem4f (.bootVecs)

.resetVecs 
*          0    00000000    0000003c     
                  00000000    0000003c     release_pem4f.oem4f (.resetVecs)

.vecs      0    20000000    000000d8     NOLOAD SECTION
                  20000000    000000d8     release_pem4f.oem4f (.vecs)

xdc.meta   0    00000000    00000119     COPY SECTION
                  00000000    00000119     release_pem4f.oem4f (xdc.meta)

xdc.noload 
*          0    00000000    00000000     COPY SECTION

.text      0    0000003c    000050ac     
                  0000003c    000001fc     pwmled2.obj (.text:mainThread)
                  00000238    000001c4     drivers_cc26x2.aem4f : PINCC26XX.oem4f (.text:PIN_init)
                  000003fc    000001b6     rtsv7M4_T_le_v4SPD16_eabi.lib : fd_add_t2.asm.obj (.text)
                  000005b2    00000002     drivers_cc26x2.aem4f : PWMTimerCC26XX.oem4f (.text:PWMTimerCC26XX_init)
                  000005b4    000001a8                          : PowerCC26X2.oem4f (.text:Power_sleep)
                  0000075c    000001a4     pwmled2.obj (.text:timerCallbackFunction)
                  00000900    00000190     drivers_cc26x2.aem4f : PowerCC26X2_calibrateRCOSC.oem4f (.text:calibrateRcoscHf1)
                  00000a90    0000018c                          : PowerCC26X2.oem4f (.text:Power_init)
                  00000c1c    0000018c                          : PowerCC26X2_calibrateRCOSC.oem4f (.text:runCalibrateFsm)
                  00000da8    00000188     release_pem4f.oem4f (.text:xdc_runtime_System_printfExtend__I)
                  00000f30    00000164     drivers_cc26x2.aem4f : UARTCC26XX.oem4f (.text:UARTCC26XX_open)
                  00001094    00000154                          : UARTCC26XX.oem4f (.text:UARTCC26XX_hwiIntFxn)
                  000011e8    0000013a                          : UARTCC26XX.oem4f (.text:UARTCC26XX_read)
                  00001322    00000002                          : TimerCC26XX.oem4f (.text:TimerCC26XX_init)
                  00001324    00000110                          : GPIOCC26XX.oem4f (.text:GPIO_setConfig)
                  00001434    00000100                          : PowerCC26X2.oem4f (.text:configureXOSCHF)
                  00001534    000000fc     driverlib.lib : sys_ctrl.obj (.text:NOROM_SysCtrlStandby)
                  00001630    000000fc     rtsv7M4_T_le_v4SPD16_eabi.lib : fd_mul_t2.asm.obj (.text)
                  0000172c    000000f8     drivers_cc26x2.aem4f : PINCC26XX.oem4f (.text:PINCC26XX_setIoCfg)
                  00001824    000000ec     rom_sysbios.aem4f : rom_sysbios.obj (.text:pthread_create)
                  00001910    000000e0     drivers_cc26x2.aem4f : UARTCC26XX.oem4f (.text:UARTCC26XX_write)
                  000019f0    000000dc                          : PWMTimerCC26XX.oem4f (.text:PWMTimerCC26XX_open)
                  00001acc    000000dc                          : TimerCC26XX.oem4f (.text:TimerCC26XX_open)
                  00001ba8    000000c8                          : PowerCC26X2.oem4f (.text:Power_releaseDependency)
                  00001c70    000000c4                          : GPIOCC26XX.oem4f (.text:GPIO_init)
                  00001d34    000000c4                          : PowerCC26X2.oem4f (.text:Power_setDependency)
                  00001df8    000000c0                          : UARTCC26XX.oem4f (.text:UARTCC26XX_initIO)
                  00001eb8    000000b8                          : UARTCC26XX.oem4f (.text:UARTCC26XX_initHw)
                  00001f70    000000b4     dpl_cc26x2.aem4f : PowerCC26X2_tirtos.oem4f (.text:PowerCC26XX_standbyPolicy)
                  00002024    000000ac     drivers_cc26x2.aem4f : PINCC26XX.oem4f (.text:PIN_open)
                  000020d0    000000ac     driverlib.lib : setup.obj (.text:TrimAfterColdResetWakeupFromShutDown)
                  0000217c    000000a0     auto_init.aem4f : auto_init.oem4f (.text)
                  0000221c    000000a0     rom_sysbios.aem4f : rom_sysbios.obj (.text:ti_sysbios_knl_Task_setPri__E)
                  000022bc    0000009c     drivers_cc26x2.aem4f : PWMTimerCC26XX.oem4f (.text:PWMTimerCC26XX_setDutyAndPeriod)
                  00002358    0000009c     rtsv7M4_T_le_v4SPD16_eabi.lib : memcpy_t2.asm.obj (.text)
                  000023f4    00000098     driverlib.lib : setup.obj (.text:NOROM_SetupTrimDevice)
                  0000248c    00000098     drivers_cc26x2.aem4f : UARTCC26XX.oem4f (.text:writeTxFifoFlush)
                  00002524    00000096     rtsv7M4_T_le_v4SPD16_eabi.lib : ull_div_t2.asm.obj (.text)
                  000025ba    00000092     drivers_cc26x2.aem4f : UARTCC26XX.oem4f (.text:UARTCC26XX_writeCancel)
                  0000264c    00000088                          : GPTimerCC26XX.oem4f (.text:GPTimerCC26XX_open)
                  000026d4    00000088     driverlib.lib : osc.obj (.text:NOROM_OSCHF_AttemptToSwitchToXosc)
                  0000275c    00000088     rom_sysbios.aem4f : rom_sysbios.obj (.text:_pthread_removeThreadKeys)
                  000027e4    00000088     drivers_cc26x2.aem4f : PowerCC26X2_calibrateRCOSC.oem4f (.text:calibrateRcoscHf2)
                  0000286c    00000088                          : PowerCC26X2.oem4f (.text:disableLFClockQualifiers)
                  000028f4    00000088                          : PowerCC26X2_calibrateRCOSC.oem4f (.text:updateSubSecInc)
                  0000297c    00000086     rtsv7M4_T_le_v4SPD16_eabi.lib : fd_cmp_t2.asm.obj (.text:__aeabi_cdcmple)
                  00002a02    00000086                                   : fd_cmp_t2.asm.obj (.text:__aeabi_cdrcmple)
                  00002a88    00000084     CC26X2R1_LAUNCHXL_fxns.obj (.text:CC26X2R1_LAUNCHXL_sendExtFlashByte)
                  00002b0c    00000084     drivers_cc26x2.aem4f : UARTCC26XX.oem4f (.text:UARTCC26XX_close)
                  00002b90    00000084     rom_sysbios.aem4f : rom_sysbios.obj (.text:ti_sysbios_family_arm_m3_Hwi_excHandlerMin__I)
                  00002c14    00000080                       : rom_sysbios.obj (.text:ti_sysbios_family_arm_cc26xx_Timer_start__E)
                  00002c94    0000007a     rtsv7M4_T_le_v4SPD16_eabi.lib : memset_t2.asm.obj (.text)
                  00002d0e    00000002                                   : _lock.c.obj (.text:_nop)
                  00002d10    00000074     drivers_cc26x2.aem4f : GPTimerCC26XX.oem4f (.text:GPTimerCC26XX_resetHw)
                  00002d84    00000074                          : PowerCC26X2_calibrateRCOSC.oem4f (.text:PowerCC26X2_auxISR)
                  00002df8    00000070                          : PINCC26XX.oem4f (.text:PIN_add)
                  00002e68    00000070     pwmled2.obj (.text:readCallback)
                  00002ed8    0000006d     rom_sysbios.aem4f : rom_sysbios.obj (.text:xdc_runtime_System_formatNum__I)
                  00002f45    00000001     --HOLE-- [fill = 0]
                  00002f46    00000002     drivers_cc26x2.aem4f : PowerCC26X2.oem4f (.text:emptyClockFunc)
                  00002f48    00000068     driverlib.lib : osc.obj (.text:NOROM_OSCHF_SwitchToRcOscTurnOffXosc)
                  00002fb0    00000068                   : sys_ctrl.obj (.text:NOROM_SysCtrlSetRechargeBeforePowerDown)
                  00003018    00000068     rtsv7M4_T_le_v4SPD16_eabi.lib : copy_decompress_lzss.c.obj (.text:decompress:lzss:__TI_decompress_lzss)
                  00003080    00000064     drivers_cc26x2.aem4f : UARTCC26XX.oem4f (.text:UARTCC26XX_control)
                  000030e4    00000064     main_tirtos.obj (.text:main)
                  00003148    00000062     drivers_cc26x2.aem4f : UARTCC26XX.oem4f (.text:UARTCC26XX_swiIntFxn)
                  000031aa    00000002     rtsv7M4_T_le_v4SPD16_eabi.lib : div0.asm.obj (.text)
                  000031ac    0000005c     drivers_cc26x2.aem4f : PINCC26XX.oem4f (.text:PIN_remove)
                  00003208    0000005c                          : PWMTimerCC26XX.oem4f (.text:PWMTimerCC26XX_setPeriod)
                  00003264    0000005c                          : TimerCC26XX.oem4f (.text:TimerCC26XX_setPeriod)
                  000032c0    0000005c     rom_sysbios.aem4f : rom_sysbios.obj (.text:ti_sysbios_heaps_HeapMem_initPrimary__I)
                  0000331c    0000005c     release_pem4f.oem4f (.text:xdc_runtime_Startup_getState__I)
                  00003378    00000058     drivers_cc26x2.aem4f : GPTimerCC26XX.oem4f (.text:GPTimerCC26XX_stop)
                  000033d0    00000058                          : PowerCC26X2_calibrateRCOSC.oem4f (.text:PowerCC26X2_initiateCalibration)
                  00003428    00000058     boot.aem4f : boot.oem4f (.text)
                  00003480    00000058     rom_sysbios.aem4f : rom_sysbios.obj (.text:pthread_exit)
                  000034d8    00000054     driverlib.lib : chipinfo.obj (.text:NOROM_ChipInfo_GetChipType)
                  0000352c    00000050     dpl_cc26x2.aem4f : ClockP_tirtos.oem4f (.text:ClockP_construct)
                  0000357c    00000050     drivers_cc26x2.aem4f : GPIOCC26XX.oem4f (.text:GPIO_enableInt)
                  000035cc    00000050                          : GPTimerCC26XX.oem4f (.text:GPTimerCC26XX_registerInterrupt)
                  0000361c    00000050                          : PWMTimerCC26XX.oem4f (.text:PWMTimerCC26XX_getdutyCounts)
                  0000366c    0000004c     CC26X2R1_LAUNCHXL_fxns.obj (.text:CC26X2R1_LAUNCHXL_wakeUpExtFlash)
                  000036b8    0000004c     drivers_cc26x2.aem4f : GPTimerCC26XX.oem4f (.text:GPTimerCC26XX_initHw)
                  00003704    0000004c                          : GPTimerCC26XX.oem4f (.text:GPTimerCC26XX_start)
                  00003750    0000004c                          : UARTCC26XX.oem4f (.text:UARTCC26XX_readCancel)
                  0000379c    0000004c     rtsv7M4_T_le_v4SPD16_eabi.lib : cpy_tbl.c.obj (.text:copy_in)
                  000037e8    0000004c     drivers_cc26x2.aem4f : UARTCC26XX.oem4f (.text:startTxFifoEmptyClk)
                  00003834    0000004c                          : PowerCC26X2.oem4f (.text:switchXOSCHF)
                  00003880    00000048                          : GPTimerCC26XX.oem4f (.text:GPTimerCC26XXHwiFxn)
                  000038c8    00000048                          : PINCC26XX.oem4f (.text:PIN_setOutputEnable)
                  00003910    00000048                          : PWMTimerCC26XX.oem4f (.text:PWMTimerCC26XX_setDuty)
                  00003958    00000048                          : PowerCC26X2_calibrateRCOSC.oem4f (.text:PowerCC26X2_RCOSC_clockFunc)
                  000039a0    00000048     rtsv7M4_T_le_v4SPD16_eabi.lib : fd_toi_t2.asm.obj (.text)
                  000039e8    00000048     drivers_cc26x2.aem4f : UARTCC26XX.oem4f (.text:writeFinishedDoCallback)
                  00003a30    00000046                          : RingBuf.oem4f (.text:RingBuf_put)
                  00003a76    00000002     release_pem4f.oem4f (.text:ti_sysbios_BIOS_nullFunc__I)
                  00003a78    00000044     driverlib.lib : chipinfo.obj (.text:NOROM_ChipInfo_GetHwRevision)
                  00003abc    00000044     drivers_cc26x2.aem4f : PINCC26XX.oem4f (.text:PIN_swi)
                  00003b00    00000044                          : PWM.oem4f (.text:PWM_init)
                  00003b44    00000044                          : TimerCC26XX.oem4f (.text:TimerCC26XX_start)
                  00003b88    00000044                          : Timer.oem4f (.text:Timer_init)
                  00003bcc    00000044                          : UART.oem4f (.text:UART_init)
                  00003c10    00000044     rtsv7M4_T_le_v4SPD16_eabi.lib : fd_tou_t2.asm.obj (.text)
                  00003c54    00000040     CC26X2R1_LAUNCHXL_fxns.obj (.text:CC26X2R1_LAUNCHXL_shutDownExtFlash)
                  00003c94    00000040     drivers_cc26x2.aem4f : PWM.oem4f (.text:PWM_open)
                  00003cd4    00000040                          : RingBuf.oem4f (.text:RingBuf_get)
                  00003d14    00000040                          : Timer.oem4f (.text:Timer_open)
                  00003d54    00000040                          : UART.oem4f (.text:UART_open)
                  00003d94    00000040     rtsv7M4_T_le_v4SPD16_eabi.lib : u_divt2.asm.obj (.text)
                  00003dd4    00000040     rom_sysbios.aem4f : rom_sysbios.obj (.text:ti_sysbios_family_arm_cc26xx_Timer_setThreshold__I)
                  00003e14    0000003e     dpl_cc26x2.aem4f : HwiP_tirtos.oem4f (.text:HwiP_construct)
                  00003e52    00000002     rom_sysbios.aem4f : rom_sysbios.obj (.text:xdc_runtime_SysCallback_defaultAbort)
                  00003e54    0000003c     drivers_cc26x2.aem4f : GPTimerCC26XX.oem4f (.text:GPTimerCC26XX_unregisterInterrupt)
                  00003e90    0000003c                          : PINCC26XX.oem4f (.text:PIN_setInterrupt)
                  00003ecc    0000003c                          : PINCC26XX.oem4f (.text:PIN_setOutputValue)
                  00003f08    0000003c     dpl_cc26x2.aem4f : SwiP_tirtos.oem4f (.text:SwiP_construct)
                  00003f44    0000003c     rom_sysbios.aem4f : rom_sysbios.obj (.text:ti_sysbios_family_arm_m3_Hwi_construct2__E)
                  00003f80    00000038     driverlib.lib : osc.obj (.text:NOROM_OSC_HPOSCRelativeFrequencyOffsetGet)
                  00003fb8    00000038     drivers_cc26x2.aem4f : PINCC26XX.oem4f (.text:PIN_setConfig)
                  00003ff0    00000038                          : PowerCC26X2.oem4f (.text:notify)
                  00004028    00000038                          : UARTCC26XX.oem4f (.text:readData)
                  00004060    00000038     rtsv7M4_T_le_v4SPD16_eabi.lib : fs_tod_t2.asm.obj (.text)
                  00004098    00000038     drivers_cc26x2.aem4f : UARTCC26XX.oem4f (.text:writeData)
                  000040d0    00000036                          : TimerCC26XX.oem4f (.text:TimerCC26XX_stop)
                  00004106    00000036     rom_sysbios.aem4f : rom_sysbios.obj (.text:ti_sysbios_family_arm_cc26xx_Timer_setNextTick__E)
                  0000413c    00000034     drivers_cc26x2.aem4f : GPTimerCC26XX.oem4f (.text:GPTimerCC26XXSetLoadMatch)
                  00004170    00000034                          : GPTimerCC26XX.oem4f (.text:GPTimerCC26XX_configureDebugStall)
                  000041a4    00000034     driverlib.lib : aux_sysif.obj (.text:NOROM_AUXSYSIFOpModeChange)
                  000041d8    00000034                   : sys_ctrl.obj (.text:NOROM_SysCtrlIdle)
                  0000420c    00000034     drivers_cc26x2.aem4f : PWMTimerCC26XX.oem4f (.text:PWMTimerCC26XX_getperiodCounts)
                  00004240    00000034                          : UARTCC26XX.oem4f (.text:readData2RingBuf)
                  00004274    00000030                          : GPIOCC26XX.oem4f (.text:GPIO_hwiIntFxn)
                  000042a4    00000030                          : GPIOCC26XX.oem4f (.text:GPIO_setCallback)
                  000042d4    00000030                          : GPTimerCC26XX.oem4f (.text:GPTimerCC26XX_close)
                  00004304    00000030                          : PINCC26XX.oem4f (.text:PINCC26XX_setMux)
                  00004334    00000030                          : PWMTimerCC26XX.oem4f (.text:PWMTimerCC26XX_start)
                  00004364    00000030                          : PowerCC26X2.oem4f (.text:Power_releaseConstraint)
                  00004394    00000030                          : PowerCC26X2.oem4f (.text:Power_setConstraint)
                  000043c4    00000030     pwmled2.obj (.text:gpioButtonFxn0)
                  000043f4    00000030     release_pem4f.oem4f (.text:ti_sysbios_BIOS_atExitFunc__I)
                  00004424    00000030     release_pem4f.oem4f (.text:ti_sysbios_BIOS_startFunc__I)
                  00004454    00000030     rom_sysbios.aem4f : rom_sysbios.obj (.text:ti_sysbios_family_arm_cc26xx_Timer_getCurrentTick__E)
                  00004484    00000030                       : rom_sysbios.obj (.text:ti_sysbios_family_arm_cc26xx_Timer_initDevice__I)
                  000044b4    0000002e     rtsv7M4_T_le_v4SPD16_eabi.lib : i_tofd_t2.asm.obj (.text)
                  000044e2    00000002     rom_sysbios.aem4f : rom_sysbios.obj (.text:xdc_runtime_SysCallback_defaultExit)
                  000044e4    0000002c     drivers_cc26x2.aem4f : GPTimerCC26XX.oem4f (.text:GPTimerCC26XX_getTimerValue)
                  00004510    0000002c                          : PWMTimerCC26XX.oem4f (.text:PWMTimerCC26XX_close)
                  0000453c    0000002c                          : PWMTimerCC26XX.oem4f (.text:PWMTimerCC26XX_stop)
                  00004568    0000002c     dpl_cc26x2.aem4f : SemaphoreP_tirtos.oem4f (.text:SemaphoreP_constructBinary)
                  00004594    0000002c                      : SemaphoreP_tirtos.oem4f (.text:SemaphoreP_createBinary)
                  000045c0    0000002c     rom_sysbios.aem4f : rom_sysbios.obj (.text:_pthread_delete$45)
                  000045ec    0000002c                       : rom_sysbios.obj (.text:pthread_setcancelstate)
                  00004618    0000002c                       : rom_sysbios.obj (.text:ti_sysbios_knl_Clock_getTicksUntilInterrupt__E)
                  00004644    0000002a     drivers_cc26x2.aem4f : TimerCC26XX.oem4f (.text:TimerCC26XX_callbackfxn)
                  0000466e    0000002a     pwmled2.obj (.text:map)
                  00004698    00000028     driverlib.lib : osc.obj (.text:NOROM_OSCHF_TurnOnXosc)
                  000046c0    00000028     drivers_cc26x2.aem4f : PowerCC26X2.oem4f (.text:Power_registerNotify)
                  000046e8    00000028                          : TimerCC26XX.oem4f (.text:TimerCC26XX_close)
                  00004710    00000028     pwmled2.obj (.text:configSmoothDimTime)
                  00004738    00000028     drivers_cc26x2.aem4f : PowerCC26X2.oem4f (.text:oscillatorISR)
                  00004760    00000026                          : GPTimerCC26XX.oem4f (.text:GPTimerCC26XXLookupMask)
                  00004786    00000026                          : List.oem4f (.text:List_put)
                  000047ac    00000026                          : List.oem4f (.text:List_remove)
                  000047d2    00000002     rom_sysbios.aem4f : rom_sysbios.obj (.text:xdc_runtime_SysCallback_defaultFlush)
                  000047d4    00000024     drivers_cc26x2.aem4f : GPTimerCC26XX.oem4f (.text:GPTimerCC26XX_enableInterrupt)
                  000047f8    00000024     rom_sysbios.aem4f : rom_sysbios.obj (.text:_pthread_cleanupFxn)
                  0000481c    00000024     drivers_cc26x2.aem4f : PowerCC26X2_calibrateRCOSC.oem4f (.text:getTdcSemaphore)
                  00004840    00000024     rom_sysbios.aem4f : rom_sysbios.obj (.text:pthread_attr_init)
                  00004864    00000024     release_pem4f.oem4f (.text:ti_sysbios_BIOS_registerRTSLock__I)
                  00004888    00000024     release_pem4f.oem4f (.text:ti_sysbios_BIOS_removeRTSLock__I)
                  000048ac    00000024     rom_sysbios.aem4f : rom_sysbios.obj (.text:ti_sysbios_family_arm_cc26xx_Timer_getMaxTicks__E)
                  000048d0    00000022     drivers_cc26x2.aem4f : GPTimerCC26XX.oem4f (.text:GPTimerCC26XXReverseLookupMask)
                  000048f2    00000002     rom_sysbios.aem4f : rom_sysbios.obj (.text:xdc_runtime_SysCallback_defaultPutch)
                  000048f4    00000020     drivers_cc26x2.aem4f : PINCC26XX.oem4f (.text:PINCC26XX_setIoCfgMux)
                  00004914    00000020                          : PowerCC26X2.oem4f (.text:Power_unregisterNotify)
                  00004934    00000020                          : UARTCC26XX.oem4f (.text:threadSafeStdbyDisRelease)
                  00004954    00000020                          : UARTCC26XX.oem4f (.text:threadSafeStdbyDisSet)
                  00004974    00000020     release_pem4f.oem4f (.text:ti_sysbios_BIOS_rtsLock__I)
                  00004994    00000020     rom_sysbios.aem4f : rom_sysbios.obj (.text:ti_sysbios_family_arm_cc26xx_Timer_dynamicStub__E)
                  000049b4    00000020                       : rom_sysbios.obj (.text:xdc_runtime_Error_policyMin__E)
                  000049d4    0000001e     drivers_cc26x2.aem4f : PINCC26XX.oem4f (.text:PIN_close)
                  000049f2    0000001e                          : PowerCC26X2.oem4f (.text:Power_getTransitionLatency)
                  00004a10    0000001c     ti_drivers_config.obj (.text:Board_init)
                  00004a2c    0000001c     driverlib.lib : chipinfo.obj (.text:NOROM_ChipInfo_GetChipFamily)
                  00004a48    0000001c     drivers_cc26x2.aem4f : PINCC26XX.oem4f (.text:PIN_hwi)
                  00004a64    0000001c     dpl_cc26x2.aem4f : PowerCC26X2_tirtos.oem4f (.text:PowerCC26XX_schedulerDisable)
                  00004a80    0000001c                      : PowerCC26X2_tirtos.oem4f (.text:PowerCC26XX_schedulerRestore)
                  00004a9c    0000001c     rom_sysbios.aem4f : rom_sysbios.obj (.text:ti_sysbios_knl_Swi_construct2__E)
                  00004ab8    0000001c     release_pem4f.oem4f (.text:xdc_runtime_Startup_exec__I)
                  00004ad4    0000001a     drivers_cc26x2.aem4f : PWMTimerCC26XX.oem4f (.text:PWMTimerCC26XX_control)
                  00004aee    0000001a                          : PowerCC26X2.oem4f (.text:PowerCC26XX_calibrate)
                  00004b08    00000018     driverlib.lib : chipinfo.obj (.text:NOROM_ChipInfo_GetPackageType)
                  00004b20    00000018     drivers_cc26x2.aem4f : PowerCC26X2.oem4f (.text:Power_idleFunc)
                  00004b38    00000018                          : UART.oem4f (.text:UART_Params_init)
                  00004b50    00000018     rtsv7M4_T_le_v4SPD16_eabi.lib : args_main.c.obj (.text:_args_main)
                  00004b68    00000018     pwmled2.obj (.text:expectedDutyCalculator)
                  00004b80    00000018     rtsv7M4_T_le_v4SPD16_eabi.lib : ll_mul_t2.asm.obj (.text)
                  00004b98    00000018     release_pem4f.oem4f (.text:ti_sysbios_BIOS_rtsUnlock__I)
                  00004bb0    00000018     rom_sysbios.aem4f : rom_sysbios.obj (.text:ti_sysbios_knl_Swi_or__E)
                  00004bc8    00000018     pwmled2.obj (.text:writeCallback)
                  00004be0    00000018     rom_sysbios.aem4f : rom_sysbios.obj (.text:xdc_runtime_Error_init__E)
                  00004bf8    00000016     driverlib.lib : chipinfo.obj (.text:NOROM_ThisLibraryIsFor_CC13x2_CC26x2_HwRev20AndLater_HaltIfViolated)
                  00004c0e    00000016     rom_sysbios.aem4f : rom_sysbios.obj (.text:_pthread_cleanup_pop)
                  00004c24    00000016     release_pem4f.oem4f (.text:ti_sysbios_BIOS_exitFunc__I)
                  00004c3a    00000002     --HOLE-- [fill = 0]
                  00004c3c    00000014     drivers_cc26x2.aem4f : PWM.oem4f (.text:PWM_Params_init)
                  00004c50    00000014                          : PowerCC26X2_calibrateRCOSC.oem4f (.text:PowerCC26X2_calibrate)
                  00004c64    00000014     rom_sysbios.aem4f : rom_sysbios.obj (.text:pthread_attr_setschedparam)
                  00004c78    00000014     drivers_cc26x2.aem4f : PowerCC26X2.oem4f (.text:switchToTCXO)
                  00004c8c    00000014     rom_sysbios.aem4f : rom_sysbios.obj (.text:ti_sysbios_family_arm_cc26xx_Timer_getCount64__E)
                  00004ca0    00000014     release_pem4f.oem4f (.text:ti_sysbios_knl_Clock_doTick__I)
                  00004cb4    00000012     drivers_cc26x2.aem4f : GPTimerCC26XX.oem4f (.text:GPTimerCC26XX_Params_init)
                  00004cc6    00000012                          : RingBuf.oem4f (.text:RingBuf_construct)
                  00004cd8    00000012     dpl_cc26x2.aem4f : SemaphoreP_tirtos.oem4f (.text:SemaphoreP_pend)
                  00004cea    00000012     rom_sysbios.aem4f : rom_sysbios.obj (.text:_pthread_runStub$45)
                  00004cfc    00000010     dpl_cc26x2.aem4f : HwiP_tirtos.oem4f (.text:HwiP_Params_init)
                  00004d0c    00000010     drivers_cc26x2.aem4f : PINCC26XX.oem4f (.text:PINCC26XX_getPinCount)
                  00004d1c    00000010     dpl_cc26x2.aem4f : SwiP_tirtos.oem4f (.text:SwiP_Params_init)
                  00004d2c    00000010     drivers_cc26x2.aem4f : Timer.oem4f (.text:Timer_Params_init)
                  00004d3c    00000010                          : UARTCC26XX.oem4f (.text:uartPostNotify)
                  00004d4c    0000000e     rtsv7M4_T_le_v4SPD16_eabi.lib : copy_decompress_none.c.obj (.text:decompress:none:__TI_decompress_none)
                  00004d5a    0000000e     rom_sysbios.aem4f : rom_sysbios.obj (.text:pthread_attr_setdetachstate)
                  00004d68    0000000e                       : rom_sysbios.obj (.text:ti_sysbios_family_arm_cc26xx_TimestampProvider_get32__E)
                  00004d76    0000000c     driverlib.lib : cpu.obj (.text:NOROM_CPUcpsid)
                  00004d82    0000000c                   : cpu.obj (.text:NOROM_CPUcpsie)
                  00004d8e    0000000c     drivers_cc26x2.aem4f : PINCC26XX.oem4f (.text:PIN_registerIntCb)
                  00004d9a    00000002     --HOLE-- [fill = 0]
                  00004d9c    0000000c                          : PowerCC26X2.oem4f (.text:Power_getConstraintMask)
                  00004da8    0000000c                          : PowerCC26X2.oem4f (.text:Power_getDependencyCount)
                  00004db4    0000000c     dpl_cc26x2.aem4f : SemaphoreP_tirtos.oem4f (.text:SemaphoreP_delete)
                  00004dc0    0000000c     rtsv7M4_T_le_v4SPD16_eabi.lib : _lock.c.obj (.text:_register_lock)
                  00004dcc    0000000c                                   : _lock.c.obj (.text:_register_unlock)
                  00004dd8    0000000c                                   : copy_zero_init.c.obj (.text:decompress:ZI:__TI_zero_init)
                  00004de4    0000000c     rom_sysbios.aem4f : rom_sysbios.obj (.text:pthread_self)
                  00004df0    0000000c                       : rom_sysbios.obj (.text:ti_sysbios_knl_Queue_insert__E)
                  00004dfc    0000000c                       : rom_sysbios.obj (.text:ti_sysbios_knl_Swi_getTrigger__E)
                  00004e08    0000000a     dpl_cc26x2.aem4f : ClockP_tirtos.oem4f (.text:ClockP_Params_init)
                  00004e12    0000000a     drivers_cc26x2.aem4f : PWM.oem4f (.text:PWM_setDuty)
                  00004e1c    0000000a                          : PWM.oem4f (.text:PWM_start)
                  00004e26    0000000a                          : Timer.oem4f (.text:Timer_setPeriod)
                  00004e30    0000000a                          : Timer.oem4f (.text:Timer_start)
                  00004e3a    0000000a                          : UART.oem4f (.text:UART_control)
                  00004e44    0000000a                          : UART.oem4f (.text:UART_read)
                  00004e4e    0000000a                          : UART.oem4f (.text:UART_write)
                  00004e58    00000008     CC26X2R1_LAUNCHXL_fxns.obj (.text:Board_initHook)
                  00004e60    00000008     drivers_cc26x2.aem4f : GPTimerCC26XX.oem4f (.text:GPTimerCC26XX_setLoadValue)
                  00004e68    00000008                          : GPTimerCC26XX.oem4f (.text:GPTimerCC26XX_setMatchValue)
                  00004e70    00000008                          : TimerCC26XX.oem4f (.text:TimerCC26XX_getCount)
                  00004e78    00000008                          : UARTCC26XX.oem4f (.text:UARTCC26XX_init)
                  00004e80    00000008                          : UARTCC26XX.oem4f (.text:readSemCallback)
                  00004e88    00000008                          : UARTCC26XX.oem4f (.text:writeSemCallback)
                  00004e90    00000008     release_pem4f.oem4f (.text:xdc_runtime_Text_visitRope__I)
                  00004e98    00000006     drivers_cc26x2.aem4f : GPTimerCC26XX.oem4f (.text:GPTimerCC26XX_getArg)
                  00004e9e    00000006                          : GPTimerCC26XX.oem4f (.text:GPTimerCC26XX_getValue)
                  00004ea4    00000006                          : GPTimerCC26XX.oem4f (.text:GPTimerCC26XX_setArg)
                  00004eaa    00000006     driverlib.lib : cpu.obj (.text:NOROM_CPUdelay)
                  00004eb0    00000006     drivers_cc26x2.aem4f : TimerCC26XX.oem4f (.text:TimerCC26XX_control)
                  00004eb6    00000006                          : UARTCC26XX.oem4f (.text:UARTCC26XX_readPolling)
                  00004ebc    00000006                          : UARTCC26XX.oem4f (.text:UARTCC26XX_writePolling)
                  00004ec2    00000006     rom_sysbios.aem4f : rom_sysbios.obj (.text:pthread_attr_setstacksize)
                  00004ec8    00000004     dpl_cc26x2.aem4f : PowerCC26X2_tirtos.oem4f (.text:CPUwfi)
                  00004ecc    00000004                      : ClockP_tirtos.oem4f (.text:ClockP_destruct)
                  00004ed0    00000004                      : ClockP_tirtos.oem4f (.text:ClockP_getCpuFreq)
                  00004ed4    00000004                      : ClockP_tirtos.oem4f (.text:ClockP_setTimeout)
                  00004ed8    00000004                      : ClockP_tirtos.oem4f (.text:ClockP_start)
                  00004edc    00000004                      : ClockP_tirtos.oem4f (.text:ClockP_stop)
                  00004ee0    00000004                      : HwiP_tirtos.oem4f (.text:HwiP_destruct)
                  00004ee4    00000004                      : HwiP_tirtos.oem4f (.text:HwiP_disable)
                  00004ee8    00000004                      : SemaphoreP_tirtos.oem4f (.text:SemaphoreP_destruct)
                  00004eec    00000004                      : SemaphoreP_tirtos.oem4f (.text:SemaphoreP_post)
                  00004ef0    00000004                      : SwiP_tirtos.oem4f (.text:SwiP_destruct)
                  00004ef4    00000004                      : SwiP_tirtos.oem4f (.text:SwiP_disable)
                  00004ef8    00000004                      : SwiP_tirtos.oem4f (.text:SwiP_getTrigger)
                  00004efc    00000004                      : SwiP_tirtos.oem4f (.text:SwiP_or)
                  00004f00    00000004     drivers_cc26x2.aem4f : PowerCC26X2.oem4f (.text:configureRFCoreClocks)
                  00004f04    00000004                          : PowerCC26X2.oem4f (.text:nopResourceHandler)
                  00004f08    00000004     rom_sysbios.aem4f : rom_sysbios.obj (.text:ti_sysbios_knl_Task_getArg1__E)
                  00004f0c    00000004                       : rom_sysbios.obj (.text:ti_sysbios_knl_Task_getEnv__E)
                  00004f10    00000004     release_pem4f.oem4f (.text:xdc_runtime_Startup_reset__I)
                  00004f14    00000004     rom_sysbios.aem4f : rom_sysbios.obj (.text:xdc_runtime_SysCallback_defaultReady)
                  00004f18    00000008     (.tramp.ti_sysbios_knl_Swi_destruct.1)
                  00004f20    00000008     (.tramp.ti_sysbios_family_arm_m3_Hwi_disableFxn__E.1)
                  00004f28    00000008     (.tramp.ti_sysbios_family_arm_m3_Hwi_destruct.1)
                  00004f30    00000008     (.tramp.ti_sysbios_BIOS_getCpuFreq__E.1)
                  00004f38    00000008     (.tramp.ti_sysbios_knl_Clock_destruct.1)
                  00004f40    00000008     (.tramp.ti_sysbios_knl_Task_self__E.1)
                  00004f48    00000008     (.tramp.ti_sysbios_knl_Semaphore_delete.1)
                  00004f50    00000008     (.tramp.ti_sysbios_knl_Clock_logTick__E.1)
                  00004f58    00000008     (.tramp.ti_sysbios_knl_Swi_post__E.1)
                  00004f60    00000008     (.tramp.ti_sysbios_BIOS_RtsGateProxy_leave__E.1)
                  00004f68    00000008     (.tramp.ti_sysbios_knl_Swi_construct.1)
                  00004f70    00000008     (.tramp.ti_sysbios_BIOS_RtsGateProxy_enter__E.1)
                  00004f78    00000008     (.tramp.ti_sysbios_knl_Clock_TimerProxy_getCurrentTick__E.1)
                  00004f80    00000008     (.tramp.ti_sysbios_knl_Task_delete.1)
                  00004f88    00000008     (.tramp.ti_sysbios_knl_Semaphore_destruct.1)
                  00004f90    00000008     (.tramp.ti_sysbios_knl_Semaphore_create.1)
                  00004f98    00000008     (.tramp.ti_sysbios_knl_Task_startup__E.1)
                  00004fa0    00000008     (.tramp.ti_sysbios_knl_Swi_startup__E.1)
                  00004fa8    00000008     (.tramp.ti_sysbios_hal_Hwi_startup__E.1)
                  00004fb0    00000008     (.tramp.ti_sysbios_family_arm_cc26xx_Timer_startup__E.1)
                  00004fb8    00000008     (.tramp.xdc_runtime_System_atexit__E.1)
                  00004fc0    00000008     (.tramp.ti_sysbios_BIOS_linkedWithIncorrectBootLibrary__E.1)
                  00004fc8    00000008     (.tramp.xdc_runtime_Startup_rtsDone__E.1)
                  00004fd0    00000008     (.tramp.ti_sysbios_knl_Swi_disable__E.1)
                  00004fd8    00000008     (.tramp.ti_sysbios_family_arm_m3_Hwi_construct.1)
                  00004fe0    00000008     (.tramp.ti_sysbios_knl_Swi_Params__init__S.1)
                  00004fe8    00000008     (.tramp.ti_sysbios_family_arm_m3_Hwi_Params__init__S.1)
                  00004ff0    00000008     (.tramp.ti_sysbios_knl_Clock_construct.1)
                  00004ff8    00000008     (.tramp.ti_sysbios_knl_Clock_Params__init__S.1)
                  00005000    00000008     (.tramp.xdc_runtime_System_exit__E.1)
                  00005008    00000008     (.tramp.ti_sysbios_heaps_HeapMem_restore__E.1)
                  00005010    00000008     (.tramp.ti_sysbios_heaps_HeapMem_Object__get__S.1)
                  00005018    00000008     (.tramp.ti_sysbios_BIOS_start__E.1)
                  00005020    00000008     (.tramp.xdc_runtime_Error_raiseX__E.1)
                  00005028    00000008     (.tramp.ti_sysbios_BIOS_setThreadType__E.1)
                  00005030    00000008     (.tramp.ti_sysbios_family_arm_m3_Hwi_excFillContext__I.1)
                  00005038    00000008     (.tramp.ti_sysbios_knl_Semaphore_post__E.1)
                  00005040    00000008     (.tramp.xdc_runtime_Memory_free__E.1)
                  00005048    00000008     (.tramp.ti_sysbios_knl_Queue_next__E.1)
                  00005050    00000008     (.tramp.ti_sysbios_knl_Queue_head__E.1)
                  00005058    00000008     (.tramp.ti_sysbios_knl_Semaphore_pend__E.1)
                  00005060    00000008     (.tramp.ti_sysbios_knl_Task_restore__E.1)
                  00005068    00000008     (.tramp.ti_sysbios_knl_Queue_enqueue__E.1)
                  00005070    00000008     (.tramp.ti_sysbios_knl_Queue_empty__E.1)
                  00005078    00000008     (.tramp.ti_sysbios_knl_Queue_remove__E.1)
                  00005080    00000008     (.tramp.ti_sysbios_knl_Task_disable__E.1)
                  00005088    00000008     (.tramp.ti_sysbios_knl_Clock_stop__E.1)
                  00005090    00000008     (.tramp.ti_sysbios_knl_Clock_start__E.1)
                  00005098    00000008     (.tramp.ti_sysbios_knl_Clock_setTimeout__E.1)
                  000050a0    00000008     (.tramp.ti_sysbios_knl_Task_create.1)
                  000050a8    00000008     (.tramp.ti_sysbios_knl_Semaphore_construct.1)
                  000050b0    00000008     (.tramp.ti_sysbios_knl_Semaphore_Params__init__S.1)
                  000050b8    00000008     (.tramp.ti_sysbios_knl_Queue_construct.1)
                  000050c0    00000008     (.tramp.xdc_runtime_Memory_alloc__E.1)
                  000050c8    00000008     (.tramp.ti_sysbios_knl_Task_Params__init__S.1)
                  000050d0    00000008     (.tramp.ti_sysbios_family_arm_m3_Hwi_restoreFxn__E.1)
                  000050d8    00000008     (.tramp.xdc_runtime_System_doPrint__I.1)
                  000050e0    00000008     (.tramp.ti_sysbios_knl_Swi_restore__E.1)

.const     0    000050e8    0000077c     
                  000050e8    000003b8     release_pem4f.oem4f (.const:ROM_constStruct)
                  000054a0    00000054     drivers_cc26x2.aem4f : PowerCC26X2.oem4f (.const:resourceDB)
                  000054f4    00000048     release_pem4f.oem4f (.const:.string)
                  0000553c    00000048     release_pem4f.oem4f (.const:ROM_externFuncPtrs)
                  00005584    00000028     drivers_cc26x2.aem4f : UARTCC26XX.oem4f (.const:UARTCC26XX_fxnTable)
                  000055ac    00000028     ti_drivers_config.obj (.const:uartCC26XXHWAttrs)
                  000055d4    00000024     ti_drivers_config.obj (.const:GPTimerCC26XX_config)
                  000055f8    00000024     drivers_cc26x2.aem4f : PWMTimerCC26XX.oem4f (.const:PWMTimerCC26XX_fxnTable)
                  0000561c    00000024                          : UART.oem4f (.const:UART_defaultParams)
                  00005640    00000024     ti_drivers_config.obj (.const:gptimerCC26XXHWAttrs)
                  00005664    00000024     release_pem4f.oem4f (.const:xdc_runtime_Startup_sfxnTab__A)
                  00005688    00000020     drivers_cc26x2.aem4f : TimerCC26XX.oem4f (.const:TimerCC26XX_fxnTable)
                  000056a8    0000001c                          : GPTimerCC26XX.oem4f (.const:GPT_LUT)
                  000056c4    00000018     ti_drivers_config.obj (.const:BoardGpioInitTable)
                  000056dc    00000018     ti_drivers_config.obj (.const:PWM_config)
                  000056f4    00000018     drivers_cc26x2.aem4f : PWM.oem4f (.const:PWM_defaultParams)
                  0000570c    00000018                          : GPIOCC26XX.oem4f (.const:interruptType)
                  00005724    00000014     CC26X2R1_LAUNCHXL_fxns.obj (.const:$P$T1$2)
                  00005738    00000014     ti_drivers_config.obj (.const:GPIOCC26XX_config)
                  0000574c    00000014     ti_drivers_config.obj (.const:PowerCC26X2_config)
                  00005760    00000014     drivers_cc26x2.aem4f : UARTCC26XX.oem4f (.const:parityType)
                  00005774    00000012     release_pem4f.oem4f (.const:xdc_runtime_Startup_sfxnRts__A)
                  00005786    00000002     ti_drivers_config.obj (.const:timerCC26XXHWAttrs)
                  00005788    00000010     drivers_cc26x2.aem4f : UARTCC26XX.oem4f (.const:dataLength)
                  00005798    00000010                          : GPIOCC26XX.oem4f (.const:outPinTypes)
                  000057a8    0000000c     ti_drivers_config.obj (.const:Timer_config)
                  000057b4    0000000c     ti_drivers_config.obj (.const:UART_config)
                  000057c0    0000000c     drivers_cc26x2.aem4f : Timer.oem4f (.const:defaultParams)
                  000057cc    0000000c                          : GPIOCC26XX.oem4f (.const:inPinTypes)
                  000057d8    0000000c                          : GPIOCC26XX.oem4f (.const:outPinStrengths)
                  000057e4    0000000c     release_pem4f.oem4f (.const:xdc_runtime_Startup_firstFxns__A)
                  000057f0    00000008     driverlib.lib : aux_sysif.obj (.const:$O1$$)
                  000057f8    00000008     CC26X2R1_LAUNCHXL_fxns.obj (.const:$P$T0$1)
                  00005800    00000008     drivers_cc26x2.aem4f : GPTimerCC26XX.oem4f (.const:GPT_DefaultParams)
                  00005808    00000008     ti_drivers_config.obj (.const:PINCC26XX_hwAttrs)
                  00005810    00000008     drivers_cc26x2.aem4f : UARTCC26XX.oem4f (.const:stopBits)
                  00005818    00000008     release_pem4f.oem4f (.const:ti_sysbios_family_arm_m3_Hwi_excHookFuncs__A)
                  00005820    00000008     release_pem4f.oem4f (.const:ti_sysbios_knl_Idle_funcList__A)
                  00005828    00000006     drivers_cc26x2.aem4f : UARTCC26XX.oem4f (.const:.string:rxFifoBytes)
                  0000582e    00000006                          : UARTCC26XX.oem4f (.const:.string:rxFifoThreshold)
                  00005834    00000006                          : UARTCC26XX.oem4f (.const:.string:txFifoBytes)
                  0000583a    00000006                          : UARTCC26XX.oem4f (.const:.string:txFifoThreshold)
                  00005840    00000005     ti_drivers_config.obj (.const)
                  00005845    00000004     pwmled2.obj (.const:.string:$P$T0$1)
                  00005849    00000004     ti_drivers_config.obj (.const:pwmTimerCC26XXHWAttrs)
                  0000584d    00000001     release_pem4f.oem4f (.const:xdc_runtime_Text_charTab__A)
                  0000584e    00000002     --HOLE-- [fill = 0]
                  00005850    00000004     release_pem4f.oem4f (.const:ti_sysbios_family_arm_m3_Hwi_E_exception__C)
                  00005854    00000004     release_pem4f.oem4f (.const:ti_sysbios_heaps_HeapMem_primaryHeapBaseAddr__C)
                  00005858    00000004     release_pem4f.oem4f (.const:ti_sysbios_heaps_HeapMem_primaryHeapEndAddr__C)
                  0000585c    00000004     release_pem4f.oem4f (.const:ti_sysbios_knl_Clock_tickPeriod__C)
                  00005860    00000004     release_pem4f.oem4f (.const:ti_sysbios_knl_Task_Object__heap__C)

MODULE SUMMARY

       Module                             code    ro data   rw data
       ------                             ----    -------   -------
    .\
       pwmled2.obj                        1218    4         2184   
       CC26X2R1_LAUNCHXL_fxns.obj         280     28        0      
       main_tirtos.obj                    100     0         0      
    +--+----------------------------------+-------+---------+---------+
       Total:                             1598    32        2184   
                                                                   
    .\syscfg\
       ti_drivers_config.obj              28      243       684    
       ti_devices_config.obj              0       88        0      
    +--+----------------------------------+-------+---------+---------+
       Total:                             28      331       684    
                                                                   
    D:\VB_Shared\Zigbee_CC2652_Resources\workspace_v9\tirtos_builds_CC26X2R1_LAUNCHXL_release_ccs\Debug\configPkg\package\cfg\
       release_pem4f.oem4f                792     1259      1830   
    +--+----------------------------------+-------+---------+---------+
       Total:                             792     1259      1830   
                                                                   
    C:/ti/simplelink_cc13x2_26x2_sdk_3_40_00_02/kernel/tirtos/packages/ti/dpl/lib/dpl_cc26x2.aem4f
       PowerCC26X2_tirtos.oem4f           240     0         8      
       SemaphoreP_tirtos.oem4f            126     0         0      
       ClockP_tirtos.oem4f                110     0         4      
       SwiP_tirtos.oem4f                  92      0         0      
       HwiP_tirtos.oem4f                  86      0         0      
    +--+----------------------------------+-------+---------+---------+
       Total:                             654     0         12     
                                                                   
    C:/ti/simplelink_cc13x2_26x2_sdk_3_40_00_02/source/ti/devices/cc13x2_cc26x2/driverlib/bin/ccs/driverlib.lib
       sys_ctrl.obj                       408     0         0      
       osc.obj                            336     0         28     
       setup.obj                          324     0         0      
       chipinfo.obj                       226     0         0      
       aux_sysif.obj                      52      8         0      
       cpu.obj                            30      0         0      
       driverlib_release.obj              0       0         1      
    +--+----------------------------------+-------+---------+---------+
       Total:                             1376    8         29     
                                                                   
    C:/ti/simplelink_cc13x2_26x2_sdk_3_40_00_02/source/ti/drivers/lib/drivers_cc26x2.aem4f
       UARTCC26XX.oem4f                   2742    108       0      
       PowerCC26X2.oem4f                  2082    84        272    
       PINCC26XX.oem4f                    1558    0         276    
       PowerCC26X2_calibrateRCOSC.oem4f   1400    0         0      
       GPTimerCC26XX.oem4f                1060    36        0      
       PWMTimerCC26XX.oem4f               836     36        16     
       GPIOCC26XX.oem4f                   644     64        61     
       TimerCC26XX.oem4f                  532     32        0      
       UART.oem4f                         186     36        1      
       PWM.oem4f                          172     24        1      
       Timer.oem4f                        168     12        1      
       RingBuf.oem4f                      152     0         0      
       List.oem4f                         76      0         0      
    +--+----------------------------------+-------+---------+---------+
       Total:                             11608   432       628    
                                                                   
    C:\ti\ccs930\ccs\tools\compiler\ti-cgt-arm_18.12.4.LTS\lib\rtsv7M4_T_le_v4SPD16_eabi.lib
       fd_add_t2.asm.obj                  438     0         0      
       fd_cmp_t2.asm.obj                  268     0         0      
       fd_mul_t2.asm.obj                  252     0         0      
       memcpy_t2.asm.obj                  156     0         0      
       ull_div_t2.asm.obj                 150     0         0      
       memset_t2.asm.obj                  122     0         0      
       copy_decompress_lzss.c.obj         104     0         0      
       cpy_tbl.c.obj                      76      0         0      
       fd_toi_t2.asm.obj                  72      0         0      
       fd_tou_t2.asm.obj                  68      0         0      
       u_divt2.asm.obj                    64      0         0      
       fs_tod_t2.asm.obj                  56      0         0      
       i_tofd_t2.asm.obj                  46      0         0      
       _lock.c.obj                        26      0         8      
       args_main.c.obj                    24      0         0      
       ll_mul_t2.asm.obj                  24      0         0      
       copy_decompress_none.c.obj         14      0         0      
       copy_zero_init.c.obj               12      0         0      
       stkdepth_vars.c.obj                0       0         4      
       div0.asm.obj                       2       0         0      
    +--+----------------------------------+-------+---------+---------+
       Total:                             1974    0         12     
                                                                   
    C:\ti\simplelink_cc13x2_26x2_sdk_3_40_00_02\kernel\tirtos\packages\ti\targets\arm\rtsarm\lib\auto_init.aem4f
       auto_init.oem4f                    160     0         0      
    +--+----------------------------------+-------+---------+---------+
       Total:                             160     0         0      
                                                                   
    C:\ti\simplelink_cc13x2_26x2_sdk_3_40_00_02\kernel\tirtos\packages\ti\targets\arm\rtsarm\lib\boot.aem4f
       boot.oem4f                         88      0         0      
    +--+----------------------------------+-------+---------+---------+
       Total:                             88      0         0      
                                                                   
    D:\VB_Shared\Zigbee_CC2652_Resources\workspace_v9\tirtos_builds_CC26X2R1_LAUNCHXL_release_ccs\src\sysbios\rom_sysbios.aem4f
       rom_sysbios.obj                    1905    0         136    
    +--+----------------------------------+-------+---------+---------+
       Total:                             1905    0         136    
                                                                   
       Stack:                             0       0         1024   
       Linker Generated:                  464     1382      0      
    +--+----------------------------------+-------+---------+---------+
       Grand Total:                       20647   3444      6539   


LINKER GENERATED COPY TABLES

__TI_cinit_table @ 00005da8 records: 5, size/record: 8, table size: 40
	.data: load addr=00005868, load size=00000512 bytes, run addr=20001110, run size=00000d42 bytes, compression=lzss
	.bss: load addr=00005d88, load size=00000008 bytes, run addr=20001e58, run size=00000765 bytes, compression=zero_init
	.data:xdcRomConstPtr: load addr=00005d90, load size=00000008 bytes, run addr=20000100, run size=00000004 bytes, compression=lzss
	.data:xdcRomExternFuncPtr: load addr=00005d98, load size=00000008 bytes, run addr=20000104, run size=00000004 bytes, compression=lzss
	.data:xdcRomStatePtr: load addr=00005da0, load size=00000008 bytes, run addr=20000108, run size=00000004 bytes, compression=lzss


LINKER GENERATED HANDLER TABLE

__TI_handler_table @ 00005d7c records: 3, size/record: 4, table size: 12
	index: 0, handler: __TI_decompress_lzss
	index: 1, handler: __TI_decompress_none
	index: 2, handler: __TI_zero_init


FAR CALL TRAMPOLINES

callee name               trampoline name
   callee addr  tramp addr   call addr  call info
--------------  -----------  ---------  ----------------
ti_sysbios_knl_Swi_destruct  $Tramp$TT$L$PI$$ti_sysbios_knl_Swi_destruct
   1002e8bd     00004f18     00004ef0   dpl_cc26x2.aem4f : SwiP_tirtos.oem4f (.text:SwiP_destruct)
ti_sysbios_family_arm_m3_Hwi_disableFxn__E  $Tramp$TT$L$PI$$ti_sysbios_family_arm_m3_Hwi_disableFxn__E
   1002eb55     00004f20     00004ee4   dpl_cc26x2.aem4f : HwiP_tirtos.oem4f (.text:HwiP_disable)
ti_sysbios_family_arm_m3_Hwi_destruct  $Tramp$TT$L$PI$$ti_sysbios_family_arm_m3_Hwi_destruct
   1002e475     00004f28     00004ee0   dpl_cc26x2.aem4f : HwiP_tirtos.oem4f (.text:HwiP_destruct)
ti_sysbios_BIOS_getCpuFreq__E  $Tramp$TT$L$PI$$ti_sysbios_BIOS_getCpuFreq__E
   1002e9fd     00004f30     00004ed0   dpl_cc26x2.aem4f : ClockP_tirtos.oem4f (.text:ClockP_getCpuFreq)
ti_sysbios_knl_Clock_destruct  $Tramp$TT$L$PI$$ti_sysbios_knl_Clock_destruct
   1002e649     00004f38     00004ecc   dpl_cc26x2.aem4f : ClockP_tirtos.oem4f (.text:ClockP_destruct)
ti_sysbios_knl_Task_self__E  $Tramp$TT$L$PI$$ti_sysbios_knl_Task_self__E
   1002eaf5     00004f40     00004de6   rom_sysbios.aem4f : rom_sysbios.obj (.text:pthread_self)
ti_sysbios_knl_Semaphore_delete  $Tramp$TT$L$PI$$ti_sysbios_knl_Semaphore_delete
   1002ecdb     00004f48     00004dba   dpl_cc26x2.aem4f : SemaphoreP_tirtos.oem4f (.text:SemaphoreP_delete)
ti_sysbios_knl_Clock_logTick__E  $Tramp$TT$L$PI$$ti_sysbios_knl_Clock_logTick__E
   1002dbd7     00004f50     00004ca2   release_pem4f.oem4f (.text:ti_sysbios_knl_Clock_doTick__I)
ti_sysbios_knl_Swi_post__E  $Tramp$TT$L$PI$$ti_sysbios_knl_Swi_post__E
   1002d891     00004f58     00004bc4   rom_sysbios.aem4f : rom_sysbios.obj (.text:ti_sysbios_knl_Swi_or__E)
                             00004caa   release_pem4f.oem4f (.text:ti_sysbios_knl_Clock_doTick__I)
ti_sysbios_BIOS_RtsGateProxy_leave__E  $Tramp$TT$L$PI$$ti_sysbios_BIOS_RtsGateProxy_leave__E
   1002ec7b     00004f60     00004ba6   release_pem4f.oem4f (.text:ti_sysbios_BIOS_rtsUnlock__I)
ti_sysbios_knl_Swi_construct  $Tramp$TT$L$PI$$ti_sysbios_knl_Swi_construct
   1002d719     00004f68     00004aa2   rom_sysbios.aem4f : rom_sysbios.obj (.text:ti_sysbios_knl_Swi_construct2__E)
ti_sysbios_BIOS_RtsGateProxy_enter__E  $Tramp$TT$L$PI$$ti_sysbios_BIOS_RtsGateProxy_enter__E
   1002ec77     00004f70     0000497a   release_pem4f.oem4f (.text:ti_sysbios_BIOS_rtsLock__I)
ti_sysbios_knl_Clock_TimerProxy_getCurrentTick__E  $Tramp$TT$L$PI$$ti_sysbios_knl_Clock_TimerProxy_getCurrentTick__E
   1002eac5     00004f78     0000462a   rom_sysbios.aem4f : rom_sysbios.obj (.text:ti_sysbios_knl_Clock_getTicksUntilInterrupt__E)
ti_sysbios_knl_Task_delete  $Tramp$TT$L$PI$$ti_sysbios_knl_Task_delete
   1002ece7     00004f80     000045d4   rom_sysbios.aem4f : rom_sysbios.obj (.text:_pthread_delete$45)
ti_sysbios_knl_Semaphore_destruct  $Tramp$TT$L$PI$$ti_sysbios_knl_Semaphore_destruct
   1002e6fd     00004f88     000045c8   rom_sysbios.aem4f : rom_sysbios.obj (.text:_pthread_delete$45)
                             00004ee8   dpl_cc26x2.aem4f : SemaphoreP_tirtos.oem4f (.text:SemaphoreP_destruct)
ti_sysbios_knl_Semaphore_create  $Tramp$TT$L$PI$$ti_sysbios_knl_Semaphore_create
   1002dc49     00004f90     000045b4   dpl_cc26x2.aem4f : SemaphoreP_tirtos.oem4f (.text:SemaphoreP_createBinary)
ti_sysbios_knl_Task_startup__E  $Tramp$TT$L$PI$$ti_sysbios_knl_Task_startup__E
   1002eceb     00004f98     00004448   release_pem4f.oem4f (.text:ti_sysbios_BIOS_startFunc__I)
ti_sysbios_knl_Swi_startup__E  $Tramp$TT$L$PI$$ti_sysbios_knl_Swi_startup__E
   1002ec6b     00004fa0     00004444   release_pem4f.oem4f (.text:ti_sysbios_BIOS_startFunc__I)
ti_sysbios_hal_Hwi_startup__E  $Tramp$TT$L$PI$$ti_sysbios_hal_Hwi_startup__E
   1002ec31     00004fa8     00004440   release_pem4f.oem4f (.text:ti_sysbios_BIOS_startFunc__I)
ti_sysbios_family_arm_cc26xx_Timer_startup__E  $Tramp$TT$L$PI$$ti_sysbios_family_arm_cc26xx_Timer_startup__E
   1002dcf1     00004fb0     0000443c   release_pem4f.oem4f (.text:ti_sysbios_BIOS_startFunc__I)
xdc_runtime_System_atexit__E  $Tramp$TT$L$PI$$xdc_runtime_System_atexit__E
   1002f559     00004fb8     00004434   release_pem4f.oem4f (.text:ti_sysbios_BIOS_startFunc__I)
ti_sysbios_BIOS_linkedWithIncorrectBootLibrary__E  $Tramp$TT$L$PI$$ti_sysbios_BIOS_linkedWithIncorrectBootLibrary__E
   1002d01b     00004fc0     0000442e   release_pem4f.oem4f (.text:ti_sysbios_BIOS_startFunc__I)
xdc_runtime_Startup_rtsDone__E  $Tramp$TT$L$PI$$xdc_runtime_Startup_rtsDone__E
   1002f8e5     00004fc8     00004426   release_pem4f.oem4f (.text:ti_sysbios_BIOS_startFunc__I)
ti_sysbios_knl_Swi_disable__E  $Tramp$TT$L$PI$$ti_sysbios_knl_Swi_disable__E
   1002ea25     00004fd0     000043f6   release_pem4f.oem4f (.text:ti_sysbios_BIOS_atExitFunc__I)
                             00004a6e   dpl_cc26x2.aem4f : PowerCC26X2_tirtos.oem4f (.text:PowerCC26XX_schedulerDisable)
                             00004ef4                    : SwiP_tirtos.oem4f (.text:SwiP_disable)
ti_sysbios_family_arm_m3_Hwi_construct  $Tramp$TT$L$PI$$ti_sysbios_family_arm_m3_Hwi_construct
   1002d421     00004fd8     00003f5e   rom_sysbios.aem4f : rom_sysbios.obj (.text:ti_sysbios_family_arm_m3_Hwi_construct2__E)
ti_sysbios_knl_Swi_Params__init__S  $Tramp$TT$L$PI$$ti_sysbios_knl_Swi_Params__init__S
   1002ebf1     00004fe0     00003f22   dpl_cc26x2.aem4f : SwiP_tirtos.oem4f (.text:SwiP_construct)
ti_sysbios_family_arm_m3_Hwi_Params__init__S  $Tramp$TT$L$PI$$ti_sysbios_family_arm_m3_Hwi_Params__init__S
   1002eb49     00004fe8     00003e30   dpl_cc26x2.aem4f : HwiP_tirtos.oem4f (.text:HwiP_construct)
ti_sysbios_knl_Clock_construct  $Tramp$TT$L$PI$$ti_sysbios_knl_Clock_construct
   1002dd8d     00004ff0     00003562   dpl_cc26x2.aem4f : ClockP_tirtos.oem4f (.text:ClockP_construct)
ti_sysbios_knl_Clock_Params__init__S  $Tramp$TT$L$PI$$ti_sysbios_knl_Clock_Params__init__S
   1002eb9d     00004ff8     00003548   dpl_cc26x2.aem4f : ClockP_tirtos.oem4f (.text:ClockP_construct)
xdc_runtime_System_exit__E  $Tramp$TT$L$PI$$xdc_runtime_System_exit__E
   1002f7b1     00005000     00003468   boot.aem4f : boot.oem4f (.text)
                             00004c34   release_pem4f.oem4f (.text:ti_sysbios_BIOS_exitFunc__I)
ti_sysbios_heaps_HeapMem_restore__E  $Tramp$TT$L$PI$$ti_sysbios_heaps_HeapMem_restore__E
   1002eb13     00005008     00003304   rom_sysbios.aem4f : rom_sysbios.obj (.text:ti_sysbios_heaps_HeapMem_initPrimary__I)
ti_sysbios_heaps_HeapMem_Object__get__S  $Tramp$TT$L$PI$$ti_sysbios_heaps_HeapMem_Object__get__S
   1002e275     00005010     000032d4   rom_sysbios.aem4f : rom_sysbios.obj (.text:ti_sysbios_heaps_HeapMem_initPrimary__I)
ti_sysbios_BIOS_start__E  $Tramp$TT$L$PI$$ti_sysbios_BIOS_start__E
   1002eaa5     00005018     0000313a   main_tirtos.obj (.text:main)
xdc_runtime_Error_raiseX__E  $Tramp$TT$L$PI$$xdc_runtime_Error_raiseX__E
   1002f739     00005020     00002bf2   rom_sysbios.aem4f : rom_sysbios.obj (.text:ti_sysbios_family_arm_m3_Hwi_excHandlerMin__I)
ti_sysbios_BIOS_setThreadType__E  $Tramp$TT$L$PI$$ti_sysbios_BIOS_setThreadType__E
   1002ea11     00005028     00002bb2   rom_sysbios.aem4f : rom_sysbios.obj (.text:ti_sysbios_family_arm_m3_Hwi_excHandlerMin__I)
                             00004400   release_pem4f.oem4f (.text:ti_sysbios_BIOS_atExitFunc__I)
                             00004c2e   release_pem4f.oem4f (.text:ti_sysbios_BIOS_exitFunc__I)
ti_sysbios_family_arm_m3_Hwi_excFillContext__I  $Tramp$TT$L$PI$$ti_sysbios_family_arm_m3_Hwi_excFillContext__I
   1002bda9     00005030     00002bac   rom_sysbios.aem4f : rom_sysbios.obj (.text:ti_sysbios_family_arm_m3_Hwi_excHandlerMin__I)
ti_sysbios_knl_Semaphore_post__E  $Tramp$TT$L$PI$$ti_sysbios_knl_Semaphore_post__E
   1002cd21     00005038     000027ca   rom_sysbios.aem4f : rom_sysbios.obj (.text:_pthread_removeThreadKeys)
                             000034b0                     : rom_sysbios.obj (.text:pthread_exit)
                             00004eec   dpl_cc26x2.aem4f : SemaphoreP_tirtos.oem4f (.text:SemaphoreP_post)
xdc_runtime_Memory_free__E  $Tramp$TT$L$PI$$xdc_runtime_Memory_free__E
   1002f81d     00005040     000027c0   rom_sysbios.aem4f : rom_sysbios.obj (.text:_pthread_removeThreadKeys)
                             000045e0                     : rom_sysbios.obj (.text:_pthread_delete$45)
ti_sysbios_knl_Queue_next__E  $Tramp$TT$L$PI$$ti_sysbios_knl_Queue_next__E
   1002ecd7     00005048     0000279a   rom_sysbios.aem4f : rom_sysbios.obj (.text:_pthread_removeThreadKeys)
ti_sysbios_knl_Queue_head__E  $Tramp$TT$L$PI$$ti_sysbios_knl_Queue_head__E
   1002ecd3     00005050     00002786   rom_sysbios.aem4f : rom_sysbios.obj (.text:_pthread_removeThreadKeys)
ti_sysbios_knl_Semaphore_pend__E  $Tramp$TT$L$PI$$ti_sysbios_knl_Semaphore_pend__E
   1002bfb1     00005058     00002780   rom_sysbios.aem4f : rom_sysbios.obj (.text:_pthread_removeThreadKeys)
                             00004cda   dpl_cc26x2.aem4f : SemaphoreP_tirtos.oem4f (.text:SemaphoreP_pend)
ti_sysbios_knl_Task_restore__E  $Tramp$TT$L$PI$$ti_sysbios_knl_Task_restore__E
   1002df45     00005060     000022aa   rom_sysbios.aem4f : rom_sysbios.obj (.text:ti_sysbios_knl_Task_setPri__E)
                             00002774                     : rom_sysbios.obj (.text:_pthread_removeThreadKeys)
                             000027d4                     : rom_sysbios.obj (.text:_pthread_removeThreadKeys)
                             000034c2                     : rom_sysbios.obj (.text:pthread_exit)
                             00004808                     : rom_sysbios.obj (.text:_pthread_cleanupFxn)
                             00004a8e   dpl_cc26x2.aem4f : PowerCC26X2_tirtos.oem4f (.text:PowerCC26XX_schedulerRestore)
ti_sysbios_knl_Queue_enqueue__E  $Tramp$TT$L$PI$$ti_sysbios_knl_Queue_enqueue__E
   1002ebd9     00005068     0000227c   rom_sysbios.aem4f : rom_sysbios.obj (.text:ti_sysbios_knl_Task_setPri__E)
ti_sysbios_knl_Queue_empty__E  $Tramp$TT$L$PI$$ti_sysbios_knl_Queue_empty__E
   1002eb21     00005070     00002264   rom_sysbios.aem4f : rom_sysbios.obj (.text:ti_sysbios_knl_Task_setPri__E)
                             0000276c                     : rom_sysbios.obj (.text:_pthread_removeThreadKeys)
ti_sysbios_knl_Queue_remove__E  $Tramp$TT$L$PI$$ti_sysbios_knl_Queue_remove__E
   1002eb2f     00005078     0000225e   rom_sysbios.aem4f : rom_sysbios.obj (.text:ti_sysbios_knl_Task_setPri__E)
                             000027a2                     : rom_sysbios.obj (.text:_pthread_removeThreadKeys)
                             000027a8                     : rom_sysbios.obj (.text:_pthread_removeThreadKeys)
ti_sysbios_knl_Task_disable__E  $Tramp$TT$L$PI$$ti_sysbios_knl_Task_disable__E
   1002ea4d     00005080     00002224   rom_sysbios.aem4f : rom_sysbios.obj (.text:ti_sysbios_knl_Task_setPri__E)
                             00002762                     : rom_sysbios.obj (.text:_pthread_removeThreadKeys)
                             000034b6                     : rom_sysbios.obj (.text:pthread_exit)
                             000043fa   release_pem4f.oem4f (.text:ti_sysbios_BIOS_atExitFunc__I)
                             000047fa   rom_sysbios.aem4f : rom_sysbios.obj (.text:_pthread_cleanupFxn)
                             00004a66   dpl_cc26x2.aem4f : PowerCC26X2_tirtos.oem4f (.text:PowerCC26XX_schedulerDisable)
ti_sysbios_knl_Clock_stop__E  $Tramp$TT$L$PI$$ti_sysbios_knl_Clock_stop__E
   1002e2c5     00005088     00001fce   dpl_cc26x2.aem4f : PowerCC26X2_tirtos.oem4f (.text:PowerCC26XX_standbyPolicy)
                             00004edc                    : ClockP_tirtos.oem4f (.text:ClockP_stop)
ti_sysbios_knl_Clock_start__E  $Tramp$TT$L$PI$$ti_sysbios_knl_Clock_start__E
   1002e9e7     00005090     00001fc2   dpl_cc26x2.aem4f : PowerCC26X2_tirtos.oem4f (.text:PowerCC26XX_standbyPolicy)
                             00004ed8                    : ClockP_tirtos.oem4f (.text:ClockP_start)
ti_sysbios_knl_Clock_setTimeout__E  $Tramp$TT$L$PI$$ti_sysbios_knl_Clock_setTimeout__E
   1002ecc3     00005098     00001fbc   dpl_cc26x2.aem4f : PowerCC26X2_tirtos.oem4f (.text:PowerCC26XX_standbyPolicy)
                             00004ed4                    : ClockP_tirtos.oem4f (.text:ClockP_setTimeout)
ti_sysbios_knl_Task_create  $Tramp$TT$L$PI$$ti_sysbios_knl_Task_create
   1002d529     000050a0     000018d6   rom_sysbios.aem4f : rom_sysbios.obj (.text:pthread_create)
ti_sysbios_knl_Semaphore_construct  $Tramp$TT$L$PI$$ti_sysbios_knl_Semaphore_construct
   1002ddc1     000050a8     000018cc   rom_sysbios.aem4f : rom_sysbios.obj (.text:pthread_create)
                             0000458a   dpl_cc26x2.aem4f : SemaphoreP_tirtos.oem4f (.text:SemaphoreP_constructBinary)
ti_sysbios_knl_Semaphore_Params__init__S  $Tramp$TT$L$PI$$ti_sysbios_knl_Semaphore_Params__init__S
   1002ebe5     000050b0     000018ba   rom_sysbios.aem4f : rom_sysbios.obj (.text:pthread_create)
                             0000457a   dpl_cc26x2.aem4f : SemaphoreP_tirtos.oem4f (.text:SemaphoreP_constructBinary)
                             000045a4                    : SemaphoreP_tirtos.oem4f (.text:SemaphoreP_createBinary)
ti_sysbios_knl_Queue_construct  $Tramp$TT$L$PI$$ti_sysbios_knl_Queue_construct
   1002dee5     000050b8     000018ae   rom_sysbios.aem4f : rom_sysbios.obj (.text:pthread_create)
xdc_runtime_Memory_alloc__E  $Tramp$TT$L$PI$$xdc_runtime_Memory_alloc__E
   1002f289     000050c0     00001856   rom_sysbios.aem4f : rom_sysbios.obj (.text:pthread_create)
ti_sysbios_knl_Task_Params__init__S  $Tramp$TT$L$PI$$ti_sysbios_knl_Task_Params__init__S
   1002ec09     000050c8     00001842   rom_sysbios.aem4f : rom_sysbios.obj (.text:pthread_create)
ti_sysbios_family_arm_m3_Hwi_restoreFxn__E  $Tramp$TT$L$PI$$ti_sysbios_family_arm_m3_Hwi_restoreFxn__E
   1002ec47     000050d0     00000f46   drivers_cc26x2.aem4f : UARTCC26XX.oem4f (.text:UARTCC26XX_open)
                             00000f52                        : UARTCC26XX.oem4f (.text:UARTCC26XX_open)
                             00000fdc                        : UARTCC26XX.oem4f (.text:UARTCC26XX_open)
                             00001228                        : UARTCC26XX.oem4f (.text:UARTCC26XX_read)
                             00001284                        : UARTCC26XX.oem4f (.text:UARTCC26XX_read)
                             000012ac                        : UARTCC26XX.oem4f (.text:UARTCC26XX_read)
                             000012be                        : UARTCC26XX.oem4f (.text:UARTCC26XX_read)
                             00001308                        : UARTCC26XX.oem4f (.text:UARTCC26XX_read)
                             00001318                        : UARTCC26XX.oem4f (.text:UARTCC26XX_read)
                             00001396                        : GPIOCC26XX.oem4f (.text:GPIO_setConfig)
                             000013c6                        : GPIOCC26XX.oem4f (.text:GPIO_setConfig)
                             000017ee                        : PINCC26XX.oem4f (.text:PINCC26XX_setIoCfg)
                             00001934                        : UARTCC26XX.oem4f (.text:UARTCC26XX_write)
                             00001956                        : UARTCC26XX.oem4f (.text:UARTCC26XX_write)
                             000019ac                        : UARTCC26XX.oem4f (.text:UARTCC26XX_write)
                             00001a04                        : PWMTimerCC26XX.oem4f (.text:PWMTimerCC26XX_open)
                             00001a14                        : PWMTimerCC26XX.oem4f (.text:PWMTimerCC26XX_open)
                             00001ae4                        : TimerCC26XX.oem4f (.text:TimerCC26XX_open)
                             00001af6                        : TimerCC26XX.oem4f (.text:TimerCC26XX_open)
                             00001c54                        : PowerCC26X2.oem4f (.text:Power_releaseDependency)
                             00001c8a                        : GPIOCC26XX.oem4f (.text:GPIO_init)
                             00001c90                        : GPIOCC26XX.oem4f (.text:GPIO_init)
                             00001ddc                        : PowerCC26X2.oem4f (.text:Power_setDependency)
                             0000234a                        : PWMTimerCC26XX.oem4f (.text:PWMTimerCC26XX_setDutyAndPeriod)
                             000024a0                        : UARTCC26XX.oem4f (.text:writeTxFifoFlush)
                             000025de                        : UARTCC26XX.oem4f (.text:UARTCC26XX_writeCancel)
                             000025f4                        : UARTCC26XX.oem4f (.text:UARTCC26XX_writeCancel)
                             00002628                        : UARTCC26XX.oem4f (.text:UARTCC26XX_writeCancel)
                             00002696                        : GPTimerCC26XX.oem4f (.text:GPTimerCC26XX_open)
                             000026b2                        : GPTimerCC26XX.oem4f (.text:GPTimerCC26XX_open)
                             000030c6                        : UARTCC26XX.oem4f (.text:UARTCC26XX_control)
                             000033ac                        : GPTimerCC26XX.oem4f (.text:GPTimerCC26XX_stop)
                             000033ba                        : GPTimerCC26XX.oem4f (.text:GPTimerCC26XX_stop)
                             000033f6                        : PowerCC26X2_calibrateRCOSC.oem4f (.text:PowerCC26X2_initiateCalibration)
                             000035b6                        : GPIOCC26XX.oem4f (.text:GPIO_enableInt)
                             00003738                        : GPTimerCC26XX.oem4f (.text:GPTimerCC26XX_start)
                             00003744                        : GPTimerCC26XX.oem4f (.text:GPTimerCC26XX_start)
                             00003776                        : UARTCC26XX.oem4f (.text:UARTCC26XX_readCancel)
                             0000378a                        : UARTCC26XX.oem4f (.text:UARTCC26XX_readCancel)
                             00003854                        : PowerCC26X2.oem4f (.text:switchXOSCHF)
                             000038fa                        : PINCC26XX.oem4f (.text:PIN_setOutputEnable)
                             00003a44                        : RingBuf.oem4f (.text:RingBuf_put)
                             00003a6e                        : RingBuf.oem4f (.text:RingBuf_put)
                             00003b32                        : PWM.oem4f (.text:PWM_init)
                             00003b56                        : TimerCC26XX.oem4f (.text:TimerCC26XX_start)
                             00003b6e                        : TimerCC26XX.oem4f (.text:TimerCC26XX_start)
                             00003bba                        : Timer.oem4f (.text:Timer_init)
                             00003bfe                        : UART.oem4f (.text:UART_init)
                             00003d02                        : RingBuf.oem4f (.text:RingBuf_get)
[...]
1002eb9d  ti_sysbios_knl_Clock_Params__init__S                               
1002eba9  ti_sysbios_knl_Clock_getTimerHandle__E                             
1002ebb5  ti_sysbios_knl_Event_Params__init__S                               
1002ebc1  ti_sysbios_knl_Mailbox_Params__init__S                             
1002ebcd  ti_sysbios_knl_Queue_dequeue__E                                    
1002ebd9  ti_sysbios_knl_Queue_enqueue__E                                    
1002ebe5  ti_sysbios_knl_Semaphore_Params__init__S                           
1002ebf1  ti_sysbios_knl_Swi_Params__init__S                                 
1002ebfd  ti_sysbios_knl_Swi_self__E                                         
1002ec09  ti_sysbios_knl_Task_Params__init__S                                
1002ec15  ti_sysbios_hal_Hwi_Instance_finalize__E                            
1002ec1f  ti_sysbios_knl_Event_Instance_init__E                              
1002ec29  ti_sysbios_family_arm_m3_Hwi_doSwiRestore__I                       
1002ec31  ti_sysbios_family_arm_m3_Hwi_startup__E                            
1002ec31  ti_sysbios_hal_Hwi_HwiProxy_startup__E                             
1002ec31  ti_sysbios_hal_Hwi_HwiProxy_startup__E                             
1002ec31  ti_sysbios_hal_Hwi_startup__E                                      
1002ec31  ti_sysbios_hal_Hwi_startup__E                                      
1002ec39  ti_sysbios_knl_Idle_loop__E                                        
1002ec41  ti_sysbios_family_arm_m3_Hwi_doTaskRestore__I                      
1002ec47  HwiP_restore                                                       
1002ec47  ti_sysbios_family_arm_m3_Hwi_restoreFxn__E                         
1002ec4d  ti_sysbios_gates_GateHwi_leave__E                                  
1002ec53  ti_sysbios_gates_GateMutex_Instance_finalize__E                    
1002ec59  ti_sysbios_heaps_HeapMem_isBlocking__E                             
1002ec5f  ti_sysbios_knl_Queue_Instance_init__E                              
1002ec65  ti_sysbios_knl_Queue_elemClear__E                                  
1002ec6b  ti_sysbios_knl_Swi_startup__E                                      
1002ec71  ti_sysbios_knl_Task_enable__E                                      
1002ec77  ti_sysbios_BIOS_RtsGateProxy_enter__E                              
1002ec7b  ti_sysbios_BIOS_RtsGateProxy_leave__E                              
1002ec7f  ti_sysbios_family_arm_cc26xx_Timer_getExpiredTicks__E              
1002ec83  ti_sysbios_family_arm_cc26xx_Timer_getPeriod__E                    
1002ec87  ti_sysbios_family_arm_cc26xx_Timer_setPeriod__E                    
1002ec8b  ti_sysbios_family_arm_m3_Hwi_delete                                
1002ec8f  ti_sysbios_family_arm_m3_TaskSupport_Module__startupDone__S        
1002ec8f  ti_sysbios_knl_Task_SupportProxy_Module__startupDone__S            
1002ec93  ti_sysbios_gates_GateHwi_query__E                                  
1002ec93  xdc_runtime_Main_Module_GateProxy_query__E                         
1002ec93  xdc_runtime_System_Module_GateProxy_query__E                       
1002ec93  xdc_runtime_System_Module_GateProxy_query__E                       
1002ec97  ti_sysbios_gates_GateMutex_delete                                  
1002ec9b  ti_sysbios_BIOS_RtsGateProxy_query__E                              
1002ec9b  ti_sysbios_BIOS_RtsGateProxy_query__E                              
1002ec9b  ti_sysbios_gates_GateMutex_query__E                                
1002ec9b  ti_sysbios_heaps_HeapMem_Module_GateProxy_query__E                 
1002ec9b  ti_sysbios_heaps_HeapMem_Module_GateProxy_query__E                 
1002ec9f  ti_sysbios_hal_Hwi_HwiProxy_create                                 
1002eca3  ti_sysbios_hal_Hwi_HwiProxy_delete                                 
1002eca7  ti_sysbios_hal_Hwi_delete                                          
1002ecab  ti_sysbios_heaps_HeapMem_Module_GateProxy_enter__E                 
1002ecaf  ti_sysbios_heaps_HeapMem_Module_GateProxy_leave__E                 
1002ecb3  ti_sysbios_knl_Clock_TimerProxy_getExpiredTicks__E                 
1002ecb7  ti_sysbios_knl_Clock_TimerProxy_getPeriod__E                       
1002ecbb  ti_sysbios_knl_Clock_delete                                        
1002ecbf  ti_sysbios_knl_Clock_removeI__E                                    
1002ecc3  ti_sysbios_knl_Clock_setTimeout__E                                 
1002ecc7  ti_sysbios_knl_Event_delete                                        
1002eccb  ti_sysbios_knl_Mailbox_delete                                      
1002eccf  ti_sysbios_knl_Queue_delete                                        
1002ecd3  ti_sysbios_knl_Queue_head__E                                       
1002ecd7  ti_sysbios_knl_Queue_next__E                                       
1002ecdb  ti_sysbios_knl_Semaphore_delete                                    
1002ecdf  ti_sysbios_knl_Swi_delete                                          
1002ece3  ti_sysbios_knl_Swi_postInit__I                                     
1002ece7  ti_sysbios_knl_Task_delete                                         
1002eceb  ti_sysbios_knl_Task_startup__E                                     
1002ecf1  xdc_runtime_System_doPrint__I                                      
1002f055  xdc_runtime_Startup_startMods__I                                   
1002f15d  xdc_runtime_Text_putSite__E                                        
1002f1f7  xdc_runtime_Error_policySpin__E                                    
1002f1f9  xdc_runtime_Text_putMod__E                                         
1002f289  xdc_runtime_Memory_alloc__E                                        
1002f2f9  xdc_runtime_Core_createObject__I                                   
1002f367  xdc_runtime_Core_deleteObject__I                                   
1002f3c5  xdc_runtime_Text_putLab__E                                         
1002f421  xdc_runtime_Assert_raise__I                                        
1002f475  xdc_runtime_Startup_exec__E                                        
1002f4c9  xdc_runtime_Core_assignParams__I                                   
1002f511  xdc_runtime_Core_constructObject__I                                
1002f559  xdc_runtime_System_atexit__E                                       
1002f5a1  xdc_runtime_Text_xprintf__I                                        
1002f5e5  xdc_runtime_System_processAtExit__E                                
1002f625  xdc_runtime_System_putchar__I                                      
1002f659  xdc_runtime_Core_assignLabel__I                                    
1002f689  xdc_runtime_Text_printVisFxn__I                                    
1002f6b9  xdc_runtime_System_vprintf__E                                      
1002f6e5  xdc_runtime_Text_cordText__E                                       
1002f711  xdc_runtime_System_abort__E                                        
1002f739  xdc_runtime_Error_raiseX__E                                        
1002f759  xdc_runtime_Registry_findById__E                                   
1002f779  xdc_runtime_Error_check__E                                         
1002f795  xdc_runtime_Memory_valloc__E                                       
1002f7b1  xdc_runtime_System_exit__E                                         
1002f7cd  xdc_runtime_Text_ropeText__E                                       
1002f7e9  xdc_runtime_System_printf__E                                       
1002f803  xdc_runtime_Core_destructObject__I                                 
1002f81b  xdc_runtime_System_abortSpin__E                                    
1002f81d  xdc_runtime_Memory_free__E                                         
1002f831  xdc_runtime_Memory_getStats__E                                     
1002f845  xdc_runtime_SysCallback_abort__E                                   
1002f845  xdc_runtime_System_SupportProxy_abort__E                           
1002f859  xdc_runtime_SysCallback_exit__E                                    
1002f859  xdc_runtime_System_SupportProxy_exit__E                            
1002f86d  xdc_runtime_SysCallback_flush__E                                   
1002f86d  xdc_runtime_System_SupportProxy_flush__E                           
1002f86d  xdc_runtime_System_flush__E                                        
1002f881  xdc_runtime_SysCallback_putch__E                                   
1002f881  xdc_runtime_System_SupportProxy_putch__E                           
1002f895  xdc_runtime_SysCallback_ready__E                                   
1002f895  xdc_runtime_System_SupportProxy_ready__E                           
1002f8a9  xdc_runtime_Memory_getMaxDefaultTypeAlign__E                       
1002f8b9  xdc_runtime_System_vsnprintf__E                                    
1002f8c9  xdc_runtime_Timestamp_SupportProxy_get32__E                        
1002f8c9  xdc_runtime_Timestamp_SupportProxy_get32__E                        
1002f8c9  xdc_runtime_Timestamp_get32__E                                     
1002f8c9  xdc_runtime_Timestamp_get32__E                                     
1002f8d9  xdc_runtime_Memory_calloc__E                                       
1002f8e5  xdc_runtime_Startup_rtsDone__E                                     
1002f8f1  xdc_runtime_Memory_HeapProxy_alloc__E                              
1002f8fb  xdc_runtime_Memory_HeapProxy_free__E                               
1002f905  xdc_runtime_Memory_HeapProxy_getStats__E                           
1002f90f  xdc_runtime_Gate_leaveSystem__E                                    
1002f915  xdc_runtime_System_Module_startup__E                               
1002f91b  xdc_runtime_Gate_enterSystem__E                                    
1002f91f  xdc_runtime_SysCallback_Module__startupDone__S                     
1002f91f  xdc_runtime_System_SupportProxy_Module__startupDone__S             
1002f923  xdc_runtime_System_Module_GateProxy_enter__E                       
1002f927  xdc_runtime_System_Module_GateProxy_leave__E                       
1002f92b  xdc_runtime_System_printf_va__F                                    
1002f92f  xdc_runtime_System_exitSpin__E                                     
1002f931  ti_sysbios_family_arm_m3_Hwi_dispatch__I                           
1002fa11  ti_sysbios_family_arm_m3_Hwi_interruptsAreDisabledButShouldNotBe   
1002fa2d  ti_sysbios_family_arm_m3_TaskSupport_buildTaskStack                
1002fab9  ti_sysbios_family_arm_m3_Hwi_initStacks__E                         
1002fb11  ti_sysbios_family_arm_m3_Hwi_pendSV__I                             
1002fb35  ti_sysbios_family_arm_m3_Hwi_return                                
1002fb39  ti_sysbios_family_arm_m3_Hwi_excHandlerAsm__I                      
1002fb59  ti_sysbios_family_xxx_Hwi_switchAndRunFunc                         
1002fb77  ti_sysbios_family_arm_m3_TaskSupport_swap__E                       
1002fb77  ti_sysbios_knl_Task_SupportProxy_swap__E                           
1002fb77  ti_sysbios_knl_Task_SupportProxy_swap__E                           
1002fb83  ti_sysbios_knl_Task_swapReturn                                     
1002fb8f  ti_sysbios_family_arm_m3_TaskSupport_glue                          
1002fba0  ti_sysbios_knl_Task_Object__PARAMS__C                              
1002fbdc  ti_sysbios_knl_Mailbox_Object__PARAMS__C                           
1002fc10  ti_sysbios_family_arm_m3_Hwi_Object__PARAMS__C                     
1002fc40  ti_sysbios_hal_Hwi_Object__PARAMS__C                               
1002fc6c  ti_sysbios_knl_Swi_Object__PARAMS__C                               
1002fc94  ti_sysbios_heaps_HeapMem_Object__PARAMS__C                         
1002fcb8  ti_sysbios_knl_Clock_Object__PARAMS__C                             
1002fcdc  ti_sysbios_knl_Semaphore_Object__PARAMS__C                         
1002fd00  ti_sysbios_gates_GateHwi_Object__PARAMS__C                         
1002fd18  ti_sysbios_gates_GateMutex_Object__PARAMS__C                       
1002fd30  ti_sysbios_knl_Event_Object__PARAMS__C                             
1002fd48  ti_sysbios_knl_Queue_Object__PARAMS__C                             
1002fd80  ti_sysbios_heaps_HeapTrack_Object__PARAMS__C                       
1002fd9c  ti_sysbios_heaps_HeapTrack_Instance_State_trackQueue__O            
1002fda0  ti_sysbios_heaps_HeapTrack_Module__diagsEnabled__C                 
1002fda4  ti_sysbios_heaps_HeapTrack_Module__diagsIncluded__C                
1002fda8  ti_sysbios_heaps_HeapTrack_Module__diagsMask__C                    
1002fddb  strlen                                                             
20000000  ti_sysbios_family_arm_m3_Hwi_ramVectors                            
20000100  xdcRomConstPtr                                                     
20000104  xdcRomExternFuncPtr                                                
20000108  xdcRomStatePtr                                                     
20000110  __primary_heap_start__                                             
20001110  __primary_heap_end__                                               
20001110  arr_currectionCurve2                                               
20001510  arr_currectionCurve                                                
20001910  PowerCC26X2_module                                                 
20001a20  ROM_stateStruct                                                    
20001a20  ti_sysbios_knl_Clock_Module__state__V                              
20001a4c  ti_sysbios_family_arm_cc26xx_TimestampProvider_Module__state__V    
20001a50  xdc_runtime_Startup_Module__state__V                               
20001a58  xdc_runtime_Registry_Module__state__V                              
20001a60  ti_sysbios_BIOS_Module__state__V                                   
20001a84  ti_sysbios_knl_Swi_Module__state__V                                
20001aa0  ti_sysbios_knl_Task_Module__state__V                               
20001ae4  xdc_runtime_Memory_Module__state__V                                
20001ae8  xdc_runtime_System_Module__state__V                                
20001af0  ti_sysbios_family_arm_m3_Hwi_Module__state__V                      
20001b24  ti_sysbios_family_arm_cc26xx_Timer_Module__state__V                
20001bb4  ti_sysbios_gates_GateMutex_Object__table__V                        
20001c08  ti_sysbios_knl_Task_Object__table__V                               
20001c58  ti_sysbios_family_arm_cc26xx_Timer_Object__table__V                
20001ca0  ti_sysbios_knl_Swi_Module_State_0_readyQ__A                        
20001cd0  ti_sysbios_knl_Swi_Object__table__V                                
20001d00  ti_sysbios_knl_Task_Module_State_0_readyQ__A                       
20001d30  ti_sysbios_knl_Clock_Object__table__V                              
20001d50  xdc_runtime_Error_IgnoreBlock                                      
20001d70  ti_sysbios_family_arm_m3_Hwi_Object__table__V                      
20001d88  ti_sysbios_heaps_HeapMem_Object__table__V                          
20001da0  flag                                                               
20001da4  pwm1                                                               
20001da8  pwm2                                                               
20001dac  dutySteps                                                          
20001db0  timerCounter                                                       
20001db4  _lock                                                              
20001db8  _unlock                                                            
20001dbc  pinUpperBound                                                      
20001dc0  pinLowerBound                                                      
20001dc4  ti_sysbios_family_arm_m3_Hwi_Module__root__V                       
20001dcc  ti_sysbios_gates_GateHwi_Module__root__V                           
20001dd4  ti_sysbios_gates_GateMutex_Module__root__V                         
20001ddc  ti_sysbios_hal_Hwi_Module__root__V                                 
20001de4  ti_sysbios_heaps_HeapMem_Module__root__V                           
20001dec  ti_sysbios_knl_Clock_Module__root__V                               
20001df4  ti_sysbios_knl_Event_Module__root__V                               
20001dfc  ti_sysbios_knl_Mailbox_Module__root__V                             
20001e04  ti_sysbios_knl_Queue_Module__root__V                               
20001e0c  ti_sysbios_knl_Semaphore_Module__root__V                           
20001e14  ti_sysbios_knl_Swi_Module__root__V                                 
20001e1c  ti_sysbios_knl_Task_Module__root__V                                
20001e24  xdc_runtime_System_Module_State_0_atexitHandlers__A                
20001e32  ti_sysbios_family_arm_m3_Hwi_Module_State_0_excActive__A           
20001e34  gpioCallbackFunctions                                              
20001e38  gpioPinConfigs                                                     
20001e40  main_func_sp                                                       
20001e44  ti_sysbios_family_arm_m3_Hwi_Module_State_0_excContext__A          
20001e48  ti_sysbios_family_arm_m3_Hwi_Module_State_0_excStack__A            
20001e4c  ti_sysbios_knl_Task_Module_State_0_idleTask__A                     
20001e58  ti_sysbios_knl_Task_Instance_State_0_stack__A                      
20002058  uartCC26XXObjects                                                  
20002184  gptimerCC26XXObjects                                               
20002268  ti_sysbios_family_arm_m3_Hwi_dispatchTable                         
20002340  pinHandleTable                                                     
200023bc  pwmTimerCC26XXObjects                                              
20002430  timerCC26XXObjects                                                 
20002464  uartParams                                                         
2000253c  pwmParams                                                          
2000256c  rxBuf                                                              
20002578  timerParams                                                        
20002590  ClockP_tickPeriod                                                  
20002594  PowerCC26XX_swiKey                                                 
20002598  PowerCC26XX_taskKey                                                
2000259c  currentDuty                                                        
200025a0  dutyValue                                                          
200025a4  expectedDuty                                                       
200025a8  fadeTime                                                           
200025ac  lightState                                                         
200025b0  timerHandle                                                        
200025b4  uartHandle                                                         
200025b8  wantedRxBytes                                                      
200025bc  driverlib_release_0_55938                                          
20013c00  __stack                                                            
20014000  __STACK_END                                                        
e000e000  ti_sysbios_family_arm_m3_Hwi_nvic                                  
ffffffff  __TI_pprof_out_hndl                                                
ffffffff  __TI_prof_data_size                                                
ffffffff  __TI_prof_data_start                                               
ffffffff  __binit__                                                          
ffffffff  __c_args__                                                         
ffffffff  binit                                                              
UNDEFED   SHT$$INIT_ARRAY$$Base                                              
UNDEFED   SHT$$INIT_ARRAY$$Limit                                             

[919 symbols]
