******************************************************************************
                  TI ARM Linker PC v18.12.4                    
******************************************************************************
>> Linked Mon Feb 17 15:24:40 2020

OUTPUT FILE NAME:   <empty_CC26X2R1_LAUNCHXL_tirtos_ccs.out>
ENTRY POINT SYMBOL: "ResetISR"  address: 000055a1


MEMORY CONFIGURATION

         name            origin    length      used     unused   attr    fill
----------------------  --------  ---------  --------  --------  ----  --------
  FLASH                 00000000   00058000  00008be4  0004f41c  R  X
  GPRAM                 11000000   00002000  00000000  00002000  RW X
  SRAM                  20000000   00014000  0000293d  000116c3  RW X


SEGMENT ALLOCATION MAP

run origin  load origin   length   init length attrs members
----------  ----------- ---------- ----------- ----- -------
00000000    00000000    00008b90   00008b90    r-x
  00000000    00000000    0000003c   0000003c    r-- .resetVecs
  0000003c    0000003c    000080de   000080de    r-x .text
  0000811c    0000811c    00000892   00000892    r-- .const
  000089b0    000089b0    000001e0   000001e0    r-- .cinit
00057fa8    00057fa8    00000058   00000058    r--
  00057fa8    00057fa8    00000058   00000058    r-- .ccfg
200000d8    200000d8    00001000   00000000    r--
  200000d8    200000d8    00001000   00000000    r-- .priheap
20001100    20001100    0000146c   00000000    rw-
  20001100    20001100    00000eb9   00000000    rw- .bss
  20001fc0    20001fc0    000005ac   00000000    rw- .data
20013c00    20013c00    00000400   00000000    rw-
  20013c00    20013c00    00000400   00000000    rw- .stack


SECTION ALLOCATION MAP

 output                                  attributes/
section   page    origin      length       input sections
--------  ----  ----------  ----------   ----------------
.binit     0    00000000    00000000     

.cinit     0    000089b0    000001e0     
                  000089b0    000001ba     (.cinit..data.load) [load image, compression = lzss]
                  00008b6a    00000002     --HOLE-- [fill = 0]
                  00008b6c    0000000c     (__TI_handler_table)
                  00008b78    00000008     (.cinit..bss.load) [load image, compression = zero_init]
                  00008b80    00000010     (__TI_cinit_table)

.init_array 
*          0    00000000    00000000     UNINITIALIZED

.ccfg      0    00057fa8    00000058     
                  00057fa8    00000058     ti_devices_config.obj (.ccfg:retain)

.bss       0    20001100    00000eb9     UNINITIALIZED
                  20001100    00000400     (.common:ti_uia_loggers_LoggerStopMode_Instance_State_0_packetArray__A)
                  20001500    00000400     (.common:ti_uia_loggers_LoggerStopMode_Instance_State_1_packetArray__A)
                  20001900    00000200     release_pem4f.oem4f (.bss:taskStackSection)
                  20001b00    0000012c     (.common:uartCC26XXObjects)
                  20001c2c    000000d8     (.common:ti_sysbios_family_arm_m3_Hwi_dispatchTable)
                  20001d04    0000007c     (.common:pinHandleTable)
                  20001d80    0000004c     (.common:gptimerCC26XXObjects)
                  20001dcc    00000034     drivers_cc26x2.aem4f : PINCC26XX.oem4f (.bss:pinSwi)
                  20001e00    00000034     (.common:timerCC26XXObjects)
                  20001e34    00000024     (.common:params)
                  20001e58    00000020                          : GPIOCC26XX.oem4f (.bss:gpioCallbackInfo)
                  20001e78    00000008                          : GPIOCC26XX.oem4f (.bss)
                  20001e80    00000030     (.common:ti_uia_loggers_LoggerStopMode_Instance_State_0_hdr__A)
                  20001eb0    00000020                          : PINCC26XX.oem4f (.bss:pinGpioConfigTable)
                  20001ed0    00000020     ti_drivers_config.obj (.bss:uartCC26XXRingBuffer0)
                  20001ef0    0000000c     drivers_cc26x2.aem4f : GPIOCC26XX.oem4f (.bss:gpioPinState)
                  20001efc    00000004                          : PINCC26XX.oem4f (.bss)
                  20001f00    00000030     (.common:ti_uia_loggers_LoggerStopMode_Instance_State_1_hdr__A)
                  20001f30    0000001c     driverlib.lib : osc.obj (.bss:$O1$$)
                  20001f4c    0000001c     drivers_cc26x2.aem4f : PINCC26XX.oem4f (.bss:pinHwi)
                  20001f68    0000001c                          : PINCC26XX.oem4f (.bss:pinSemaphore)
                  20001f84    0000000c     (.common:rxBuf)
                  20001f90    0000000c     (.common:timerparams)
                  20001f9c    00000004     (.common:ClockP_tickPeriod)
                  20001fa0    00000004     (.common:PowerCC26XX_swiKey)
                  20001fa4    00000004     (.common:PowerCC26XX_taskKey)
                  20001fa8    00000004     (.common:handle)
                  20001fac    00000004     (.common:ti_sysbios_knl_Task_Instance_State_0_hookEnv__A)
                  20001fb0    00000004     (.common:timerhandle)
                  20001fb4    00000004     (.common:wantedRxBytes)
                  20001fb8    00000001     (.common:driverlib_release_0_55938)

.data      0    20001fc0    000005ac     UNINITIALIZED
                  20001fc0    00000110     drivers_cc26x2.aem4f : PowerCC26X2.oem4f (.data:PowerCC26X2_module)
                  200020d0    00000088     sysbios.aem4f : BIOS.obj (.data:$O1$$)
                  20002158    00000068     release_pem4f.oem4f (.data:ti_uia_loggers_LoggerStopMode_Object__table__V)
                  200021c0    00000054     release_pem4f.oem4f (.data:ti_sysbios_gates_GateMutex_Object__table__V)
                  20002214    0000004c     release_pem4f.oem4f (.data:ti_sysbios_knl_Task_Object__table__V)
                  20002260    00000048     release_pem4f.oem4f (.data:ti_sysbios_family_arm_cc26xx_Timer_Object__table__V)
                  200022a8    00000044     release_pem4f.oem4f (.data:ti_sysbios_knl_Task_Module__state__V)
                  200022ec    00000034     release_pem4f.oem4f (.data:ti_sysbios_family_arm_m3_Hwi_Module__state__V)
                  20002320    00000030     release_pem4f.oem4f (.data:ti_sysbios_knl_Swi_Module_State_0_readyQ__A)
                  20002350    00000030     release_pem4f.oem4f (.data:ti_sysbios_knl_Swi_Object__table__V)
                  20002380    00000030     release_pem4f.oem4f (.data:ti_sysbios_knl_Task_Module_State_0_readyQ__A)
                  200023b0    0000002c     release_pem4f.oem4f (.data:ti_sysbios_knl_Clock_Module__state__V)
                  200023dc    00000024     release_pem4f.oem4f (.data:ti_sysbios_BIOS_Module__state__V)
                  20002400    00000020     release_pem4f.oem4f (.data:ti_sysbios_knl_Clock_Object__table__V)
                  20002420    00000020     release_pem4f.oem4f (.data:xdc_runtime_Error_IgnoreBlock)
                  20002440    0000001c     release_pem4f.oem4f (.data:ti_sysbios_knl_Swi_Module__state__V)
                  2000245c    00000018     release_pem4f.oem4f (.data:ti_sysbios_family_arm_m3_Hwi_Object__table__V)
                  20002474    00000018     release_pem4f.oem4f (.data:ti_sysbios_heaps_HeapMem_Object__table__V)
                  2000248c    0000000c     release_pem4f.oem4f (.data:ti_sysbios_knl_Task_Module__root__V)
                  20002498    0000000c     release_pem4f.oem4f (.data:ti_uia_runtime_QueueDescriptor_Module__state__V)
                  200024a4    00000008     rtsv7M4_T_le_v4SPD16_eabi.lib : _lock.c.obj (.data:$O1$$)
                  200024ac    00000008     drivers_cc26x2.aem4f : PINCC26XX.oem4f (.data)
                  200024b4    00000008     ti_drivers_config.obj (.data:gpioCallbackFunctions)
                  200024bc    00000008     ti_drivers_config.obj (.data:gpioPinConfigs)
                  200024c4    00000008     ti.uia.runtime.aem4f : QueueDescriptor.oem4f (.data)
                  200024cc    00000008     release_pem4f.oem4f (.data:ti_sysbios_family_arm_cc26xx_Timer_Module__state__V)
                  200024d4    00000008     release_pem4f.oem4f (.data:ti_sysbios_family_arm_m3_Hwi_Module__root__V)
                  200024dc    00000008     release_pem4f.oem4f (.data:ti_sysbios_gates_GateHwi_Module__root__V)
                  200024e4    00000008     release_pem4f.oem4f (.data:ti_sysbios_gates_GateMutex_Module__root__V)
                  200024ec    00000008     release_pem4f.oem4f (.data:ti_sysbios_heaps_HeapMem_Module__root__V)
                  200024f4    00000008     release_pem4f.oem4f (.data:ti_sysbios_knl_Clock_Module__root__V)
                  200024fc    00000008     release_pem4f.oem4f (.data:ti_sysbios_knl_Queue_Module__root__V)
                  20002504    00000008     release_pem4f.oem4f (.data:ti_sysbios_knl_Semaphore_Module__root__V)
                  2000250c    00000008     release_pem4f.oem4f (.data:ti_sysbios_knl_Swi_Module__root__V)
                  20002514    00000008     release_pem4f.oem4f (.data:ti_uia_loggers_LoggerStopMode_Module__root__V)
                  2000251c    00000008     release_pem4f.oem4f (.data:xdc_runtime_Startup_Module__state__V)
                  20002524    00000008     release_pem4f.oem4f (.data:xdc_runtime_System_Module_State_0_atexitHandlers__A)
                  2000252c    00000008     release_pem4f.oem4f (.data:xdc_runtime_System_Module__state__V)
                  20002534    00000005     drivers_cc26x2.aem4f : GPIOCC26XX.oem4f (.data)
                  20002539    00000001                          : Timer.oem4f (.data)
                  2000253a    00000002     release_pem4f.oem4f (.data:ti_sysbios_family_arm_m3_Hwi_Module_State_0_excActive__A)
                  2000253c    00000005     empty.obj (.data)
                  20002541    00000005     empty.obj (.data:txBuf)
                  20002546    00000001     drivers_cc26x2.aem4f : UART.oem4f (.data)
                  20002547    00000001     --HOLE--
                  20002548    00000004                          : GPIOCC26XX.oem4f (.data:gpioPinTable)
                  2000254c    00000004     rtsv7M4_T_le_v4SPD16_eabi.lib : stkdepth_vars.c.obj (.data)
                  20002550    00000004     release_pem4f.oem4f (.data:ti_sysbios_family_arm_cc26xx_TimestampProvider_Module__state__V)
                  20002554    00000004     release_pem4f.oem4f (.data:ti_sysbios_family_arm_m3_Hwi_Module_State_0_excContext__A)
                  20002558    00000004     release_pem4f.oem4f (.data:ti_sysbios_family_arm_m3_Hwi_Module_State_0_excStack__A)
                  2000255c    00000004     release_pem4f.oem4f (.data:ti_sysbios_gates_GateHwi_Object__table__V)
                  20002560    00000004     release_pem4f.oem4f (.data:ti_sysbios_knl_Task_Module_State_0_idleTask__A)
                  20002564    00000004     release_pem4f.oem4f (.data:ti_sysbios_rts_ti_ReentSupport_Module__state__V)
                  20002568    00000004     release_pem4f.oem4f (.data:xdc_runtime_Memory_Module__state__V)

.stack     0    20013c00    00000400     UNINITIALIZED
                  20013c00    00000400     --HOLE--

.priheap   0    200000d8    00001000     UNINITIALIZED
                  200000d8    00001000     --HOLE--

.bootVecs 
*          0    00000000    00000008     DSECT
                  00000000    00000008     boot.aem4f : boot.oem4f (.bootVecs)

.resetVecs 
*          0    00000000    0000003c     
                  00000000    0000003c     release_pem4f.oem4f (.resetVecs)

.vecs      0    20000000    000000d8     NOLOAD SECTION
                  20000000    000000d8     release_pem4f.oem4f (.vecs)

xdc.meta   0    00000000    00000104     COPY SECTION
                  00000000    00000104     release_pem4f.oem4f (xdc.meta)

xdc.noload 
*          0    00000000    00000000     COPY SECTION

.text      0    0000003c    000080de     
                  0000003c    00000284     sysbios.aem4f : BIOS.obj (.text:ti_sysbios_knl_Semaphore_pend__E)
                  000002c0    00000244                   : BIOS.obj (.text:ti_sysbios_knl_Task_Instance_finalize__E)
                  00000504    0000023c                   : BIOS.obj (.text:ti_sysbios_heaps_HeapMem_freeUnprotected__E)
                  00000740    000001f8                   : BIOS.obj (.text:ti_sysbios_heaps_HeapMem_allocUnprotected__E)
                  00000938    000001d8                   : BIOS.obj (.text:ti_sysbios_knl_Task_Instance_init__E)
                  00000b10    000001c4     drivers_cc26x2.aem4f : PINCC26XX.oem4f (.text:PIN_init)
                  00000cd4    000001a8                          : PowerCC26X2.oem4f (.text:Power_sleep)
                  00000e7c    00000190                          : PowerCC26X2_calibrateRCOSC.oem4f (.text:calibrateRcoscHf1)
                  0000100c    0000018c                          : PowerCC26X2.oem4f (.text:Power_init)
                  00001198    0000018c                          : PowerCC26X2_calibrateRCOSC.oem4f (.text:runCalibrateFsm)
                  00001324    00000180     sysbios.aem4f : BIOS.obj (.text:ti_sysbios_knl_Task_setPri__E)
                  000014a4    00000164     drivers_cc26x2.aem4f : UARTCC26XX.oem4f (.text:UARTCC26XX_open)
                  00001608    00000154                          : UARTCC26XX.oem4f (.text:UARTCC26XX_hwiIntFxn)
                  0000175c    0000013e     release_pem4f.oem4f (.text:ti_uia_loggers_LoggerStopMode_writeMemoryRange__E)
                  0000189a    00000002     drivers_cc26x2.aem4f : TimerCC26XX.oem4f (.text:TimerCC26XX_init)
                  0000189c    0000013c     empty.obj (.text:mainThread)
                  000019d8    0000013a     drivers_cc26x2.aem4f : UARTCC26XX.oem4f (.text:UARTCC26XX_read)
                  00001b12    00000002     rtsv7M4_T_le_v4SPD16_eabi.lib : _lock.c.obj (.text:_nop)
                  00001b14    00000138     sysbios.aem4f : BIOS.obj (.text:ti_sysbios_heaps_HeapMem_Instance_init__E)
                  00001c4c    0000012c                   : BIOS.obj (.text:ti_sysbios_knl_Semaphore_post__E)
                  00001d78    0000011c                   : BIOS.obj (.text:ti_sysbios_family_arm_m3_Hwi_dispatchC__I)
                  00001e94    00000114                   : BIOS.obj (.text:ti_sysbios_knl_Swi_run__I)
                  00001fa8    00000110     drivers_cc26x2.aem4f : GPIOCC26XX.oem4f (.text:GPIO_setConfig)
                  000020b8    0000010c     release_pem4f.oem4f (.text:ti_uia_loggers_LoggerStopMode_write8__E)
                  000021c4    00000108     sysbios.aem4f : BIOS.obj (.text:ti_sysbios_knl_Clock_Instance_init__E)
                  000022cc    00000100     drivers_cc26x2.aem4f : PowerCC26X2.oem4f (.text:configureXOSCHF)
                  000023cc    000000fc     driverlib.lib : sys_ctrl.obj (.text:NOROM_SysCtrlStandby)
                  000024c8    000000f8     drivers_cc26x2.aem4f : PINCC26XX.oem4f (.text:PINCC26XX_setIoCfg)
                  000025c0    000000f8     sysbios.aem4f : BIOS.obj (.text:ti_sysbios_family_arm_m3_Hwi_excFillContext__I)
                  000026b8    000000f8                   : BIOS.obj (.text:xdc_runtime_Startup_startMods__I)
                  000027b0    000000f4     release_pem4f.oem4f (.text:ti_uia_loggers_LoggerStopMode_write4__E)
                  000028a4    000000f0     sysbios.aem4f : m3_Hwi_asm.obj (.text:ti_sysbios_family_arm_m3_Hwi_dispatch__I)
                  00002994    000000ec                   : BIOS.obj (.text:pthread_create)
                  00002a80    000000e8                   : BIOS.obj (.text:ti_sysbios_knl_Task_postInit__I)
                  00002b68    000000e8     release_pem4f.oem4f (.text:ti_uia_loggers_LoggerStopMode_write2__E)
                  00002c50    000000e8     sysbios.aem4f : BIOS.obj (.text:xdc_runtime_Core_createObject__I)
                  00002d38    000000e4     release_pem4f.oem4f (.text:ti_uia_loggers_LoggerStopMode_write1__E)
                  00002e1c    000000e0     drivers_cc26x2.aem4f : UARTCC26XX.oem4f (.text:UARTCC26XX_write)
                  00002efc    000000e0     sysbios.aem4f : BIOS.obj (.text:ti_sysbios_knl_Clock_walkQueueDynamic__E)
                  00002fdc    000000dc     drivers_cc26x2.aem4f : TimerCC26XX.oem4f (.text:TimerCC26XX_open)
                  000030b8    000000d8     release_pem4f.oem4f (.text:ti_uia_loggers_LoggerStopMode_write0__E)
                  00003190    000000d0     sysbios.aem4f : BIOS.obj (.text:xdc_runtime_Core_constructObject__I)
                  00003260    000000cc                   : BIOS.obj (.text:ti_sysbios_knl_Swi_Instance_init__E)
                  0000332c    000000c8     drivers_cc26x2.aem4f : PowerCC26X2.oem4f (.text:Power_releaseDependency)
                  000033f4    000000c4                          : GPIOCC26XX.oem4f (.text:GPIO_init)
                  000034b8    000000c4                          : PowerCC26X2.oem4f (.text:Power_setDependency)
                  0000357c    000000c4     sysbios.aem4f : BIOS.obj (.text:ti_sysbios_knl_Task_schedule__I)
                  00003640    000000c0     drivers_cc26x2.aem4f : UARTCC26XX.oem4f (.text:UARTCC26XX_initIO)
                  00003700    000000bc     sysbios.aem4f : BIOS.obj (.text:ti_sysbios_knl_Task_exit__E)
                  000037bc    000000b8     drivers_cc26x2.aem4f : UARTCC26XX.oem4f (.text:UARTCC26XX_initHw)
                  00003874    000000b8     sysbios.aem4f : BIOS.obj (.text:ti_sysbios_knl_Task_startCore__E)
                  0000392c    000000b4     dpl_cc26x2.aem4f : PowerCC26X2_tirtos.oem4f (.text:PowerCC26XX_standbyPolicy)
                  000039e0    000000b0     sysbios.aem4f : BIOS.obj (.text:ti_sysbios_gates_GateMutex_enter__E)
                  00003a90    000000ac     drivers_cc26x2.aem4f : PINCC26XX.oem4f (.text:PIN_open)
                  00003b3c    000000ac     driverlib.lib : setup.obj (.text:TrimAfterColdResetWakeupFromShutDown)
                  00003be8    000000a8     sysbios.aem4f : BIOS.obj (.text:ti_sysbios_knl_Swi_post__E)
                  00003c90    000000a4                   : BIOS.obj (.text:ti_sysbios_family_arm_m3_Hwi_Instance_init__E)
                  00003d34    000000a0     auto_init.aem4f : auto_init.oem4f (.text)
                  00003dd4    000000a0     sysbios.aem4f : BIOS.obj (.text:ti_sysbios_knl_Clock_Instance_finalize__E)
                  00003e74    0000009c     rtsv7M4_T_le_v4SPD16_eabi.lib : memcpy_t2.asm.obj (.text)
                  00003f10    0000009c     sysbios.aem4f : BIOS.obj (.text:ti_sysbios_knl_Semaphore_Instance_init__E)
                  00003fac    0000009c                   : BIOS.obj (.text:ti_sysbios_knl_Task_blockI__E)
                  00004048    00000098     driverlib.lib : setup.obj (.text:NOROM_SetupTrimDevice)
                  000040e0    00000098     sysbios.aem4f : BIOS.obj (.text:ti_sysbios_knl_Clock_workFuncDynamic__E)
                  00004178    00000098     drivers_cc26x2.aem4f : UARTCC26XX.oem4f (.text:writeTxFifoFlush)
                  00004210    00000096     rtsv7M4_T_le_v4SPD16_eabi.lib : ull_div_t2.asm.obj (.text)
                  000042a6    00000092     drivers_cc26x2.aem4f : UARTCC26XX.oem4f (.text:UARTCC26XX_writeCancel)
                  00004338    00000090     sysbios.aem4f : BIOS.obj (.text:ti_sysbios_knl_Task_unblockI__E)
                  000043c8    00000090     ti.uia.loggers.aem4f : LoggerStopMode.oem4f (.text:ti_uia_loggers_LoggerStopMode_initQueueDescriptor__E)
                  00004458    0000008c     sysbios.aem4f : BIOS.obj (.text:ti_sysbios_family_arm_m3_Hwi_initNVIC__E)
                  000044e4    0000008c                   : m3_TaskSupport_asm.obj (.text:ti_sysbios_family_arm_m3_TaskSupport_buildTaskStack)
                  00004570    00000088     drivers_cc26x2.aem4f : GPTimerCC26XX.oem4f (.text:GPTimerCC26XX_open)
                  000045f8    00000088     driverlib.lib : osc.obj (.text:NOROM_OSCHF_AttemptToSwitchToXosc)
                  00004680    00000088     sysbios.aem4f : BIOS.obj (.text:_pthread_removeThreadKeys)
                  00004708    00000088     drivers_cc26x2.aem4f : PowerCC26X2_calibrateRCOSC.oem4f (.text:calibrateRcoscHf2)
                  00004790    00000088                          : PowerCC26X2.oem4f (.text:disableLFClockQualifiers)
                  00004818    00000088                          : PowerCC26X2_calibrateRCOSC.oem4f (.text:updateSubSecInc)
                  000048a0    00000084     CC26X2R1_LAUNCHXL_fxns.obj (.text:CC26X2R1_LAUNCHXL_sendExtFlashByte)
                  00004924    00000084     drivers_cc26x2.aem4f : UARTCC26XX.oem4f (.text:UARTCC26XX_close)
                  000049a8    00000084     sysbios.aem4f : BIOS.obj (.text:ti_sysbios_family_arm_m3_Hwi_excHandlerMin__I)
                  00004a2c    00000084                   : BIOS.obj (.text:ti_sysbios_knl_Task_Module_startup__E)
                  00004ab0    00000080                   : BIOS.obj (.text:ti_sysbios_family_arm_cc26xx_Timer_start__E)
                  00004b30    0000007a     rtsv7M4_T_le_v4SPD16_eabi.lib : memset_t2.asm.obj (.text)
                  00004baa    00000002     drivers_cc26x2.aem4f : PowerCC26X2.oem4f (.text:emptyClockFunc)
                  00004bac    00000074                          : GPTimerCC26XX.oem4f (.text:GPTimerCC26XX_resetHw)
                  00004c20    00000074                          : PowerCC26X2_calibrateRCOSC.oem4f (.text:PowerCC26X2_auxISR)
                  00004c94    00000074     ti.uia.runtime.aem4f : QueueDescriptor.oem4f (.text:ti_uia_runtime_QueueDescriptor_addToList__E)
                  00004d08    00000070     drivers_cc26x2.aem4f : PINCC26XX.oem4f (.text:PIN_add)
                  00004d78    00000070     sysbios.aem4f : BIOS.obj (.text:xdc_runtime_Memory_alloc__E)
                  00004de8    0000006c     empty.obj (.text:readCallback)
                  00004e54    00000068     driverlib.lib : osc.obj (.text:NOROM_OSCHF_SwitchToRcOscTurnOffXosc)
                  00004ebc    00000068                   : sys_ctrl.obj (.text:NOROM_SysCtrlSetRechargeBeforePowerDown)
                  00004f24    00000068     rtsv7M4_T_le_v4SPD16_eabi.lib : copy_decompress_lzss.c.obj (.text:decompress:lzss:__TI_decompress_lzss)
                  00004f8c    00000068     sysbios.aem4f : BIOS.obj (.text:ti_sysbios_family_arm_cc26xx_TimestampProvider_Module_startup__E)
                  00004ff4    00000068                   : BIOS.obj (.text:ti_sysbios_knl_Clock_start__E)
                  0000505c    00000068                   : BIOS.obj (.text:ti_sysbios_knl_Swi_restoreHwi__E)
                  000050c4    00000066     ti.uia.loggers.aem4f : LoggerStopMode.oem4f (.text:ti_uia_loggers_LoggerStopMode_flush__E)
                  0000512a    00000066     sysbios.aem4f : BIOS.obj (.text:xdc_runtime_Core_deleteObject__I)
                  00005190    00000064     drivers_cc26x2.aem4f : UARTCC26XX.oem4f (.text:UARTCC26XX_control)
                  000051f4    00000064     main_tirtos.obj (.text:main)
                  00005258    00000062     drivers_cc26x2.aem4f : UARTCC26XX.oem4f (.text:UARTCC26XX_swiIntFxn)
                  000052ba    00000002     rtsv7M4_T_le_v4SPD16_eabi.lib : div0.asm.obj (.text)
                  000052bc    00000060     drivers_cc26x2.aem4f : GPIOCC26XX.oem4f (.text:GPIO_write)
                  0000531c    00000060     sysbios.aem4f : BIOS.obj (.text:ti_sysbios_knl_Clock_logTick__E)
                  0000537c    00000060                   : BIOS.obj (.text:ti_sysbios_knl_Clock_startI__E)
                  000053dc    0000005c     drivers_cc26x2.aem4f : PINCC26XX.oem4f (.text:PIN_remove)
                  00005438    0000005c                          : TimerCC26XX.oem4f (.text:TimerCC26XX_setPeriod)
                  00005494    0000005c     sysbios.aem4f : BIOS.obj (.text:ti_sysbios_heaps_HeapMem_initPrimary__I)
                  000054f0    00000058     drivers_cc26x2.aem4f : GPTimerCC26XX.oem4f (.text:GPTimerCC26XX_stop)
                  00005548    00000058                          : PowerCC26X2_calibrateRCOSC.oem4f (.text:PowerCC26X2_initiateCalibration)
                  000055a0    00000058     boot.aem4f : boot.oem4f (.text)
                  000055f8    00000058     sysbios.aem4f : BIOS.obj (.text:pthread_exit)
                  00005650    00000058                   : m3_Hwi_asm_switch.obj (.text:ti_sysbios_family_arm_m3_Hwi_initStacks__E)
                  000056a8    00000058                   : BIOS.obj (.text:ti_sysbios_family_arm_m3_Hwi_postInit__I)
                  00005700    00000058                   : BIOS.obj (.text:ti_sysbios_heaps_HeapMem_alloc__E)
                  00005758    00000054     driverlib.lib : chipinfo.obj (.text:NOROM_ChipInfo_GetChipType)
                  000057ac    00000054     sysbios.aem4f : BIOS.obj (.text:ti_sysbios_knl_Swi_Instance_finalize__E)
                  00005800    00000054                   : BIOS.obj (.text:ti_sysbios_knl_Swi_schedule__I)
                  00005854    00000050     dpl_cc26x2.aem4f : ClockP_tirtos.oem4f (.text:ClockP_construct)
                  000058a4    00000050     drivers_cc26x2.aem4f : GPIOCC26XX.oem4f (.text:GPIO_enableInt)
                  000058f4    00000050                          : GPTimerCC26XX.oem4f (.text:GPTimerCC26XX_registerInterrupt)
                  00005944    00000050     release_pem4f.oem4f (.text:ti_sysbios_family_arm_m3_Hwi_construct)
                  00005994    00000050     sysbios.aem4f : BIOS.obj (.text:ti_sysbios_knl_Swi_runLoop__I)
                  000059e4    00000050     release_pem4f.oem4f (.text:ti_sysbios_knl_Task_create)
                  00005a34    00000050     sysbios.aem4f : BIOS.obj (.text:xdc_runtime_Startup_exec__E)
                  00005a84    0000004c     CC26X2R1_LAUNCHXL_fxns.obj (.text:CC26X2R1_LAUNCHXL_wakeUpExtFlash)
                  00005ad0    0000004c     drivers_cc26x2.aem4f : GPTimerCC26XX.oem4f (.text:GPTimerCC26XX_initHw)
                  00005b1c    0000004c                          : GPTimerCC26XX.oem4f (.text:GPTimerCC26XX_start)
                  00005b68    0000004c                          : UARTCC26XX.oem4f (.text:UARTCC26XX_readCancel)
                  00005bb4    0000004c     rtsv7M4_T_le_v4SPD16_eabi.lib : cpy_tbl.c.obj (.text:copy_in)
                  00005c00    0000004c     drivers_cc26x2.aem4f : UARTCC26XX.oem4f (.text:startTxFifoEmptyClk)
                  00005c4c    0000004c                          : PowerCC26X2.oem4f (.text:switchXOSCHF)
                  00005c98    0000004c     release_pem4f.oem4f (.text:ti_sysbios_knl_Swi_construct)
                  00005ce4    0000004c     ti.uia.loggers.aem4f : LoggerStopMode.oem4f (.text:ti_uia_loggers_LoggerStopMode_Module_startup__E)
                  00005d30    0000004c     sysbios.aem4f : BIOS.obj (.text:xdc_runtime_Assert_raise__I)
                  00005d7c    0000004c                   : BIOS.obj (.text:xdc_runtime_Core_assignParams__I)
                  00005dc8    00000048     drivers_cc26x2.aem4f : GPTimerCC26XX.oem4f (.text:GPTimerCC26XXHwiFxn)
                  00005e10    00000048                          : PINCC26XX.oem4f (.text:PIN_setOutputEnable)
                  00005e58    00000048                          : PowerCC26X2_calibrateRCOSC.oem4f (.text:PowerCC26X2_RCOSC_clockFunc)
                  00005ea0    00000048     sysbios.aem4f : BIOS.obj (.text:ti_sysbios_family_arm_m3_Hwi_Module_startup__E)
                  00005ee8    00000048                   : BIOS.obj (.text:ti_sysbios_heaps_HeapMem_getStats__E)
                  00005f30    00000048     drivers_cc26x2.aem4f : UARTCC26XX.oem4f (.text:writeFinishedDoCallback)
                  00005f78    00000046                          : RingBuf.oem4f (.text:RingBuf_put)
                  00005fbe    00000002     sysbios.aem4f : BIOS.obj (.text:ti_sysbios_BIOS_linkedWithIncorrectBootLibrary__E)
                  00005fc0    00000044     driverlib.lib : chipinfo.obj (.text:NOROM_ChipInfo_GetHwRevision)
                  00006004    00000044     drivers_cc26x2.aem4f : PINCC26XX.oem4f (.text:PIN_swi)
                  00006048    00000044                          : TimerCC26XX.oem4f (.text:TimerCC26XX_start)
                  0000608c    00000044                          : Timer.oem4f (.text:Timer_init)
                  000060d0    00000044                          : UART.oem4f (.text:UART_init)
                  00006114    00000044     sysbios.aem4f : BIOS.obj (.text:ti_sysbios_family_arm_m3_Hwi_disableInterrupt__E)
                  00006158    00000044                   : BIOS.obj (.text:ti_sysbios_family_arm_m3_Hwi_enableInterrupt__E)
                  0000619c    00000044                   : BIOS.obj (.text:ti_sysbios_knl_Mailbox_Module_startup__E)
                  000061e0    00000044                   : BIOS.obj (.text:ti_sysbios_knl_Task_allBlockedFunction__I)
                  00006224    00000044     ti.uia.loggers.aem4f : LoggerStopMode.oem4f (.text:ti_uia_loggers_LoggerStopMode_initBuffer__I)
                  00006268    00000040     CC26X2R1_LAUNCHXL_fxns.obj (.text:CC26X2R1_LAUNCHXL_shutDownExtFlash)
                  000062a8    00000040     drivers_cc26x2.aem4f : RingBuf.oem4f (.text:RingBuf_get)
                  000062e8    00000040                          : Timer.oem4f (.text:Timer_open)
                  00006328    00000040                          : UART.oem4f (.text:UART_open)
                  00006368    00000040     sysbios.aem4f : BIOS.obj (.text:ti_sysbios_family_arm_m3_Hwi_getStackInfo__E)
                  000063a8    0000003e     dpl_cc26x2.aem4f : HwiP_tirtos.oem4f (.text:HwiP_construct)
                  000063e6    00000002     release_pem4f.oem4f (.text:ti_sysbios_BIOS_nullFunc__I)
                  000063e8    0000003c     drivers_cc26x2.aem4f : GPTimerCC26XX.oem4f (.text:GPTimerCC26XX_unregisterInterrupt)
                  00006424    0000003c                          : PINCC26XX.oem4f (.text:PIN_setInterrupt)
                  00006460    0000003c                          : PINCC26XX.oem4f (.text:PIN_setOutputValue)
                  0000649c    0000003c     dpl_cc26x2.aem4f : SwiP_tirtos.oem4f (.text:SwiP_construct)
                  000064d8    0000003c     sysbios.aem4f : BIOS.obj (.text:ti_sysbios_family_arm_cc26xx_Timer_setThreshold__I)
                  00006514    0000003c                   : BIOS.obj (.text:ti_sysbios_family_arm_m3_Hwi_construct2__E)
                  00006550    00000038     driverlib.lib : osc.obj (.text:NOROM_OSC_HPOSCRelativeFrequencyOffsetGet)
                  00006588    00000038     drivers_cc26x2.aem4f : PINCC26XX.oem4f (.text:PIN_setConfig)
                  000065c0    00000038                          : PowerCC26X2.oem4f (.text:notify)
                  000065f8    00000038                          : UARTCC26XX.oem4f (.text:readData)
                  00006630    00000038     sysbios.aem4f : BIOS.obj (.text:ti_sysbios_family_arm_m3_Hwi_Instance_finalize__E)
                  00006668    00000038     drivers_cc26x2.aem4f : UARTCC26XX.oem4f (.text:writeData)
                  000066a0    00000038     sysbios.aem4f : BIOS.obj (.text:xdc_runtime_System_atexit__E)
                  000066d8    00000036     drivers_cc26x2.aem4f : TimerCC26XX.oem4f (.text:TimerCC26XX_stop)
                  0000670e    00000036     sysbios.aem4f : BIOS.obj (.text:ti_sysbios_family_arm_cc26xx_Timer_setNextTick__E)
                  00006744    00000034     drivers_cc26x2.aem4f : GPIOCC26XX.oem4f (.text:GPIO_toggle)
                  00006778    00000034                          : GPTimerCC26XX.oem4f (.text:GPTimerCC26XXSetLoadMatch)
                  000067ac    00000034                          : GPTimerCC26XX.oem4f (.text:GPTimerCC26XX_configureDebugStall)
                  000067e0    00000034     driverlib.lib : aux_sysif.obj (.text:NOROM_AUXSYSIFOpModeChange)
                  00006814    00000034                   : sys_ctrl.obj (.text:NOROM_SysCtrlIdle)
                  00006848    00000034     drivers_cc26x2.aem4f : UARTCC26XX.oem4f (.text:readData2RingBuf)
                  0000687c    00000034     sysbios.aem4f : BIOS.obj (.text:ti_sysbios_family_arm_cc26xx_Timer_initDevice__I)
                  000068b0    00000034     release_pem4f.oem4f (.text:ti_sysbios_knl_Semaphore_create)
                  000068e4    00000034     sysbios.aem4f : BIOS.obj (.text:ti_sysbios_knl_Swi_restore__E)
                  00006918    00000034     ti.uia.loggers.aem4f : LoggerStopMode.oem4f (.text:ti_uia_loggers_LoggerStopMode_reset__E)
                  0000694c    00000030     drivers_cc26x2.aem4f : GPIOCC26XX.oem4f (.text:GPIO_hwiIntFxn)
                  0000697c    00000030                          : GPIOCC26XX.oem4f (.text:GPIO_setCallback)
                  000069ac    00000030                          : GPTimerCC26XX.oem4f (.text:GPTimerCC26XX_close)
                  000069dc    00000030                          : PINCC26XX.oem4f (.text:PINCC26XX_setMux)
                  00006a0c    00000030                          : PowerCC26X2.oem4f (.text:Power_releaseConstraint)
                  00006a3c    00000030                          : PowerCC26X2.oem4f (.text:Power_setConstraint)
                  00006a6c    00000030     release_pem4f.oem4f (.text:ti_sysbios_BIOS_atExitFunc__I)
                  00006a9c    00000030     release_pem4f.oem4f (.text:ti_sysbios_BIOS_startFunc__I)
                  00006acc    00000030     sysbios.aem4f : BIOS.obj (.text:ti_sysbios_family_arm_cc26xx_Timer_getCurrentTick__E)
                  00006afc    00000030     release_pem4f.oem4f (.text:ti_sysbios_gates_GateHwi_Object__create__S)
                  00006b2c    00000030     release_pem4f.oem4f (.text:ti_sysbios_gates_GateMutex_Object__create__S)
                  00006b5c    00000030     release_pem4f.oem4f (.text:ti_sysbios_heaps_HeapMem_Object__create__S)
                  00006b8c    00000030     sysbios.aem4f : BIOS.obj (.text:ti_sysbios_heaps_HeapMem_free__E)
                  00006bbc    00000030     release_pem4f.oem4f (.text:ti_sysbios_knl_Clock_construct)
                  00006bec    00000030     release_pem4f.oem4f (.text:ti_sysbios_knl_Semaphore_construct)
                  00006c1c    00000030     sysbios.aem4f : BIOS.obj (.text:ti_sysbios_knl_Task_processVitalTaskFlag__I)
                  00006c4c    00000030     release_pem4f.oem4f (.text:ti_uia_loggers_LoggerStopMode_Object__create__S)
                  00006c7c    00000030     sysbios.aem4f : BIOS.obj (.text:xdc_runtime_System_processAtExit__E)
                  00006cac    0000002e                   : BIOS.obj (.text:ti_sysbios_family_arm_m3_TaskSupport_start__E)
                  00006cda    0000002e                   : BIOS.obj (.text:ti_sysbios_hal_Hwi_initStack)
                  00006d08    0000002c     drivers_cc26x2.aem4f : GPTimerCC26XX.oem4f (.text:GPTimerCC26XX_getTimerValue)
                  00006d34    0000002c     dpl_cc26x2.aem4f : SemaphoreP_tirtos.oem4f (.text:SemaphoreP_constructBinary)
                  00006d60    0000002c                      : SemaphoreP_tirtos.oem4f (.text:SemaphoreP_createBinary)
                  00006d8c    0000002c     sysbios.aem4f : BIOS.obj (.text:_pthread_delete$45)
                  00006db8    0000002c                   : BIOS.obj (.text:pthread_setcancelstate)
                  00006de4    0000002c     release_pem4f.oem4f (.text:ti_sysbios_gates_GateHwi_Handle__label__S)
                  00006e10    0000002c     release_pem4f.oem4f (.text:ti_sysbios_gates_GateMutex_Handle__label__S)
                  00006e3c    0000002c     release_pem4f.oem4f (.text:ti_sysbios_heaps_HeapMem_Handle__label__S)
                  00006e68    0000002c     sysbios.aem4f : BIOS.obj (.text:ti_sysbios_knl_Clock_getTicksUntilInterrupt__E)
                  00006e94    0000002c                   : BIOS.obj (.text:ti_sysbios_knl_Mailbox_postInit__I)
                  00006ec0    0000002c     release_pem4f.oem4f (.text:ti_sysbios_knl_Queue_construct)
                  00006eec    0000002c     sysbios.aem4f : BIOS.obj (.text:ti_sysbios_knl_Semaphore_pendTimeout__I)
                  00006f18    0000002c                   : BIOS.obj (.text:ti_sysbios_knl_Task_restore__E)
                  00006f44    0000002c     release_pem4f.oem4f (.text:ti_uia_loggers_LoggerStopMode_Handle__label__S)
                  00006f70    0000002a     drivers_cc26x2.aem4f : TimerCC26XX.oem4f (.text:TimerCC26XX_callbackfxn)
                  00006f9a    00000002     sysbios.aem4f : BIOS.obj (.text:ti_sysbios_gates_GateHwi_Instance_init__E)
                  00006f9c    00000028     drivers_cc26x2.aem4f : GPIOCC26XX.oem4f (.text:GPIO_read)
                  00006fc4    00000028     driverlib.lib : osc.obj (.text:NOROM_OSCHF_TurnOnXosc)
                  00006fec    00000028     drivers_cc26x2.aem4f : PowerCC26X2.oem4f (.text:Power_registerNotify)
                  00007014    00000028                          : TimerCC26XX.oem4f (.text:TimerCC26XX_close)
                  0000703c    00000028     empty.obj (.text:UartTransmit)
                  00007064    00000028     drivers_cc26x2.aem4f : PowerCC26X2.oem4f (.text:oscillatorISR)
                  0000708c    00000028     sysbios.aem4f : m3_Hwi_asm.obj (.text:ti_sysbios_family_arm_m3_Hwi_excHandlerAsm__I)
                  000070b4    00000028                   : BIOS.obj (.text:ti_sysbios_knl_Clock_addI__E)
                  000070dc    00000026     drivers_cc26x2.aem4f : GPTimerCC26XX.oem4f (.text:GPTimerCC26XXLookupMask)
                  00007102    00000026                          : List.oem4f (.text:List_put)
                  00007128    00000026                          : List.oem4f (.text:List_remove)
                  0000714e    00000026     sysbios.aem4f : m3_Hwi_asm.obj (.text:ti_sysbios_family_arm_m3_Hwi_pendSV__I)
                  00007174    00000024     drivers_cc26x2.aem4f : GPTimerCC26XX.oem4f (.text:GPTimerCC26XX_enableInterrupt)
                  00007198    00000024     sysbios.aem4f : BIOS.obj (.text:_pthread_cleanupFxn)
                  000071bc    00000024     drivers_cc26x2.aem4f : PowerCC26X2_calibrateRCOSC.oem4f (.text:getTdcSemaphore)
                  000071e0    00000024     sysbios.aem4f : BIOS.obj (.text:pthread_attr_init)
                  00007204    00000024     release_pem4f.oem4f (.text:ti_sysbios_BIOS_registerRTSLock__I)
                  00007228    00000024     release_pem4f.oem4f (.text:ti_sysbios_BIOS_removeRTSLock__I)
                  0000724c    00000024     sysbios.aem4f : BIOS.obj (.text:ti_sysbios_family_arm_cc26xx_Timer_Module_startup__E)
                  00007270    00000024                   : BIOS.obj (.text:ti_sysbios_family_arm_cc26xx_Timer_getMaxTicks__E)
                  00007294    00000024                   : BIOS.obj (.text:ti_sysbios_family_arm_cc26xx_Timer_startup__E)
                  000072b8    00000024     release_pem4f.oem4f (.text:ti_sysbios_gates_GateMutex_Object__delete__S)
                  000072dc    00000024     sysbios.aem4f : BIOS.obj (.text:ti_sysbios_knl_Clock_Module_startup__E)
                  00007300    00000024     release_pem4f.oem4f (.text:ti_sysbios_knl_Semaphore_Object__delete__S)
                  00007324    00000024     sysbios.aem4f : BIOS.obj (.text:ti_sysbios_knl_Swi_Module_startup__E)
                  00007348    00000024                   : BIOS.obj (.text:ti_sysbios_knl_Task_getMode__E)
                  0000736c    00000024                   : BIOS.obj (.text:ti_sysbios_knl_Task_restoreHwi__E)
                  00007390    00000022     drivers_cc26x2.aem4f : GPTimerCC26XX.oem4f (.text:GPTimerCC26XXReverseLookupMask)
                  000073b2    00000022     sysbios.aem4f : BIOS.obj (.text:ti_sysbios_family_arm_cc26xx_Timer_postInit__I)
                  000073d4    00000020     drivers_cc26x2.aem4f : PINCC26XX.oem4f (.text:PINCC26XX_setIoCfgMux)
                  000073f4    00000020                          : PowerCC26X2.oem4f (.text:Power_unregisterNotify)
                  00007414    00000020     empty.obj (.text:gpioButtonFxn0)
                  00007434    00000020     drivers_cc26x2.aem4f : UARTCC26XX.oem4f (.text:threadSafeStdbyDisRelease)
                  00007454    00000020                          : UARTCC26XX.oem4f (.text:threadSafeStdbyDisSet)
                  00007474    00000020     release_pem4f.oem4f (.text:ti_sysbios_BIOS_rtsLock__I)
                  00007494    00000020     sysbios.aem4f : BIOS.obj (.text:ti_sysbios_family_arm_cc26xx_Timer_dynamicStub__E)
                  000074b4    00000020     release_pem4f.oem4f (.text:ti_sysbios_gates_GateHwi_Object__delete__S)
                  000074d4    00000020     release_pem4f.oem4f (.text:ti_sysbios_heaps_HeapMem_Object__delete__S)
                  000074f4    00000020     release_pem4f.oem4f (.text:ti_sysbios_knl_Clock_destruct)
                  00007514    00000020     sysbios.aem4f : BIOS.obj (.text:ti_sysbios_knl_Clock_getTicks__E)
                  00007534    00000020                   : BIOS.obj (.text:ti_sysbios_knl_Clock_stop__E)
                  00007554    00000020                   : BIOS.obj (.text:ti_sysbios_knl_Idle_run__E)
                  00007574    00000020     release_pem4f.oem4f (.text:ti_sysbios_knl_Semaphore_destruct)
                  00007594    00000020     release_pem4f.oem4f (.text:ti_sysbios_knl_Task_Object__delete__S)
                  000075b4    00000020     release_pem4f.oem4f (.text:ti_uia_loggers_LoggerStopMode_Object__delete__S)
                  000075d4    00000020     sysbios.aem4f : BIOS.obj (.text:xdc_runtime_Error_policyMin__E)
                  000075f4    0000001e     drivers_cc26x2.aem4f : PINCC26XX.oem4f (.text:PIN_close)
                  00007612    0000001e                          : PowerCC26X2.oem4f (.text:Power_getTransitionLatency)
                  00007630    0000001e     sysbios.aem4f : m3_Hwi_asm_switch.obj (.text:ti_sysbios_family_xxx_Hwi_switchAndRunFunc)
                  0000764e    00000002                   : BIOS.obj (.text:ti_sysbios_knl_Clock_triggerFunc__I)
                  00007650    0000001c     ti_drivers_config.obj (.text:Board_init)
                  0000766c    0000001c     driverlib.lib : chipinfo.obj (.text:NOROM_ChipInfo_GetChipFamily)
                  00007688    0000001c     drivers_cc26x2.aem4f : PINCC26XX.oem4f (.text:PIN_hwi)
                  000076a4    0000001c     dpl_cc26x2.aem4f : PowerCC26X2_tirtos.oem4f (.text:PowerCC26XX_schedulerDisable)
                  000076c0    0000001c                      : PowerCC26X2_tirtos.oem4f (.text:PowerCC26XX_schedulerRestore)
                  000076dc    0000001c     release_pem4f.oem4f (.text:ti_sysbios_family_arm_m3_Hwi_destruct)
                  000076f8    0000001c     sysbios.aem4f : BIOS.obj (.text:ti_sysbios_family_arm_m3_Hwi_excHandler__I)
                  00007714    0000001c                   : BIOS.obj (.text:ti_sysbios_family_arm_m3_Hwi_setPriority__E)
                  00007730    0000001c                   : BIOS.obj (.text:ti_sysbios_gates_GateMutex_Instance_init__E)
                  0000774c    0000001c                   : BIOS.obj (.text:ti_sysbios_knl_Clock_scheduleNextTick__E)
                  00007768    0000001c     release_pem4f.oem4f (.text:ti_sysbios_knl_Queue_destruct)
                  00007784    0000001c     sysbios.aem4f : BIOS.obj (.text:ti_sysbios_knl_Queue_put__E)
                  000077a0    0000001c                   : BIOS.obj (.text:ti_sysbios_knl_Swi_construct2__E)
                  000077bc    0000001c     release_pem4f.oem4f (.text:ti_sysbios_knl_Swi_destruct)
                  000077d8    0000001c     sysbios.aem4f : BIOS.obj (.text:ti_sysbios_knl_Task_enabled__E)
                  000077f4    0000001c                   : BIOS.obj (.text:ti_sysbios_knl_Task_enter__I)
                  00007810    0000001c     ti.uia.loggers.aem4f : LoggerStopMode.oem4f (.text:ti_uia_loggers_LoggerStopMode_Instance_init__E)
                  0000782c    0000001c     empty.obj (.text:timerCallbackFunction)
                  00007848    0000001c     sysbios.aem4f : BIOS.obj (.text:xdc_runtime_Error_check__E)
                  00007864    0000001c                   : BIOS.obj (.text:xdc_runtime_Error_raiseX__E)
                  00007880    0000001c                   : BIOS.obj (.text:xdc_runtime_Memory_valloc__E)
                  0000789c    0000001c                   : BIOS.obj (.text:xdc_runtime_System_abort__E)
                  000078b8    0000001a     drivers_cc26x2.aem4f : PowerCC26X2.oem4f (.text:PowerCC26XX_calibrate)
                  000078d2    00000002     release_pem4f.oem4f (.text:ti_uia_loggers_LoggerStopMode_setFilterLevel__E)
                  000078d4    00000018     driverlib.lib : chipinfo.obj (.text:NOROM_ChipInfo_GetPackageType)
                  000078ec    00000018     drivers_cc26x2.aem4f : PowerCC26X2.oem4f (.text:Power_idleFunc)
                  00007904    00000018                          : UART.oem4f (.text:UART_Params_init)
                  0000791c    00000018     rtsv7M4_T_le_v4SPD16_eabi.lib : args_main.c.obj (.text:_args_main)
                  00007934    00000018                                   : ll_mul_t2.asm.obj (.text)
                  0000794c    00000018     release_pem4f.oem4f (.text:ti_sysbios_BIOS_rtsUnlock__I)
                  00007964    00000018     release_pem4f.oem4f (.text:ti_sysbios_family_arm_cc26xx_Timer_Module__startupDone__F)
                  0000797c    00000018     release_pem4f.oem4f (.text:ti_sysbios_family_arm_m3_Hwi_Module__startupDone__F)
                  00007994    00000018     sysbios.aem4f : BIOS.obj (.text:ti_sysbios_family_arm_m3_Hwi_plug__E)
                  000079ac    00000018                   : m3_TaskSupport_asm.obj (.text:ti_sysbios_family_arm_m3_TaskSupport_swap__E)
                  000079c4    00000018                   : BIOS.obj (.text:ti_sysbios_gates_GateMutex_leave__E)
                  000079dc    00000018                   : BIOS.obj (.text:ti_sysbios_knl_Swi_or__E)
                  000079f4    00000018                   : BIOS.obj (.text:ti_sysbios_knl_Task_unblock__E)
                  00007a0c    00000018     empty.obj (.text:writeCallback)
                  00007a24    00000018     sysbios.aem4f : BIOS.obj (.text:xdc_runtime_Error_init__E)
                  00007a3c    00000018                   : BIOS.obj (.text:xdc_runtime_System_exit__E)
                  00007a54    00000018                   : BIOS.obj (.text:xdc_runtime_Text_ropeText__E)
                  00007a6c    00000016     driverlib.lib : chipinfo.obj (.text:NOROM_ThisLibraryIsFor_CC13x2_CC26x2_HwRev20AndLater_HaltIfViolated)
                  00007a82    00000016     sysbios.aem4f : BIOS.obj (.text:_pthread_cleanup_pop)
                  00007a98    00000016     release_pem4f.oem4f (.text:ti_sysbios_BIOS_exitFunc__I)
                  00007aae    00000016     sysbios.aem4f : BIOS.obj (.text:ti_sysbios_family_arm_cc26xx_TimestampProvider_get64__E)
                  00007ac4    00000016     ti.uia.loggers.aem4f : LoggerStopMode.oem4f (.text:ti_uia_loggers_LoggerStopMode_disable__E)
                  00007ada    00000016                          : LoggerStopMode.oem4f (.text:ti_uia_loggers_LoggerStopMode_enable__E)
                  00007af0    00000014     drivers_cc26x2.aem4f : PowerCC26X2_calibrateRCOSC.oem4f (.text:PowerCC26X2_calibrate)
                  00007b04    00000014     sysbios.aem4f : BIOS.obj (.text:pthread_attr_setschedparam)
                  00007b18    00000014     drivers_cc26x2.aem4f : PowerCC26X2.oem4f (.text:switchToTCXO)
                  00007b2c    00000014     sysbios.aem4f : BIOS.obj (.text:ti_sysbios_family_arm_cc26xx_Timer_getCount64__E)
                  00007b40    00000014     release_pem4f.oem4f (.text:ti_sysbios_family_arm_m3_Hwi_Object__get__S)
                  00007b54    00000014     sysbios.aem4f : BIOS.obj (.text:ti_sysbios_family_arm_m3_Hwi_switchFromBootStack__E)
                  00007b68    00000014     release_pem4f.oem4f (.text:ti_sysbios_heaps_HeapMem_Object__get__S)
                  00007b7c    00000014     release_pem4f.oem4f (.text:ti_sysbios_knl_Clock_doTick__I)
                  00007b90    00000014     release_pem4f.oem4f (.text:ti_sysbios_knl_Swi_Object__get__S)
                  00007ba4    00000012     drivers_cc26x2.aem4f : GPTimerCC26XX.oem4f (.text:GPTimerCC26XX_Params_init)
                  00007bb6    00000012                          : RingBuf.oem4f (.text:RingBuf_construct)
                  00007bc8    00000012     dpl_cc26x2.aem4f : SemaphoreP_tirtos.oem4f (.text:SemaphoreP_pend)
                  00007bda    00000012     sysbios.aem4f : BIOS.obj (.text:_pthread_runStub$45)
                  00007bec    00000012                   : BIOS.obj (.text:ti_sysbios_hal_Hwi_Module_startup__E)
                  00007bfe    00000012     release_pem4f.oem4f (.text:xdc_runtime_Startup_exec__I)
                  00007c10    00000010     dpl_cc26x2.aem4f : HwiP_tirtos.oem4f (.text:HwiP_Params_init)
                  00007c20    00000010     drivers_cc26x2.aem4f : PINCC26XX.oem4f (.text:PINCC26XX_getPinCount)
                  00007c30    00000010     dpl_cc26x2.aem4f : SwiP_tirtos.oem4f (.text:SwiP_Params_init)
                  00007c40    00000010     drivers_cc26x2.aem4f : Timer.oem4f (.text:Timer_Params_init)
                  00007c50    00000010     sysbios.aem4f : BIOS.obj (.text:ti_sysbios_BIOS_exit__E)
                  00007c60    00000010                   : BIOS.obj (.text:ti_sysbios_BIOS_getCpuFreq__E)
                  00007c70    00000010                   : BIOS.obj (.text:ti_sysbios_BIOS_setThreadType__E)
                  00007c80    00000010                   : BIOS.obj (.text:ti_sysbios_BIOS_start__E)
                  00007c90    00000010                   : BIOS.obj (.text:ti_sysbios_family_arm_m3_Hwi_getHandle__E)
                  00007ca0    00000010                   : m3_TaskSupport_asm.obj (.text:ti_sysbios_family_arm_m3_TaskSupport_glue)
                  00007cb0    00000010                   : BIOS.obj (.text:ti_sysbios_gates_GateMutex_Instance_finalize__E)
                  00007cc0    00000010     release_pem4f.oem4f (.text:ti_sysbios_knl_Mailbox_Object__get__S)
                  00007cd0    00000010     sysbios.aem4f : BIOS.obj (.text:ti_sysbios_knl_Semaphore_Instance_finalize__E)
                  00007ce0    00000010                   : BIOS.obj (.text:ti_sysbios_knl_Swi_disable__E)
                  00007cf0    00000010                   : BIOS.obj (.text:ti_sysbios_knl_Swi_enabled__E)
                  00007d00    00000010     release_pem4f.oem4f (.text:ti_sysbios_knl_Task_Object__get__S)
                  00007d10    00000010     sysbios.aem4f : BIOS.obj (.text:ti_sysbios_knl_Task_disable__E)
                  00007d20    00000010     release_pem4f.oem4f (.text:ti_uia_loggers_LoggerStopMode_Object__get__S)
                  00007d30    00000010     ti.uia.loggers.aem4f : LoggerStopMode.oem4f (.text:ti_uia_loggers_LoggerStopMode_isEmpty__E)
                  00007d40    00000010     drivers_cc26x2.aem4f : UARTCC26XX.oem4f (.text:uartPostNotify)
                  00007d50    00000010     sysbios.aem4f : BIOS.obj (.text:xdc_runtime_Gate_leaveSystem__E)
                  00007d60    00000010                   : BIOS.obj (.text:xdc_runtime_Memory_free__E)
                  00007d70    00000010                   : BIOS.obj (.text:xdc_runtime_SysCallback_abort__E)
                  00007d80    00000010                   : BIOS.obj (.text:xdc_runtime_SysCallback_exit__E)
                  00007d90    0000000e     rtsv7M4_T_le_v4SPD16_eabi.lib : copy_decompress_none.c.obj (.text:decompress:none:__TI_decompress_none)
                  00007d9e    0000000e     sysbios.aem4f : BIOS.obj (.text:pthread_attr_setdetachstate)
                  00007dac    0000000e                   : BIOS.obj (.text:ti_sysbios_heaps_HeapMem_restore__E)
                  00007dba    0000000e                   : BIOS.obj (.text:ti_sysbios_knl_Queue_empty__E)
                  00007dc8    0000000e                   : BIOS.obj (.text:ti_sysbios_knl_Queue_remove__E)
                  00007dd6    0000000c     driverlib.lib : cpu.obj (.text:NOROM_CPUcpsid)
                  00007de2    0000000c                   : cpu.obj (.text:NOROM_CPUcpsie)
                  00007dee    0000000c     drivers_cc26x2.aem4f : PINCC26XX.oem4f (.text:PIN_registerIntCb)
                  00007dfa    00000002     ti.uia.loggers.aem4f : LoggerStopMode.oem4f (.text:ti_uia_loggers_LoggerStopMode_setPriority__E)
                  00007dfc    0000000c     drivers_cc26x2.aem4f : PowerCC26X2.oem4f (.text:Power_getConstraintMask)
                  00007e08    0000000c                          : PowerCC26X2.oem4f (.text:Power_getDependencyCount)
                  00007e14    0000000c     dpl_cc26x2.aem4f : SemaphoreP_tirtos.oem4f (.text:SemaphoreP_delete)
                  00007e20    0000000c     rtsv7M4_T_le_v4SPD16_eabi.lib : _lock.c.obj (.text:_register_lock)
                  00007e2c    0000000c                                   : _lock.c.obj (.text:_register_unlock)
                  00007e38    0000000c                                   : copy_zero_init.c.obj (.text:decompress:ZI:__TI_zero_init)
                  00007e44    0000000c     sysbios.aem4f : BIOS.obj (.text:pthread_self)
                  00007e50    0000000c                   : BIOS.obj (.text:ti_sysbios_BIOS_getThreadType__E)
                  00007e5c    0000000c     release_pem4f.oem4f (.text:ti_sysbios_family_arm_m3_Hwi_Params__init__S)
                  00007e68    0000000c     sysbios.aem4f : BIOS.obj (.text:ti_sysbios_family_arm_m3_Hwi_disableFxn__E)
                  00007e74    0000000c                   : BIOS.obj (.text:ti_sysbios_family_arm_m3_TaskSupport_getStackAlignment__E)
                  00007e80    0000000c                   : BIOS.obj (.text:ti_sysbios_gates_GateHwi_enter__E)
                  00007e8c    0000000c     release_pem4f.oem4f (.text:ti_sysbios_knl_Clock_Params__init__S)
                  00007e98    0000000c     sysbios.aem4f : BIOS.obj (.text:ti_sysbios_knl_Clock_getTimerHandle__E)
                  00007ea4    0000000c     release_pem4f.oem4f (.text:ti_sysbios_knl_Queue_Object__get__S)
                  00007eb0    0000000c     sysbios.aem4f : BIOS.obj (.text:ti_sysbios_knl_Queue_dequeue__E)
                  00007ebc    0000000c                   : BIOS.obj (.text:ti_sysbios_knl_Queue_enqueue__E)
                  00007ec8    0000000c                   : BIOS.obj (.text:ti_sysbios_knl_Queue_insert__E)
                  00007ed4    0000000c     release_pem4f.oem4f (.text:ti_sysbios_knl_Semaphore_Params__init__S)
                  00007ee0    0000000c     release_pem4f.oem4f (.text:ti_sysbios_knl_Swi_Params__init__S)
                  00007eec    0000000c     sysbios.aem4f : BIOS.obj (.text:ti_sysbios_knl_Swi_getTrigger__E)
                  00007ef8    0000000c                   : BIOS.obj (.text:ti_sysbios_knl_Swi_self__E)
                  00007f04    0000000c     release_pem4f.oem4f (.text:ti_sysbios_knl_Task_Params__init__S)
                  00007f10    0000000c     sysbios.aem4f : BIOS.obj (.text:ti_sysbios_knl_Task_self__E)
                  00007f1c    0000000c                   : BIOS.obj (.text:ti_sysbios_rts_ti_ReentSupport_taskRegHook__I)
                  00007f28    0000000c                   : BIOS.obj (.text:xdc_runtime_Gate_enterSystem__E)
                  00007f34    0000000c                   : BIOS.obj (.text:xdc_runtime_Memory_calloc__E)
                  00007f40    0000000c                   : BIOS.obj (.text:xdc_runtime_Memory_getMaxDefaultTypeAlign__E)
                  00007f4c    0000000c                   : BIOS.obj (.text:xdc_runtime_Startup_rtsDone__E)
                  00007f58    0000000a     dpl_cc26x2.aem4f : ClockP_tirtos.oem4f (.text:ClockP_Params_init)
                  00007f62    0000000a     drivers_cc26x2.aem4f : Timer.oem4f (.text:Timer_setPeriod)
                  00007f6c    0000000a                          : Timer.oem4f (.text:Timer_start)
                  00007f76    0000000a                          : Timer.oem4f (.text:Timer_stop)
                  00007f80    0000000a                          : UART.oem4f (.text:UART_control)
                  00007f8a    0000000a                          : UART.oem4f (.text:UART_read)
                  00007f94    0000000a                          : UART.oem4f (.text:UART_write)
                  00007f9e    0000000a     release_pem4f.oem4f (.text:xdc_runtime_IHeap_alloc)
                  00007fa8    0000000a     release_pem4f.oem4f (.text:xdc_runtime_IHeap_free)
                  00007fb2    00000008     CC26X2R1_LAUNCHXL_fxns.obj (.text:Board_initHook)
                  00007fba    00000008     drivers_cc26x2.aem4f : GPTimerCC26XX.oem4f (.text:GPTimerCC26XX_setLoadValue)
                  00007fc2    00000008                          : TimerCC26XX.oem4f (.text:TimerCC26XX_getCount)
                  00007fca    00000008                          : UARTCC26XX.oem4f (.text:UARTCC26XX_init)
                  00007fd2    00000008                          : UARTCC26XX.oem4f (.text:readSemCallback)
                  00007fda    00000008     sysbios.aem4f : BIOS.obj (.text:ti_sysbios_family_arm_m3_Hwi_doSwiRestore__I)
                  00007fe2    00000008                   : BIOS.obj (.text:ti_sysbios_family_arm_m3_Hwi_startup__E)
                  00007fea    00000008                   : BIOS.obj (.text:ti_sysbios_knl_Idle_loop__E)
                  00007ff2    00000008     drivers_cc26x2.aem4f : UARTCC26XX.oem4f (.text:writeSemCallback)
                  00007ffa    00000006                          : GPTimerCC26XX.oem4f (.text:GPTimerCC26XX_getArg)
                  00008000    00000006                          : GPTimerCC26XX.oem4f (.text:GPTimerCC26XX_getValue)
                  00008006    00000006                          : GPTimerCC26XX.oem4f (.text:GPTimerCC26XX_setArg)
                  0000800c    00000006     driverlib.lib : cpu.obj (.text:NOROM_CPUdelay)
                  00008012    00000006     drivers_cc26x2.aem4f : TimerCC26XX.oem4f (.text:TimerCC26XX_control)
                  00008018    00000006                          : UARTCC26XX.oem4f (.text:UARTCC26XX_readPolling)
                  0000801e    00000006                          : UARTCC26XX.oem4f (.text:UARTCC26XX_writePolling)
                  00008024    00000006     sysbios.aem4f : BIOS.obj (.text:pthread_attr_setstacksize)
                  0000802a    00000006                   : BIOS.obj (.text:ti_sysbios_family_arm_m3_Hwi_doTaskRestore__I)
                  00008030    00000006                   : BIOS.obj (.text:ti_sysbios_family_arm_m3_Hwi_restoreFxn__E)
                  00008036    00000006                   : BIOS.obj (.text:ti_sysbios_gates_GateHwi_leave__E)
                  0000803c    00000006                   : BIOS.obj (.text:ti_sysbios_heaps_HeapMem_isBlocking__E)
                  00008042    00000006                   : BIOS.obj (.text:ti_sysbios_knl_Queue_Instance_init__E)
                  00008048    00000006                   : BIOS.obj (.text:ti_sysbios_knl_Queue_elemClear__E)
                  0000804e    00000006                   : BIOS.obj (.text:ti_sysbios_knl_Swi_startup__E)
                  00008054    00000006                   : BIOS.obj (.text:xdc_runtime_System_Module_startup__E)
                  0000805a    00000004     dpl_cc26x2.aem4f : PowerCC26X2_tirtos.oem4f (.text:CPUwfi)
                  0000805e    00000004                      : ClockP_tirtos.oem4f (.text:ClockP_destruct)
                  00008062    00000004                      : ClockP_tirtos.oem4f (.text:ClockP_getCpuFreq)
                  00008066    00000004                      : ClockP_tirtos.oem4f (.text:ClockP_setTimeout)
                  0000806a    00000004                      : ClockP_tirtos.oem4f (.text:ClockP_start)
                  0000806e    00000004                      : ClockP_tirtos.oem4f (.text:ClockP_stop)
                  00008072    00000004                      : HwiP_tirtos.oem4f (.text:HwiP_destruct)
                  00008076    00000004                      : HwiP_tirtos.oem4f (.text:HwiP_disable)
                  0000807a    00000004                      : SemaphoreP_tirtos.oem4f (.text:SemaphoreP_destruct)
                  0000807e    00000004                      : SemaphoreP_tirtos.oem4f (.text:SemaphoreP_post)
                  00008082    00000004                      : SwiP_tirtos.oem4f (.text:SwiP_destruct)
                  00008086    00000004                      : SwiP_tirtos.oem4f (.text:SwiP_disable)
                  0000808a    00000004                      : SwiP_tirtos.oem4f (.text:SwiP_getTrigger)
                  0000808e    00000004                      : SwiP_tirtos.oem4f (.text:SwiP_or)
                  00008092    00000004     drivers_cc26x2.aem4f : PowerCC26X2.oem4f (.text:configureRFCoreClocks)
                  00008096    00000004                          : PowerCC26X2.oem4f (.text:nopResourceHandler)
                  0000809a    00000004     release_pem4f.oem4f (.text:ti_sysbios_BIOS_RtsGateProxy_enter__E)
                  0000809e    00000004     release_pem4f.oem4f (.text:ti_sysbios_BIOS_RtsGateProxy_leave__E)
                  000080a2    00000004     sysbios.aem4f : BIOS.obj (.text:ti_sysbios_family_arm_cc26xx_Timer_setPeriod__E)
                  000080a6    00000004     release_pem4f.oem4f (.text:ti_sysbios_family_arm_m3_TaskSupport_Module__startupDone__S)
                  000080aa    00000004     sysbios.aem4f : BIOS.obj (.text:ti_sysbios_gates_GateHwi_query__E)
                  000080ae    00000004                   : BIOS.obj (.text:ti_sysbios_gates_GateMutex_query__E)
                  000080b2    00000004     release_pem4f.oem4f (.text:ti_sysbios_heaps_HeapMem_Module_GateProxy_enter__E)
                  000080b6    00000004     release_pem4f.oem4f (.text:ti_sysbios_heaps_HeapMem_Module_GateProxy_leave__E)
                  000080ba    00000004     release_pem4f.oem4f (.text:ti_sysbios_knl_Clock_TimerProxy_getCurrentTick__E)
                  000080be    00000004     release_pem4f.oem4f (.text:ti_sysbios_knl_Clock_TimerProxy_getMaxTicks__E)
                  000080c2    00000004     release_pem4f.oem4f (.text:ti_sysbios_knl_Clock_TimerProxy_setNextTick__E)
                  000080c6    00000004     sysbios.aem4f : BIOS.obj (.text:ti_sysbios_knl_Clock_removeI__E)
                  000080ca    00000004                   : BIOS.obj (.text:ti_sysbios_knl_Clock_setTimeout__E)
                  000080ce    00000004                   : BIOS.obj (.text:ti_sysbios_knl_Queue_head__E)
                  000080d2    00000004                   : BIOS.obj (.text:ti_sysbios_knl_Queue_next__E)
                  000080d6    00000004                   : BIOS.obj (.text:ti_sysbios_knl_Queue_prev__E)
                  000080da    00000004     release_pem4f.oem4f (.text:ti_sysbios_knl_Semaphore_delete)
                  000080de    00000004     sysbios.aem4f : BIOS.obj (.text:ti_sysbios_knl_Swi_postInit__I)
                  000080e2    00000004     release_pem4f.oem4f (.text:ti_sysbios_knl_Task_delete)
                  000080e6    00000004     sysbios.aem4f : BIOS.obj (.text:ti_sysbios_knl_Task_getArg1__E)
                  000080ea    00000004                   : BIOS.obj (.text:ti_sysbios_knl_Task_getEnv__E)
                  000080ee    00000004                   : BIOS.obj (.text:ti_sysbios_knl_Task_startup__E)
                  000080f2    00000004     ti.uia.loggers.aem4f : LoggerStopMode.oem4f (.text:ti_uia_loggers_LoggerStopMode_getContents__E)
                  000080f6    00000004     release_pem4f.oem4f (.text:ti_uia_loggers_LoggerStopMode_getFilterLevel__E)
                  000080fa    00000004     ti.uia.loggers.aem4f : LoggerStopMode.oem4f (.text:ti_uia_loggers_LoggerStopMode_getInstanceId__E)
                  000080fe    00000004                          : LoggerStopMode.oem4f (.text:ti_uia_loggers_LoggerStopMode_getMaxLength__E)
                  00008102    00000004                          : LoggerStopMode.oem4f (.text:ti_uia_loggers_LoggerStopMode_getPriority__E)
                  00008106    00000004                          : LoggerStopMode.oem4f (.text:ti_uia_loggers_LoggerStopMode_getTransferType__E)
                  0000810a    00000004     release_pem4f.oem4f (.text:xdc_runtime_System_Module_GateProxy_enter__E)
                  0000810e    00000004     release_pem4f.oem4f (.text:xdc_runtime_System_Module_GateProxy_leave__E)
                  00008112    00000002     sysbios.aem4f : BIOS.obj (.text:xdc_runtime_SysCallback_defaultAbort)
                  00008114    00000002                   : BIOS.obj (.text:xdc_runtime_SysCallback_defaultExit)
                  00008116    00000002                   : BIOS.obj (.text:xdc_runtime_System_abortSpin__E)
                  00008118    00000002                   : BIOS.obj (.text:xdc_runtime_System_exitSpin__E)

.const     0    0000811c    00000892     
                  0000811c    00000060     release_pem4f.oem4f (.const:ti_uia_loggers_LoggerStopMode_Module__FXNS__C)
                  0000817c    00000054     drivers_cc26x2.aem4f : PowerCC26X2.oem4f (.const:resourceDB)
                  000081d0    0000003c     release_pem4f.oem4f (.const:ti_sysbios_knl_Task_Object__PARAMS__C)
                  0000820c    00000030     release_pem4f.oem4f (.const:ti_sysbios_family_arm_m3_Hwi_Object__PARAMS__C)
                  0000823c    00000028     drivers_cc26x2.aem4f : UARTCC26XX.oem4f (.const:UARTCC26XX_fxnTable)
                  00008264    00000028     release_pem4f.oem4f (.const:ti_sysbios_heaps_HeapMem_Module__FXNS__C)
                  0000828c    00000028     release_pem4f.oem4f (.const:ti_sysbios_knl_Swi_Object__PARAMS__C)
                  000082b4    00000028     release_pem4f.oem4f (.const:ti_uia_loggers_LoggerStopMode_Object__PARAMS__C)
                  000082dc    00000028     ti_drivers_config.obj (.const:uartCC26XXHWAttrs)
                  00008304    00000028     release_pem4f.oem4f (.const:xdc_runtime_Startup_sfxnTab__A)
                  0000832c    00000024     drivers_cc26x2.aem4f : UART.oem4f (.const:UART_defaultParams)
                  00008350    00000024     release_pem4f.oem4f (.const:ti_sysbios_gates_GateHwi_Module__FXNS__C)
                  00008374    00000024     release_pem4f.oem4f (.const:ti_sysbios_gates_GateMutex_Module__FXNS__C)
                  00008398    00000024     release_pem4f.oem4f (.const:ti_sysbios_heaps_HeapMem_Object__PARAMS__C)
                  000083bc    00000024     release_pem4f.oem4f (.const:ti_sysbios_knl_Clock_Object__PARAMS__C)
                  000083e0    00000024     release_pem4f.oem4f (.const:ti_sysbios_knl_Semaphore_Object__PARAMS__C)
                  00008404    00000020     drivers_cc26x2.aem4f : TimerCC26XX.oem4f (.const:TimerCC26XX_fxnTable)
                  00008424    00000020     release_pem4f.oem4f (.const:ti_sysbios_family_arm_m3_Hwi_Object__DESC__C)
                  00008444    00000020     release_pem4f.oem4f (.const:ti_sysbios_gates_GateHwi_Object__DESC__C)
                  00008464    00000020     release_pem4f.oem4f (.const:ti_sysbios_gates_GateMutex_Object__DESC__C)
                  00008484    00000020     release_pem4f.oem4f (.const:ti_sysbios_heaps_HeapMem_Object__DESC__C)
                  000084a4    00000020     release_pem4f.oem4f (.const:ti_sysbios_knl_Clock_Object__DESC__C)
                  000084c4    00000020     release_pem4f.oem4f (.const:ti_sysbios_knl_Queue_Object__DESC__C)
                  000084e4    00000020     release_pem4f.oem4f (.const:ti_sysbios_knl_Semaphore_Object__DESC__C)
                  00008504    00000020     release_pem4f.oem4f (.const:ti_sysbios_knl_Swi_Object__DESC__C)
                  00008524    00000020     release_pem4f.oem4f (.const:ti_sysbios_knl_Task_Object__DESC__C)
                  00008544    00000020     release_pem4f.oem4f (.const:ti_uia_loggers_LoggerStopMode_Object__DESC__C)
                  00008564    0000001c     drivers_cc26x2.aem4f : GPTimerCC26XX.oem4f (.const:GPT_LUT)
                  00008580    00000018                          : GPIOCC26XX.oem4f (.const:interruptType)
                  00008598    00000018     release_pem4f.oem4f (.const:ti_sysbios_gates_GateHwi_Object__PARAMS__C)
                  000085b0    00000018     release_pem4f.oem4f (.const:ti_sysbios_gates_GateMutex_Object__PARAMS__C)
                  000085c8    00000018     release_pem4f.oem4f (.const:ti_sysbios_knl_Queue_Object__PARAMS__C)
                  000085e0    00000018     release_pem4f.oem4f (.const:ti_sysbios_knl_Task_hooks__A)
                  000085f8    00000014     CC26X2R1_LAUNCHXL_fxns.obj (.const:$P$T1$2)
                  0000860c    00000014     ti_drivers_config.obj (.const:BoardGpioInitTable)
                  00008620    00000014     ti_drivers_config.obj (.const:GPIOCC26XX_config)
                  00008634    00000014     ti_drivers_config.obj (.const:PowerCC26X2_config)
                  00008648    00000014     drivers_cc26x2.aem4f : UARTCC26XX.oem4f (.const:parityType)
                  0000865c    00000014     release_pem4f.oem4f (.const:xdc_runtime_Startup_sfxnRts__A)
                  00008670    00000010     drivers_cc26x2.aem4f : UARTCC26XX.oem4f (.const:dataLength)
                  00008680    00000010                          : GPIOCC26XX.oem4f (.const:outPinTypes)
                  00008690    0000000c     ti_drivers_config.obj (.const:GPTimerCC26XX_config)
                  0000869c    0000000c     ti_drivers_config.obj (.const:Timer_config)
                  000086a8    0000000c     ti_drivers_config.obj (.const:UART_config)
                  000086b4    0000000c     drivers_cc26x2.aem4f : Timer.oem4f (.const:defaultParams)
                  000086c0    0000000c     ti_drivers_config.obj (.const:gptimerCC26XXHWAttrs)
                  000086cc    0000000c     drivers_cc26x2.aem4f : GPIOCC26XX.oem4f (.const:inPinTypes)
                  000086d8    0000000c                          : GPIOCC26XX.oem4f (.const:outPinStrengths)
                  000086e4    0000000c     release_pem4f.oem4f (.const:xdc_runtime_Startup_firstFxns__A)
                  000086f0    00000008     driverlib.lib : aux_sysif.obj (.const:$O1$$)
                  000086f8    00000008     CC26X2R1_LAUNCHXL_fxns.obj (.const:$P$T0$1)
                  00008700    00000008     drivers_cc26x2.aem4f : GPTimerCC26XX.oem4f (.const:GPT_DefaultParams)
                  00008708    00000008     ti_drivers_config.obj (.const:PINCC26XX_hwAttrs)
                  00008710    00000008     drivers_cc26x2.aem4f : UARTCC26XX.oem4f (.const:stopBits)
                  00008718    00000008     release_pem4f.oem4f (.const:ti_sysbios_family_arm_m3_Hwi_excHookFuncs__A)
                  00008720    00000008     release_pem4f.oem4f (.const:ti_sysbios_knl_Idle_funcList__A)
                  00008728    00000008     release_pem4f.oem4f (.const:ti_sysbios_knl_Idle_funcList__C)
                  00008730    00000008     release_pem4f.oem4f (.const:ti_sysbios_knl_Task_hooks__C)
                  00008738    00000008     release_pem4f.oem4f (.const:xdc_runtime_Startup_firstFxns__C)
                  00008740    00000008     release_pem4f.oem4f (.const:xdc_runtime_Startup_lastFxns__C)
                  00008748    00000006     drivers_cc26x2.aem4f : UARTCC26XX.oem4f (.const:.string:rxFifoBytes)
                  0000874e    00000006                          : UARTCC26XX.oem4f (.const:.string:rxFifoThreshold)
                  00008754    00000006                          : UARTCC26XX.oem4f (.const:.string:txFifoBytes)
                  0000875a    00000006                          : UARTCC26XX.oem4f (.const:.string:txFifoThreshold)
                  00008760    00000004     empty.obj (.const:.string:$P$T0$1)
                  00008764    00000004     ti_drivers_config.obj (.const)
                  00008768    00000004     release_pem4f.oem4f (.const:ti_sysbios_family_arm_cc26xx_Timer_funcHookCH1__C)
                  0000876c    00000004     release_pem4f.oem4f (.const:ti_sysbios_family_arm_cc26xx_Timer_funcHookCH2__C)
                  00008770    00000004     release_pem4f.oem4f (.const:ti_sysbios_family_arm_cc26xx_Timer_startupNeeded__C)
                  00008774    00000004     release_pem4f.oem4f (.const:ti_sysbios_family_arm_cc26xx_TimestampProvider_Module__diagsEnabled__C)
                  00008778    00000004     release_pem4f.oem4f (.const:ti_sysbios_family_arm_cc26xx_TimestampProvider_Module__diagsIncluded__C)
                  0000877c    00000004     release_pem4f.oem4f (.const:ti_sysbios_family_arm_cc26xx_TimestampProvider_Module__diagsMask__C)
                  00008780    00000004     release_pem4f.oem4f (.const:ti_sysbios_family_arm_m3_Hwi_E_alreadyDefined__C)
                  00008784    00000004     release_pem4f.oem4f (.const:ti_sysbios_family_arm_m3_Hwi_E_badIntNum__C)
                  00008788    00000004     release_pem4f.oem4f (.const:ti_sysbios_family_arm_m3_Hwi_E_exception__C)
                  0000878c    00000004     release_pem4f.oem4f (.const:ti_sysbios_family_arm_m3_Hwi_E_noIsr__C)
                  00008790    00000004     release_pem4f.oem4f (.const:ti_sysbios_family_arm_m3_Hwi_LD_end__C)
                  00008794    00000004     release_pem4f.oem4f (.const:ti_sysbios_family_arm_m3_Hwi_LM_begin__C)
                  00008798    00000004     release_pem4f.oem4f (.const:ti_sysbios_family_arm_m3_Hwi_Module__diagsEnabled__C)
                  0000879c    00000004     release_pem4f.oem4f (.const:ti_sysbios_family_arm_m3_Hwi_Module__diagsIncluded__C)
                  000087a0    00000004     release_pem4f.oem4f (.const:ti_sysbios_family_arm_m3_Hwi_Module__diagsMask__C)
                  000087a4    00000004     release_pem4f.oem4f (.const:ti_sysbios_family_arm_m3_Hwi_Module__loggerFxn1__C)
                  000087a8    00000004     release_pem4f.oem4f (.const:ti_sysbios_family_arm_m3_Hwi_Module__loggerFxn8__C)
                  000087ac    00000004     release_pem4f.oem4f (.const:ti_sysbios_family_arm_m3_Hwi_Module__loggerObj__C)
                  000087b0    00000004     release_pem4f.oem4f (.const:ti_sysbios_family_arm_m3_Hwi_NUM_INTERRUPTS__C)
                  000087b4    00000004     release_pem4f.oem4f (.const:ti_sysbios_family_arm_m3_Hwi_Object__count__C)
                  000087b8    00000004     release_pem4f.oem4f (.const:ti_sysbios_family_arm_m3_Hwi_ccr__C)
                  000087bc    00000004     release_pem4f.oem4f (.const:ti_sysbios_family_arm_m3_Hwi_excHandlerFunc__C)
                  000087c0    00000004     release_pem4f.oem4f (.const:ti_sysbios_family_arm_m3_Hwi_excHookFuncs__C)
                  000087c4    00000004     release_pem4f.oem4f (.const:ti_sysbios_family_arm_m3_Hwi_nullIsrFunc__C)
                  000087c8    00000004     release_pem4f.oem4f (.const:ti_sysbios_family_arm_m3_Hwi_priGroup__C)
                  000087cc    00000004     release_pem4f.oem4f (.const:ti_sysbios_family_arm_m3_TaskSupport_stackAlignment__C)
                  000087d0    00000004     release_pem4f.oem4f (.const:ti_sysbios_gates_GateMutex_A_badContext__C)
                  000087d4    00000004     release_pem4f.oem4f (.const:ti_sysbios_gates_GateMutex_Instance_State_sem__O)
                  000087d8    00000004     release_pem4f.oem4f (.const:ti_sysbios_gates_GateMutex_Module__diagsEnabled__C)
                  000087dc    00000004     release_pem4f.oem4f (.const:ti_sysbios_gates_GateMutex_Module__diagsIncluded__C)
                  000087e0    00000004     release_pem4f.oem4f (.const:ti_sysbios_gates_GateMutex_Module__diagsMask__C)
                  000087e4    00000004     release_pem4f.oem4f (.const:ti_sysbios_heaps_HeapMem_A_align__C)
                  000087e8    00000004     release_pem4f.oem4f (.const:ti_sysbios_heaps_HeapMem_A_heapSize__C)
                  000087ec    00000004     release_pem4f.oem4f (.const:ti_sysbios_heaps_HeapMem_A_invalidFree__C)
                  000087f0    00000004     release_pem4f.oem4f (.const:ti_sysbios_heaps_HeapMem_A_zeroBlock__C)
                  000087f4    00000004     release_pem4f.oem4f (.const:ti_sysbios_heaps_HeapMem_E_memory__C)
                  000087f8    00000004     release_pem4f.oem4f (.const:ti_sysbios_heaps_HeapMem_Module__diagsEnabled__C)
                  000087fc    00000004     release_pem4f.oem4f (.const:ti_sysbios_heaps_HeapMem_Module__diagsIncluded__C)
                  00008800    00000004     release_pem4f.oem4f (.const:ti_sysbios_heaps_HeapMem_Module__diagsMask__C)
                  00008804    00000004     release_pem4f.oem4f (.const:ti_sysbios_heaps_HeapMem_Module__gateObj__C)
                  00008808    00000004     release_pem4f.oem4f (.const:ti_sysbios_heaps_HeapMem_Object__count__C)
                  0000880c    00000004     release_pem4f.oem4f (.const:ti_sysbios_heaps_HeapMem_primaryHeapBaseAddr__C)
                  00008810    00000004     release_pem4f.oem4f (.const:ti_sysbios_heaps_HeapMem_primaryHeapEndAddr__C)
                  00008814    00000004     release_pem4f.oem4f (.const:ti_sysbios_heaps_HeapMem_reqAlign__C)
                  00008818    00000004     release_pem4f.oem4f (.const:ti_sysbios_knl_Clock_A_badThreadType__C)
                  0000881c    00000004     release_pem4f.oem4f (.const:ti_sysbios_knl_Clock_LM_begin__C)
                  00008820    00000004     release_pem4f.oem4f (.const:ti_sysbios_knl_Clock_LM_tick__C)
                  00008824    00000004     release_pem4f.oem4f (.const:ti_sysbios_knl_Clock_Module_State_clockQ__O)
                  00008828    00000004     release_pem4f.oem4f (.const:ti_sysbios_knl_Clock_Module__diagsEnabled__C)
                  0000882c    00000004     release_pem4f.oem4f (.const:ti_sysbios_knl_Clock_Module__diagsIncluded__C)
                  00008830    00000004     release_pem4f.oem4f (.const:ti_sysbios_knl_Clock_Module__diagsMask__C)
                  00008834    00000004     release_pem4f.oem4f (.const:ti_sysbios_knl_Clock_Module__loggerFxn1__C)
                  00008838    00000004     release_pem4f.oem4f (.const:ti_sysbios_knl_Clock_Module__loggerFxn2__C)
                  0000883c    00000004     release_pem4f.oem4f (.const:ti_sysbios_knl_Clock_Module__loggerObj__C)
                  00008840    00000004     release_pem4f.oem4f (.const:ti_sysbios_knl_Clock_tickPeriod__C)
                  00008844    00000004     release_pem4f.oem4f (.const:ti_sysbios_knl_Clock_triggerClock__C)
                  00008848    00000004     release_pem4f.oem4f (.const:ti_sysbios_knl_Mailbox_Instance_State_freeQue__O)
                  0000884c    00000004     release_pem4f.oem4f (.const:ti_sysbios_knl_Mailbox_Object__count__C)
                  00008850    00000004     release_pem4f.oem4f (.const:ti_sysbios_knl_Mailbox_maxTypeAlign__C)
                  00008854    00000004     release_pem4f.oem4f (.const:ti_sysbios_knl_Semaphore_A_badContext__C)
                  00008858    00000004     release_pem4f.oem4f (.const:ti_sysbios_knl_Semaphore_A_noEvents__C)
                  0000885c    00000004     release_pem4f.oem4f (.const:ti_sysbios_knl_Semaphore_A_overflow__C)
                  00008860    00000004     release_pem4f.oem4f (.const:ti_sysbios_knl_Semaphore_A_pendTaskDisabled__C)
                  00008864    00000004     release_pem4f.oem4f (.const:ti_sysbios_knl_Semaphore_Instance_State_pendQ__O)
                  00008868    00000004     release_pem4f.oem4f (.const:ti_sysbios_knl_Semaphore_LM_pend__C)
                  0000886c    00000004     release_pem4f.oem4f (.const:ti_sysbios_knl_Semaphore_LM_post__C)
[...]
00008780  ti_sysbios_family_arm_m3_Hwi_E_alreadyDefined__C                       
00008784  ti_sysbios_family_arm_m3_Hwi_E_badIntNum__C                            
00008788  ti_sysbios_family_arm_m3_Hwi_E_exception__C                            
0000878c  ti_sysbios_family_arm_m3_Hwi_E_noIsr__C                                
00008790  ti_sysbios_family_arm_m3_Hwi_LD_end__C                                 
00008794  ti_sysbios_family_arm_m3_Hwi_LM_begin__C                               
00008798  ti_sysbios_family_arm_m3_Hwi_Module__diagsEnabled__C                   
0000879c  ti_sysbios_family_arm_m3_Hwi_Module__diagsIncluded__C                  
000087a0  ti_sysbios_family_arm_m3_Hwi_Module__diagsMask__C                      
000087a4  ti_sysbios_family_arm_m3_Hwi_Module__loggerFxn1__C                     
000087a8  ti_sysbios_family_arm_m3_Hwi_Module__loggerFxn8__C                     
000087ac  ti_sysbios_family_arm_m3_Hwi_Module__loggerObj__C                      
000087b0  ti_sysbios_family_arm_m3_Hwi_NUM_INTERRUPTS__C                         
000087b4  ti_sysbios_family_arm_m3_Hwi_Object__count__C                          
000087b8  ti_sysbios_family_arm_m3_Hwi_ccr__C                                    
000087bc  ti_sysbios_family_arm_m3_Hwi_excHandlerFunc__C                         
000087c0  ti_sysbios_family_arm_m3_Hwi_excHookFuncs__C                           
000087c4  ti_sysbios_family_arm_m3_Hwi_nullIsrFunc__C                            
000087c8  ti_sysbios_family_arm_m3_Hwi_priGroup__C                               
000087cc  ti_sysbios_family_arm_m3_TaskSupport_stackAlignment__C                 
000087d0  ti_sysbios_gates_GateMutex_A_badContext__C                             
000087d4  ti_sysbios_gates_GateMutex_Instance_State_sem__O                       
000087d8  ti_sysbios_gates_GateMutex_Module__diagsEnabled__C                     
000087dc  ti_sysbios_gates_GateMutex_Module__diagsIncluded__C                    
000087e0  ti_sysbios_gates_GateMutex_Module__diagsMask__C                        
000087e4  ti_sysbios_heaps_HeapMem_A_align__C                                    
000087e8  ti_sysbios_heaps_HeapMem_A_heapSize__C                                 
000087ec  ti_sysbios_heaps_HeapMem_A_invalidFree__C                              
000087f0  ti_sysbios_heaps_HeapMem_A_zeroBlock__C                                
000087f4  ti_sysbios_heaps_HeapMem_E_memory__C                                   
000087f8  ti_sysbios_heaps_HeapMem_Module__diagsEnabled__C                       
000087fc  ti_sysbios_heaps_HeapMem_Module__diagsIncluded__C                      
00008800  ti_sysbios_heaps_HeapMem_Module__diagsMask__C                          
00008804  ti_sysbios_heaps_HeapMem_Module__gateObj__C                            
00008808  ti_sysbios_heaps_HeapMem_Object__count__C                              
0000880c  ti_sysbios_heaps_HeapMem_primaryHeapBaseAddr__C                        
00008810  ti_sysbios_heaps_HeapMem_primaryHeapEndAddr__C                         
00008814  ti_sysbios_heaps_HeapMem_reqAlign__C                                   
00008818  ti_sysbios_knl_Clock_A_badThreadType__C                                
0000881c  ti_sysbios_knl_Clock_LM_begin__C                                       
00008820  ti_sysbios_knl_Clock_LM_tick__C                                        
00008824  ti_sysbios_knl_Clock_Module_State_clockQ__O                            
00008828  ti_sysbios_knl_Clock_Module__diagsEnabled__C                           
0000882c  ti_sysbios_knl_Clock_Module__diagsIncluded__C                          
00008830  ti_sysbios_knl_Clock_Module__diagsMask__C                              
00008834  ti_sysbios_knl_Clock_Module__loggerFxn1__C                             
00008838  ti_sysbios_knl_Clock_Module__loggerFxn2__C                             
0000883c  ti_sysbios_knl_Clock_Module__loggerObj__C                              
00008840  ti_sysbios_knl_Clock_tickPeriod__C                                     
00008844  ti_sysbios_knl_Clock_triggerClock__C                                   
00008848  ti_sysbios_knl_Mailbox_Instance_State_freeQue__O                       
0000884c  ti_sysbios_knl_Mailbox_Object__count__C                                
00008850  ti_sysbios_knl_Mailbox_maxTypeAlign__C                                 
00008854  ti_sysbios_knl_Semaphore_A_badContext__C                               
00008858  ti_sysbios_knl_Semaphore_A_noEvents__C                                 
0000885c  ti_sysbios_knl_Semaphore_A_overflow__C                                 
00008860  ti_sysbios_knl_Semaphore_A_pendTaskDisabled__C                         
00008864  ti_sysbios_knl_Semaphore_Instance_State_pendQ__O                       
00008868  ti_sysbios_knl_Semaphore_LM_pend__C                                    
0000886c  ti_sysbios_knl_Semaphore_LM_post__C                                    
00008870  ti_sysbios_knl_Semaphore_Module__diagsEnabled__C                       
00008874  ti_sysbios_knl_Semaphore_Module__diagsIncluded__C                      
00008878  ti_sysbios_knl_Semaphore_Module__diagsMask__C                          
0000887c  ti_sysbios_knl_Semaphore_Module__loggerFxn2__C                         
00008880  ti_sysbios_knl_Semaphore_Module__loggerFxn4__C                         
00008884  ti_sysbios_knl_Semaphore_Module__loggerObj__C                          
00008888  ti_sysbios_knl_Swi_A_badPriority__C                                    
0000888c  ti_sysbios_knl_Swi_LD_end__C                                           
00008890  ti_sysbios_knl_Swi_LM_begin__C                                         
00008894  ti_sysbios_knl_Swi_LM_post__C                                          
00008898  ti_sysbios_knl_Swi_Module__diagsEnabled__C                             
0000889c  ti_sysbios_knl_Swi_Module__diagsIncluded__C                            
000088a0  ti_sysbios_knl_Swi_Module__diagsMask__C                                
000088a4  ti_sysbios_knl_Swi_Module__loggerFxn1__C                               
000088a8  ti_sysbios_knl_Swi_Module__loggerFxn4__C                               
000088ac  ti_sysbios_knl_Swi_Module__loggerObj__C                                
000088b0  ti_sysbios_knl_Swi_Object__count__C                                    
000088b4  ti_sysbios_knl_Task_A_badPriority__C                                   
000088b8  ti_sysbios_knl_Task_A_badTaskState__C                                  
000088bc  ti_sysbios_knl_Task_A_badThreadType__C                                 
000088c0  ti_sysbios_knl_Task_A_noPendElem__C                                    
000088c4  ti_sysbios_knl_Task_LD_block__C                                        
000088c8  ti_sysbios_knl_Task_LD_exit__C                                         
000088cc  ti_sysbios_knl_Task_LD_ready__C                                        
000088d0  ti_sysbios_knl_Task_LM_setPri__C                                       
000088d4  ti_sysbios_knl_Task_LM_switch__C                                       
000088d8  ti_sysbios_knl_Task_Module_State_inactiveQ__O                          
000088dc  ti_sysbios_knl_Task_Module__diagsEnabled__C                            
000088e0  ti_sysbios_knl_Task_Module__diagsIncluded__C                           
000088e4  ti_sysbios_knl_Task_Module__diagsMask__C                               
000088e8  ti_sysbios_knl_Task_Module__loggerFxn2__C                              
000088ec  ti_sysbios_knl_Task_Module__loggerFxn4__C                              
000088f0  ti_sysbios_knl_Task_Module__loggerObj__C                               
000088f4  ti_sysbios_knl_Task_Object__count__C                                   
000088f8  ti_sysbios_knl_Task_Object__heap__C                                    
000088fc  ti_sysbios_knl_Task_allBlockedFunc__C                                  
00008900  ti_sysbios_knl_Task_defaultStackHeap__C                                
00008904  ti_sysbios_knl_Task_defaultStackSize__C                                
00008908  ti_sysbios_knl_Task_numConstructedTasks__C                             
0000890c  ti_uia_loggers_LoggerStopMode_Module__diagsEnabled__C                  
00008910  ti_uia_loggers_LoggerStopMode_Module__diagsIncluded__C                 
00008914  ti_uia_loggers_LoggerStopMode_Module__diagsMask__C                     
00008918  ti_uia_loggers_LoggerStopMode_Object__count__C                         
0000891c  ti_uia_runtime_ILoggerSnapshot_Interface__BASE__C                      
00008920  ti_uia_runtime_IUIATransfer_Interface__BASE__C                         
00008924  xdc_runtime_Assert_E_assertFailed__C                                   
00008928  xdc_runtime_Core_A_initializedParams__C                                
0000892c  xdc_runtime_Core_Module__diagsEnabled__C                               
00008930  xdc_runtime_Core_Module__diagsIncluded__C                              
00008934  xdc_runtime_Core_Module__diagsMask__C                                  
00008938  xdc_runtime_Error_E_memory__C                                          
0000893c  xdc_runtime_Error_policyFxn__C                                         
00008940  xdc_runtime_IFilterLogger_Interface__BASE__C                           
00008944  xdc_runtime_IGateProvider_Interface__BASE__C                           
00008948  xdc_runtime_IHeap_Interface__BASE__C                                   
0000894c  xdc_runtime_ILogger_Interface__BASE__C                                 
00008950  xdc_runtime_IModule_Interface__BASE__C                                 
00008954  xdc_runtime_Memory_defaultHeapInstance__C                              
00008958  xdc_runtime_Startup_execImpl__C                                        
0000895c  xdc_runtime_Startup_maxPasses__C                                       
00008960  xdc_runtime_Startup_sfxnRts__C                                         
00008964  xdc_runtime_Startup_sfxnTab__C                                         
00008968  xdc_runtime_SysCallback_abortFxn__C                                    
0000896c  xdc_runtime_SysCallback_exitFxn__C                                     
00008970  xdc_runtime_System_Module__gateObj__C                                  
00008974  xdc_runtime_System_abortFxn__C                                         
00008978  xdc_runtime_System_exitFxn__C                                          
0000897c  xdc_runtime_System_maxAtexitHandlers__C                                
00008980  xdc_runtime_Text_charTab__C                                            
00008984  ti_sysbios_family_arm_cc26xx_TimestampProvider_Module__id__C           
00008986  ti_sysbios_family_arm_cc26xx_TimestampProvider_useClockTimer__C        
00008988  ti_sysbios_family_arm_m3_Hwi_Module__id__C                             
0000898a  ti_sysbios_family_arm_m3_Hwi_Module__loggerDefined__C                  
0000898c  ti_sysbios_gates_GateMutex_Module__id__C                               
0000898e  ti_sysbios_heaps_HeapMem_Module__id__C                                 
00008990  ti_sysbios_knl_Clock_Module__id__C                                     
00008992  ti_sysbios_knl_Clock_Module__loggerDefined__C                          
00008994  ti_sysbios_knl_Semaphore_Module__id__C                                 
00008996  ti_sysbios_knl_Semaphore_Module__loggerDefined__C                      
00008998  ti_sysbios_knl_Swi_Module__id__C                                       
0000899a  ti_sysbios_knl_Swi_Module__loggerDefined__C                            
0000899c  ti_sysbios_knl_Task_Module__id__C                                      
0000899e  ti_sysbios_knl_Task_Module__loggerDefined__C                           
000089a0  ti_uia_loggers_LoggerStopMode_Module__id__C                            
000089a2  ti_uia_loggers_LoggerStopMode_isTimestampEnabled__C                    
000089a4  timerCC26XXHWAttrs                                                     
000089a6  xdc_runtime_Core_Module__id__C                                         
000089a8  xdc_runtime_Memory_Module__id__C                                       
000089aa  xdc_runtime_Text_isLoaded__C                                           
000089ac  xdc_runtime_Error_policy__C                                            
000089ad  xdc_runtime_Text_charTab__A                                            
00008b6c  __TI_Handler_Table_Base                                                
00008b78  __TI_Handler_Table_Limit                                               
00008b80  __TI_CINIT_Base                                                        
00008b90  __TI_CINIT_Limit                                                       
00057fa8  __ccfg                                                                 
20000000  ti_sysbios_family_arm_m3_Hwi_ramVectors                                
200000d8  __primary_heap_start__                                                 
200010d8  __primary_heap_end__                                                   
20001100  ti_uia_loggers_LoggerStopMode_Instance_State_0_packetArray__A          
20001500  ti_uia_loggers_LoggerStopMode_Instance_State_1_packetArray__A          
20001900  ti_sysbios_knl_Task_Instance_State_0_stack__A                          
20001b00  uartCC26XXObjects                                                      
20001c2c  ti_sysbios_family_arm_m3_Hwi_dispatchTable                             
20001d04  pinHandleTable                                                         
20001d80  gptimerCC26XXObjects                                                   
20001e00  timerCC26XXObjects                                                     
20001e34  params                                                                 
20001e80  ti_uia_loggers_LoggerStopMode_Instance_State_0_hdr__A                  
20001f00  ti_uia_loggers_LoggerStopMode_Instance_State_1_hdr__A                  
20001f84  rxBuf                                                                  
20001f90  timerparams                                                            
20001f9c  ClockP_tickPeriod                                                      
20001fa0  PowerCC26XX_swiKey                                                     
20001fa4  PowerCC26XX_taskKey                                                    
20001fa8  handle                                                                 
20001fac  ti_sysbios_knl_Task_Instance_State_0_hookEnv__A                        
20001fb0  timerhandle                                                            
20001fb4  wantedRxBytes                                                          
20001fb8  driverlib_release_0_55938                                              
20001fc0  PowerCC26X2_module                                                     
20002158  ti_uia_loggers_LoggerStopMode_Object__table__V                         
200021c0  ti_sysbios_gates_GateMutex_Object__table__V                            
20002214  ti_sysbios_knl_Task_Object__table__V                                   
20002260  ti_sysbios_family_arm_cc26xx_Timer_Object__table__V                    
200022a8  ti_sysbios_knl_Task_Module__state__V                                   
200022ec  ti_sysbios_family_arm_m3_Hwi_Module__state__V                          
20002320  ti_sysbios_knl_Swi_Module_State_0_readyQ__A                            
20002350  ti_sysbios_knl_Swi_Object__table__V                                    
20002380  ti_sysbios_knl_Task_Module_State_0_readyQ__A                           
200023b0  ti_sysbios_knl_Clock_Module__state__V                                  
200023dc  ti_sysbios_BIOS_Module__state__V                                       
20002400  ti_sysbios_knl_Clock_Object__table__V                                  
20002420  xdc_runtime_Error_IgnoreBlock                                          
20002440  ti_sysbios_knl_Swi_Module__state__V                                    
2000245c  ti_sysbios_family_arm_m3_Hwi_Object__table__V                          
20002474  ti_sysbios_heaps_HeapMem_Object__table__V                              
2000248c  ti_sysbios_knl_Task_Module__root__V                                    
20002498  ti_uia_runtime_QueueDescriptor_Module__state__V                        
200024a4  _lock                                                                  
200024a8  _unlock                                                                
200024ac  pinUpperBound                                                          
200024b0  pinLowerBound                                                          
200024b4  gpioCallbackFunctions                                                  
200024bc  gpioPinConfigs                                                         
200024c4  ti_uia_runtime_QueueDescriptor_gPtrToFirstDescriptor                   
200024c8  ti_uia_runtime_QueueDescriptor_gUpdateCount                            
200024cc  ti_sysbios_family_arm_cc26xx_Timer_Module__state__V                    
200024d4  ti_sysbios_family_arm_m3_Hwi_Module__root__V                           
200024dc  ti_sysbios_gates_GateHwi_Module__root__V                               
200024e4  ti_sysbios_gates_GateMutex_Module__root__V                             
200024ec  ti_sysbios_heaps_HeapMem_Module__root__V                               
200024f4  ti_sysbios_knl_Clock_Module__root__V                                   
200024fc  ti_sysbios_knl_Queue_Module__root__V                                   
20002504  ti_sysbios_knl_Semaphore_Module__root__V                               
2000250c  ti_sysbios_knl_Swi_Module__root__V                                     
20002514  ti_uia_loggers_LoggerStopMode_Module__root__V                          
2000251c  xdc_runtime_Startup_Module__state__V                                   
20002524  xdc_runtime_System_Module_State_0_atexitHandlers__A                    
2000252c  xdc_runtime_System_Module__state__V                                    
2000253a  ti_sysbios_family_arm_m3_Hwi_Module_State_0_excActive__A               
2000253c  timeoutUs                                                              
20002540  flag                                                                   
20002541  txBuf                                                                  
2000254c  main_func_sp                                                           
20002550  ti_sysbios_family_arm_cc26xx_TimestampProvider_Module__state__V        
20002554  ti_sysbios_family_arm_m3_Hwi_Module_State_0_excContext__A              
20002558  ti_sysbios_family_arm_m3_Hwi_Module_State_0_excStack__A                
2000255c  ti_sysbios_gates_GateHwi_Object__table__V                              
20002560  ti_sysbios_knl_Task_Module_State_0_idleTask__A                         
20002564  ti_sysbios_rts_ti_ReentSupport_Module__state__V                        
20002568  xdc_runtime_Memory_Module__state__V                                    
20013c00  __stack                                                                
20014000  __STACK_END                                                            
e000e000  ti_sysbios_family_arm_m3_Hwi_nvic                                      
ffffffff  __TI_pprof_out_hndl                                                    
ffffffff  __TI_prof_data_size                                                    
ffffffff  __TI_prof_data_start                                                   
ffffffff  __binit__                                                              
ffffffff  __c_args__                                                             
ffffffff  binit                                                                  
UNDEFED   SHT$$INIT_ARRAY$$Base                                                  
UNDEFED   SHT$$INIT_ARRAY$$Limit                                                 

[804 symbols]
