******************************************************************************
                  TI ARM Linker PC v18.12.4                    
******************************************************************************
>> Linked Mon Mar  2 13:57:31 2020

OUTPUT FILE NAME:   <empty_CC26X2R1_LAUNCHXL_tirtos_ccs.out>
ENTRY POINT SYMBOL: "ResetISR"  address: 00002359


MEMORY CONFIGURATION

         name            origin    length      used     unused   attr    fill
----------------------  --------  ---------  --------  --------  ----  --------
  FLASH                 00000000   00058000  00003c50  000543b0  R  X
  GPRAM                 11000000   00002000  00000000  00002000  RW X
  SRAM                  20000000   00014000  00001e4d  000121b3  RW X


SEGMENT ALLOCATION MAP

run origin  load origin   length   init length attrs members
----------  ----------- ---------- ----------- ----- -------
00000000    00000000    00003bf8   00003bf8    r-x
  00000000    00000000    0000003c   0000003c    r-- .resetVecs
  0000003c    0000003c    00003444   00003444    r-x .text
  00003480    00003480    000005a0   000005a0    r-- .const
  00003a20    00003a20    000001d8   000001d8    r-- .cinit
00057fa8    00057fa8    00000058   00000058    r--
  00057fa8    00057fa8    00000058   00000058    r-- .ccfg
20000100    20000100    0000000c   00000000    rw-
  20000100    20000100    00000004   00000000    rw- .data:xdcRomConstPtr
  20000104    20000104    00000004   00000000    rw- .data:xdcRomExternFuncPtr
  20000108    20000108    00000004   00000000    rw- .data:xdcRomStatePtr
20000110    20000110    00001000   00000000    r--
  20000110    20000110    00001000   00000000    r-- .priheap
20001110    20001110    00000969   00000000    rw-
  20001110    20001110    00000528   00000000    rw- .data
  20001638    20001638    00000441   00000000    rw- .bss
20013c00    20013c00    00000400   00000000    rw-
  20013c00    20013c00    00000400   00000000    rw- .stack


SECTION ALLOCATION MAP

 output                                  attributes/
section   page    origin      length       input sections
--------  ----  ----------  ----------   ----------------
.binit     0    00000000    00000000     

.cinit     0    00003a20    000001d8     
                  00003a20    00000180     (.cinit..data.load) [load image, compression = lzss]
                  00003ba0    0000000c     (__TI_handler_table)
                  00003bac    00000004     --HOLE-- [fill = 0]
                  00003bb0    00000008     (.cinit..bss.load) [load image, compression = zero_init]
                  00003bb8    00000008     (.cinit..data:xdcRomConstPtr.load) [load image, compression = lzss]
                  00003bc0    00000008     (.cinit..data:xdcRomExternFuncPtr.load) [load image, compression = lzss]
                  00003bc8    00000008     (.cinit..data:xdcRomStatePtr.load) [load image, compression = lzss]
                  00003bd0    00000028     (__TI_cinit_table)

.init_array 
*          0    00000000    00000000     UNINITIALIZED

.ccfg      0    00057fa8    00000058     
                  00057fa8    00000058     ti_devices_config.obj (.ccfg:retain)

.data      0    20001110    00000528     UNINITIALIZED
                  20001110    00000110     drivers_cc26x2.aem4f : PowerCC26X2.oem4f (.data:PowerCC26X2_module)
                  20001220    0000010c     release_pem4f.oem4f (.data:ROM_stateStruct)
                  2000132c    00000088     rom_sysbios.aem4f : rom_sysbios.obj (.data:$O1$$)
                  200013b4    00000054     release_pem4f.oem4f (.data:ti_sysbios_gates_GateMutex_Object__table__V)
                  20001408    0000004c     release_pem4f.oem4f (.data:ti_sysbios_knl_Task_Object__table__V)
                  20001454    00000004     ti_drivers_config.obj (.data:gpioCallbackFunctions)
                  20001458    00000048     release_pem4f.oem4f (.data:ti_sysbios_family_arm_cc26xx_Timer_Object__table__V)
                  200014a0    00000030     release_pem4f.oem4f (.data:ti_sysbios_knl_Swi_Module_State_0_readyQ__A)
                  200014d0    00000030     release_pem4f.oem4f (.data:ti_sysbios_knl_Swi_Object__table__V)
                  20001500    00000030     release_pem4f.oem4f (.data:ti_sysbios_knl_Task_Module_State_0_readyQ__A)
                  20001530    00000020     release_pem4f.oem4f (.data:ti_sysbios_knl_Clock_Object__table__V)
                  20001550    00000020     release_pem4f.oem4f (.data:xdc_runtime_Error_IgnoreBlock)
                  20001570    00000018     release_pem4f.oem4f (.data:ti_sysbios_family_arm_m3_Hwi_Object__table__V)
                  20001588    00000018     release_pem4f.oem4f (.data:ti_sysbios_heaps_HeapMem_Object__table__V)
                  200015a0    00000008     rtsv7M4_T_le_v4SPD16_eabi.lib : _lock.c.obj (.data:$O1$$)
                  200015a8    00000008     drivers_cc26x2.aem4f : PINCC26XX.oem4f (.data)
                  200015b0    00000008     release_pem4f.oem4f (.data:ti_sysbios_family_arm_m3_Hwi_Module__root__V)
                  200015b8    00000008     release_pem4f.oem4f (.data:ti_sysbios_gates_GateHwi_Module__root__V)
                  200015c0    00000008     release_pem4f.oem4f (.data:ti_sysbios_gates_GateMutex_Module__root__V)
                  200015c8    00000008     release_pem4f.oem4f (.data:ti_sysbios_hal_Hwi_Module__root__V)
                  200015d0    00000008     release_pem4f.oem4f (.data:ti_sysbios_heaps_HeapMem_Module__root__V)
                  200015d8    00000008     release_pem4f.oem4f (.data:ti_sysbios_knl_Clock_Module__root__V)
                  200015e0    00000008     release_pem4f.oem4f (.data:ti_sysbios_knl_Event_Module__root__V)
                  200015e8    00000008     release_pem4f.oem4f (.data:ti_sysbios_knl_Mailbox_Module__root__V)
                  200015f0    00000008     release_pem4f.oem4f (.data:ti_sysbios_knl_Queue_Module__root__V)
                  200015f8    00000008     release_pem4f.oem4f (.data:ti_sysbios_knl_Semaphore_Module__root__V)
                  20001600    00000008     release_pem4f.oem4f (.data:ti_sysbios_knl_Swi_Module__root__V)
                  20001608    00000008     release_pem4f.oem4f (.data:ti_sysbios_knl_Task_Module__root__V)
                  20001610    00000008     release_pem4f.oem4f (.data:xdc_runtime_System_Module_State_0_atexitHandlers__A)
                  20001618    00000005     drivers_cc26x2.aem4f : GPIOCC26XX.oem4f (.data)
                  2000161d    00000001     --HOLE--
                  2000161e    00000002     release_pem4f.oem4f (.data:ti_sysbios_family_arm_m3_Hwi_Module_State_0_excActive__A)
                  20001620    00000004     ti_drivers_config.obj (.data:gpioPinConfigs)
                  20001624    00000004     drivers_cc26x2.aem4f : GPIOCC26XX.oem4f (.data:gpioPinTable)
                  20001628    00000004     rtsv7M4_T_le_v4SPD16_eabi.lib : stkdepth_vars.c.obj (.data)
                  2000162c    00000004     release_pem4f.oem4f (.data:ti_sysbios_family_arm_m3_Hwi_Module_State_0_excContext__A)
                  20001630    00000004     release_pem4f.oem4f (.data:ti_sysbios_family_arm_m3_Hwi_Module_State_0_excStack__A)
                  20001634    00000004     release_pem4f.oem4f (.data:ti_sysbios_knl_Task_Module_State_0_idleTask__A)

.bss       0    20001638    00000441     UNINITIALIZED
                  20001638    00000200     release_pem4f.oem4f (.bss:taskStackSection)
                  20001838    000000d8     (.common:ti_sysbios_family_arm_m3_Hwi_dispatchTable)
                  20001910    0000007c     (.common:pinHandleTable)
                  2000198c    00000034     drivers_cc26x2.aem4f : PINCC26XX.oem4f (.bss:pinSwi)
                  200019c0    00000020                          : GPIOCC26XX.oem4f (.bss:gpioCallbackInfo)
                  200019e0    00000020                          : PINCC26XX.oem4f (.bss:pinGpioConfigTable)
                  20001a00    0000001c     driverlib.lib : osc.obj (.bss:$O1$$)
                  20001a1c    0000001c     drivers_cc26x2.aem4f : PINCC26XX.oem4f (.bss:pinHwi)
                  20001a38    0000001c                          : PINCC26XX.oem4f (.bss:pinSemaphore)
                  20001a54    0000000c                          : GPIOCC26XX.oem4f (.bss:gpioPinState)
                  20001a60    00000008                          : GPIOCC26XX.oem4f (.bss)
                  20001a68    00000004                          : PINCC26XX.oem4f (.bss)
                  20001a6c    00000004     (.common:ClockP_tickPeriod)
                  20001a70    00000004     (.common:PowerCC26XX_swiKey)
                  20001a74    00000004     (.common:PowerCC26XX_taskKey)
                  20001a78    00000001     (.common:driverlib_release_0_55938)

.stack     0    20013c00    00000400     UNINITIALIZED
                  20013c00    00000400     --HOLE--

.priheap   0    20000110    00001000     UNINITIALIZED
                  20000110    00001000     --HOLE--

.data:xdcRomConstPtr 
*          0    20000100    00000004     UNINITIALIZED
                  20000100    00000004     release_pem4f.oem4f (.data:xdcRomConstPtr)

.data:xdcRomExternFuncPtr 
*          0    20000104    00000004     UNINITIALIZED
                  20000104    00000004     release_pem4f.oem4f (.data:xdcRomExternFuncPtr)

.data:xdcRomStatePtr 
*          0    20000108    00000004     UNINITIALIZED
                  20000108    00000004     release_pem4f.oem4f (.data:xdcRomStatePtr)

.bootVecs 
*          0    00000000    00000008     DSECT
                  00000000    00000008     boot.aem4f : boot.oem4f (.bootVecs)

.resetVecs 
*          0    00000000    0000003c     
                  00000000    0000003c     release_pem4f.oem4f (.resetVecs)

.vecs      0    20000000    000000d8     NOLOAD SECTION
                  20000000    000000d8     release_pem4f.oem4f (.vecs)

xdc.meta   0    00000000    00000119     COPY SECTION
                  00000000    00000119     release_pem4f.oem4f (xdc.meta)

xdc.noload 
*          0    00000000    00000000     COPY SECTION

.text      0    0000003c    00003444     
                  0000003c    000001c4     drivers_cc26x2.aem4f : PINCC26XX.oem4f (.text:PIN_init)
                  00000200    000001b6     rtsv7M4_T_le_v4SPD16_eabi.lib : fd_add_t2.asm.obj (.text)
                  000003b6    00000002                                   : _lock.c.obj (.text:_nop)
                  000003b8    000001a8     drivers_cc26x2.aem4f : PowerCC26X2.oem4f (.text:Power_sleep)
                  00000560    00000190                          : PowerCC26X2_calibrateRCOSC.oem4f (.text:calibrateRcoscHf1)
                  000006f0    0000018c                          : PowerCC26X2.oem4f (.text:Power_init)
                  0000087c    0000018c                          : PowerCC26X2_calibrateRCOSC.oem4f (.text:runCalibrateFsm)
                  00000a08    00000188     release_pem4f.oem4f (.text:xdc_runtime_System_printfExtend__I)
                  00000b90    00000110     drivers_cc26x2.aem4f : GPIOCC26XX.oem4f (.text:GPIO_setConfig)
                  00000ca0    00000100                          : PowerCC26X2.oem4f (.text:configureXOSCHF)
                  00000da0    000000fc     driverlib.lib : sys_ctrl.obj (.text:NOROM_SysCtrlStandby)
                  00000e9c    000000fc     rtsv7M4_T_le_v4SPD16_eabi.lib : fd_mul_t2.asm.obj (.text)
                  00000f98    000000f8     drivers_cc26x2.aem4f : PINCC26XX.oem4f (.text:PINCC26XX_setIoCfg)
                  00001090    000000ec     rom_sysbios.aem4f : rom_sysbios.obj (.text:pthread_create)
                  0000117c    000000c8     drivers_cc26x2.aem4f : PowerCC26X2.oem4f (.text:Power_releaseDependency)
                  00001244    000000c4                          : GPIOCC26XX.oem4f (.text:GPIO_init)
                  00001308    000000c4                          : PowerCC26X2.oem4f (.text:Power_setDependency)
                  000013cc    000000b4     dpl_cc26x2.aem4f : PowerCC26X2_tirtos.oem4f (.text:PowerCC26XX_standbyPolicy)
                  00001480    000000ac     drivers_cc26x2.aem4f : PINCC26XX.oem4f (.text:PIN_open)
                  0000152c    000000ac     driverlib.lib : setup.obj (.text:TrimAfterColdResetWakeupFromShutDown)
                  000015d8    000000a0     auto_init.aem4f : auto_init.oem4f (.text)
                  00001678    000000a0     rom_sysbios.aem4f : rom_sysbios.obj (.text:ti_sysbios_knl_Task_setPri__E)
                  00001718    0000009c     rtsv7M4_T_le_v4SPD16_eabi.lib : memcpy_t2.asm.obj (.text)
                  000017b4    00000098     driverlib.lib : setup.obj (.text:NOROM_SetupTrimDevice)
                  0000184c    00000096     rtsv7M4_T_le_v4SPD16_eabi.lib : ull_div_t2.asm.obj (.text)
                  000018e2    00000002     drivers_cc26x2.aem4f : PowerCC26X2.oem4f (.text:emptyClockFunc)
                  000018e4    00000088     driverlib.lib : osc.obj (.text:NOROM_OSCHF_AttemptToSwitchToXosc)
                  0000196c    00000088     rom_sysbios.aem4f : rom_sysbios.obj (.text:_pthread_removeThreadKeys)
                  000019f4    00000088     drivers_cc26x2.aem4f : PowerCC26X2_calibrateRCOSC.oem4f (.text:calibrateRcoscHf2)
                  00001a7c    00000088                          : PowerCC26X2.oem4f (.text:disableLFClockQualifiers)
                  00001b04    00000088                          : PowerCC26X2_calibrateRCOSC.oem4f (.text:updateSubSecInc)
                  00001b8c    00000086     rtsv7M4_T_le_v4SPD16_eabi.lib : fd_cmp_t2.asm.obj (.text:__aeabi_cdcmple)
                  00001c12    00000086                                   : fd_cmp_t2.asm.obj (.text:__aeabi_cdrcmple)
                  00001c98    00000084     CC26X2R1_LAUNCHXL_fxns.obj (.text:CC26X2R1_LAUNCHXL_sendExtFlashByte)
                  00001d1c    00000084     rom_sysbios.aem4f : rom_sysbios.obj (.text:ti_sysbios_family_arm_m3_Hwi_excHandlerMin__I)
                  00001da0    00000080                       : rom_sysbios.obj (.text:ti_sysbios_family_arm_cc26xx_Timer_start__E)
                  00001e20    0000007a     rtsv7M4_T_le_v4SPD16_eabi.lib : memset_t2.asm.obj (.text)
                  00001e9a    00000002                                   : div0.asm.obj (.text)
                  00001e9c    00000074     drivers_cc26x2.aem4f : PowerCC26X2_calibrateRCOSC.oem4f (.text:PowerCC26X2_auxISR)
                  00001f10    00000070                          : PINCC26XX.oem4f (.text:PIN_add)
                  00001f80    0000006d     rom_sysbios.aem4f : rom_sysbios.obj (.text:xdc_runtime_System_formatNum__I)
                  00001fed    00000001     --HOLE-- [fill = 0]
                  00001fee    00000002     release_pem4f.oem4f (.text:ti_sysbios_BIOS_nullFunc__I)
                  00001ff0    00000068     driverlib.lib : osc.obj (.text:NOROM_OSCHF_SwitchToRcOscTurnOffXosc)
                  00002058    00000068                   : sys_ctrl.obj (.text:NOROM_SysCtrlSetRechargeBeforePowerDown)
                  000020c0    00000068     rtsv7M4_T_le_v4SPD16_eabi.lib : copy_decompress_lzss.c.obj (.text:decompress:lzss:__TI_decompress_lzss)
                  00002128    00000064     main_tirtos.obj (.text:main)
                  0000218c    00000060     drivers_cc26x2.aem4f : GPIOCC26XX.oem4f (.text:GPIO_write)
                  000021ec    0000005c                          : PINCC26XX.oem4f (.text:PIN_remove)
                  00002248    0000005c     rom_sysbios.aem4f : rom_sysbios.obj (.text:ti_sysbios_heaps_HeapMem_initPrimary__I)
                  000022a4    0000005c     release_pem4f.oem4f (.text:xdc_runtime_Startup_getState__I)
                  00002300    00000058     drivers_cc26x2.aem4f : PowerCC26X2_calibrateRCOSC.oem4f (.text:PowerCC26X2_initiateCalibration)
                  00002358    00000058     boot.aem4f : boot.oem4f (.text)
                  000023b0    00000058     rom_sysbios.aem4f : rom_sysbios.obj (.text:pthread_exit)
                  00002408    00000054     driverlib.lib : chipinfo.obj (.text:NOROM_ChipInfo_GetChipType)
                  0000245c    00000050     dpl_cc26x2.aem4f : ClockP_tirtos.oem4f (.text:ClockP_construct)
                  000024ac    0000004c     CC26X2R1_LAUNCHXL_fxns.obj (.text:CC26X2R1_LAUNCHXL_wakeUpExtFlash)
                  000024f8    0000004c     rtsv7M4_T_le_v4SPD16_eabi.lib : cpy_tbl.c.obj (.text:copy_in)
                  00002544    0000004c     drivers_cc26x2.aem4f : PowerCC26X2.oem4f (.text:switchXOSCHF)
                  00002590    00000048                          : PowerCC26X2_calibrateRCOSC.oem4f (.text:PowerCC26X2_RCOSC_clockFunc)
                  000025d8    00000048     rtsv7M4_T_le_v4SPD16_eabi.lib : fd_toi_t2.asm.obj (.text)
                  00002620    00000044     driverlib.lib : chipinfo.obj (.text:NOROM_ChipInfo_GetHwRevision)
                  00002664    00000044     drivers_cc26x2.aem4f : PINCC26XX.oem4f (.text:PIN_swi)
                  000026a8    00000044     rtsv7M4_T_le_v4SPD16_eabi.lib : fd_tou_t2.asm.obj (.text)
                  000026ec    00000040     CC26X2R1_LAUNCHXL_fxns.obj (.text:CC26X2R1_LAUNCHXL_shutDownExtFlash)
                  0000272c    00000040     rtsv7M4_T_le_v4SPD16_eabi.lib : u_divt2.asm.obj (.text)
                  0000276c    00000040     rom_sysbios.aem4f : rom_sysbios.obj (.text:ti_sysbios_family_arm_cc26xx_Timer_setThreshold__I)
                  000027ac    0000003e     dpl_cc26x2.aem4f : HwiP_tirtos.oem4f (.text:HwiP_construct)
                  000027ea    00000002     rom_sysbios.aem4f : rom_sysbios.obj (.text:xdc_runtime_SysCallback_defaultAbort)
                  000027ec    0000003c     drivers_cc26x2.aem4f : PINCC26XX.oem4f (.text:PIN_setOutputValue)
                  00002828    0000003c     dpl_cc26x2.aem4f : SwiP_tirtos.oem4f (.text:SwiP_construct)
                  00002864    0000003c     rom_sysbios.aem4f : rom_sysbios.obj (.text:sleep)
                  000028a0    0000003c                       : rom_sysbios.obj (.text:ti_sysbios_family_arm_m3_Hwi_construct2__E)
                  000028dc    00000038     driverlib.lib : osc.obj (.text:NOROM_OSC_HPOSCRelativeFrequencyOffsetGet)
                  00002914    00000038     drivers_cc26x2.aem4f : PINCC26XX.oem4f (.text:PIN_setConfig)
                  0000294c    00000038                          : PowerCC26X2.oem4f (.text:notify)
                  00002984    00000038     rtsv7M4_T_le_v4SPD16_eabi.lib : fs_tod_t2.asm.obj (.text)
                  000029bc    00000036     rom_sysbios.aem4f : rom_sysbios.obj (.text:ti_sysbios_family_arm_cc26xx_Timer_setNextTick__E)
                  000029f2    00000002                       : rom_sysbios.obj (.text:xdc_runtime_SysCallback_defaultExit)
                  000029f4    00000034     drivers_cc26x2.aem4f : GPIOCC26XX.oem4f (.text:GPIO_toggle)
                  00002a28    00000034     driverlib.lib : aux_sysif.obj (.text:NOROM_AUXSYSIFOpModeChange)
                  00002a5c    00000034                   : sys_ctrl.obj (.text:NOROM_SysCtrlIdle)
                  00002a90    00000030     drivers_cc26x2.aem4f : GPIOCC26XX.oem4f (.text:GPIO_hwiIntFxn)
                  00002ac0    00000030                          : GPIOCC26XX.oem4f (.text:GPIO_setCallback)
                  00002af0    00000030                          : PowerCC26X2.oem4f (.text:Power_releaseConstraint)
                  00002b20    00000030                          : PowerCC26X2.oem4f (.text:Power_setConstraint)
                  00002b50    00000030     release_pem4f.oem4f (.text:ti_sysbios_BIOS_atExitFunc__I)
                  00002b80    00000030     release_pem4f.oem4f (.text:ti_sysbios_BIOS_startFunc__I)
                  00002bb0    00000030     rom_sysbios.aem4f : rom_sysbios.obj (.text:ti_sysbios_family_arm_cc26xx_Timer_getCurrentTick__E)
                  00002be0    00000030                       : rom_sysbios.obj (.text:ti_sysbios_family_arm_cc26xx_Timer_initDevice__I)
                  00002c10    0000002e     rtsv7M4_T_le_v4SPD16_eabi.lib : i_tofd_t2.asm.obj (.text)
                  00002c3e    0000002c     dpl_cc26x2.aem4f : SemaphoreP_tirtos.oem4f (.text:SemaphoreP_constructBinary)
                  00002c6a    00000002     rom_sysbios.aem4f : rom_sysbios.obj (.text:xdc_runtime_SysCallback_defaultFlush)
                  00002c6c    0000002c     dpl_cc26x2.aem4f : SemaphoreP_tirtos.oem4f (.text:SemaphoreP_createBinary)
                  00002c98    0000002c     rom_sysbios.aem4f : rom_sysbios.obj (.text:_pthread_delete$45)
                  00002cc4    0000002c                       : rom_sysbios.obj (.text:pthread_setcancelstate)
                  00002cf0    0000002c                       : rom_sysbios.obj (.text:ti_sysbios_knl_Clock_getTicksUntilInterrupt__E)
                  00002d1c    0000002a     empty.obj (.text:mainThread)
                  00002d46    00000002     rom_sysbios.aem4f : rom_sysbios.obj (.text:xdc_runtime_SysCallback_defaultPutch)
                  00002d48    00000028     driverlib.lib : osc.obj (.text:NOROM_OSCHF_TurnOnXosc)
                  00002d70    00000028     drivers_cc26x2.aem4f : PowerCC26X2.oem4f (.text:oscillatorISR)
                  00002d98    00000024     rom_sysbios.aem4f : rom_sysbios.obj (.text:_pthread_cleanupFxn)
                  00002dbc    00000024     drivers_cc26x2.aem4f : PowerCC26X2_calibrateRCOSC.oem4f (.text:getTdcSemaphore)
                  00002de0    00000024     rom_sysbios.aem4f : rom_sysbios.obj (.text:pthread_attr_init)
                  00002e04    00000024     release_pem4f.oem4f (.text:ti_sysbios_BIOS_registerRTSLock__I)
                  00002e28    00000024     release_pem4f.oem4f (.text:ti_sysbios_BIOS_removeRTSLock__I)
                  00002e4c    00000024     rom_sysbios.aem4f : rom_sysbios.obj (.text:ti_sysbios_family_arm_cc26xx_Timer_getMaxTicks__E)
                  00002e70    00000020     drivers_cc26x2.aem4f : PINCC26XX.oem4f (.text:PINCC26XX_setIoCfgMux)
                  00002e90    00000020     release_pem4f.oem4f (.text:ti_sysbios_BIOS_rtsLock__I)
                  00002eb0    00000020     rom_sysbios.aem4f : rom_sysbios.obj (.text:ti_sysbios_family_arm_cc26xx_Timer_dynamicStub__E)
                  00002ed0    00000020                       : rom_sysbios.obj (.text:xdc_runtime_Error_policyMin__E)
                  00002ef0    0000001e     drivers_cc26x2.aem4f : PINCC26XX.oem4f (.text:PIN_close)
                  00002f0e    0000001e                          : PowerCC26X2.oem4f (.text:Power_getTransitionLatency)
                  00002f2c    0000001c     ti_drivers_config.obj (.text:Board_init)
                  00002f48    0000001c     driverlib.lib : chipinfo.obj (.text:NOROM_ChipInfo_GetChipFamily)
                  00002f64    0000001c     drivers_cc26x2.aem4f : PINCC26XX.oem4f (.text:PIN_hwi)
                  00002f80    0000001c     dpl_cc26x2.aem4f : PowerCC26X2_tirtos.oem4f (.text:PowerCC26XX_schedulerDisable)
                  00002f9c    0000001c                      : PowerCC26X2_tirtos.oem4f (.text:PowerCC26XX_schedulerRestore)
                  00002fb8    0000001c     rom_sysbios.aem4f : rom_sysbios.obj (.text:ti_sysbios_knl_Swi_construct2__E)
                  00002fd4    0000001c     release_pem4f.oem4f (.text:xdc_runtime_Startup_exec__I)
                  00002ff0    0000001a     drivers_cc26x2.aem4f : PowerCC26X2.oem4f (.text:PowerCC26XX_calibrate)
                  0000300a    00000002     --HOLE-- [fill = 0]
                  0000300c    00000018     driverlib.lib : chipinfo.obj (.text:NOROM_ChipInfo_GetPackageType)
                  00003024    00000018     drivers_cc26x2.aem4f : PowerCC26X2.oem4f (.text:Power_idleFunc)
                  0000303c    00000018     rtsv7M4_T_le_v4SPD16_eabi.lib : args_main.c.obj (.text:_args_main)
                  00003054    00000018                                   : ll_mul_t2.asm.obj (.text)
                  0000306c    00000018     release_pem4f.oem4f (.text:ti_sysbios_BIOS_rtsUnlock__I)
                  00003084    00000018     rom_sysbios.aem4f : rom_sysbios.obj (.text:ti_sysbios_knl_Swi_or__E)
                  0000309c    00000018                       : rom_sysbios.obj (.text:xdc_runtime_Error_init__E)
                  000030b4    00000016     driverlib.lib : chipinfo.obj (.text:NOROM_ThisLibraryIsFor_CC13x2_CC26x2_HwRev20AndLater_HaltIfViolated)
                  000030ca    00000016     rom_sysbios.aem4f : rom_sysbios.obj (.text:_pthread_cleanup_pop)
                  000030e0    00000016     release_pem4f.oem4f (.text:ti_sysbios_BIOS_exitFunc__I)
                  000030f6    00000014     drivers_cc26x2.aem4f : PowerCC26X2_calibrateRCOSC.oem4f (.text:PowerCC26X2_calibrate)
                  0000310a    00000014     rom_sysbios.aem4f : rom_sysbios.obj (.text:pthread_attr_setschedparam)
                  0000311e    00000002     --HOLE-- [fill = 0]
                  00003120    00000014     drivers_cc26x2.aem4f : PowerCC26X2.oem4f (.text:switchToTCXO)
                  00003134    00000014     rom_sysbios.aem4f : rom_sysbios.obj (.text:ti_sysbios_family_arm_cc26xx_Timer_getCount64__E)
                  00003148    00000014     release_pem4f.oem4f (.text:ti_sysbios_knl_Clock_doTick__I)
                  0000315c    00000012     dpl_cc26x2.aem4f : SemaphoreP_tirtos.oem4f (.text:SemaphoreP_pend)
                  0000316e    00000012     rom_sysbios.aem4f : rom_sysbios.obj (.text:_pthread_runStub$45)
                  00003180    00000010     dpl_cc26x2.aem4f : HwiP_tirtos.oem4f (.text:HwiP_Params_init)
                  00003190    00000010     drivers_cc26x2.aem4f : PINCC26XX.oem4f (.text:PINCC26XX_getPinCount)
                  000031a0    00000010     dpl_cc26x2.aem4f : SwiP_tirtos.oem4f (.text:SwiP_Params_init)
                  000031b0    0000000e     rtsv7M4_T_le_v4SPD16_eabi.lib : copy_decompress_none.c.obj (.text:decompress:none:__TI_decompress_none)
                  000031be    0000000e     rom_sysbios.aem4f : rom_sysbios.obj (.text:pthread_attr_setdetachstate)
                  000031cc    0000000e                       : rom_sysbios.obj (.text:ti_sysbios_family_arm_cc26xx_TimestampProvider_get32__E)
                  000031da    0000000c     driverlib.lib : cpu.obj (.text:NOROM_CPUcpsid)
                  000031e6    0000000c                   : cpu.obj (.text:NOROM_CPUcpsie)
                  000031f2    0000000c     drivers_cc26x2.aem4f : PINCC26XX.oem4f (.text:PIN_registerIntCb)
                  000031fe    00000002     --HOLE-- [fill = 0]
                  00003200    0000000c                          : PowerCC26X2.oem4f (.text:Power_getConstraintMask)
                  0000320c    0000000c                          : PowerCC26X2.oem4f (.text:Power_getDependencyCount)
                  00003218    0000000c     dpl_cc26x2.aem4f : SemaphoreP_tirtos.oem4f (.text:SemaphoreP_delete)
                  00003224    0000000c     rtsv7M4_T_le_v4SPD16_eabi.lib : _lock.c.obj (.text:_register_lock)
                  00003230    0000000c                                   : _lock.c.obj (.text:_register_unlock)
                  0000323c    0000000c                                   : copy_zero_init.c.obj (.text:decompress:ZI:__TI_zero_init)
                  00003248    0000000c     rom_sysbios.aem4f : rom_sysbios.obj (.text:pthread_self)
                  00003254    0000000c                       : rom_sysbios.obj (.text:ti_sysbios_knl_Queue_insert__E)
                  00003260    0000000c                       : rom_sysbios.obj (.text:ti_sysbios_knl_Swi_getTrigger__E)
                  0000326c    0000000a     dpl_cc26x2.aem4f : ClockP_tirtos.oem4f (.text:ClockP_Params_init)
                  00003276    00000008     CC26X2R1_LAUNCHXL_fxns.obj (.text:Board_initHook)
                  0000327e    00000008     release_pem4f.oem4f (.text:xdc_runtime_Text_visitRope__I)
                  00003286    00000006     driverlib.lib : cpu.obj (.text:NOROM_CPUdelay)
                  0000328c    00000006     rom_sysbios.aem4f : rom_sysbios.obj (.text:pthread_attr_setstacksize)
                  00003292    00000004     dpl_cc26x2.aem4f : PowerCC26X2_tirtos.oem4f (.text:CPUwfi)
                  00003296    00000004                      : ClockP_tirtos.oem4f (.text:ClockP_start)
                  0000329a    00000004                      : HwiP_tirtos.oem4f (.text:HwiP_disable)
                  0000329e    00000004                      : SemaphoreP_tirtos.oem4f (.text:SemaphoreP_post)
                  000032a2    00000004                      : SwiP_tirtos.oem4f (.text:SwiP_disable)
                  000032a6    00000004                      : SwiP_tirtos.oem4f (.text:SwiP_getTrigger)
                  000032aa    00000004                      : SwiP_tirtos.oem4f (.text:SwiP_or)
                  000032ae    00000004     drivers_cc26x2.aem4f : PowerCC26X2.oem4f (.text:configureRFCoreClocks)
                  000032b2    00000004                          : PowerCC26X2.oem4f (.text:nopResourceHandler)
                  000032b6    00000004     rom_sysbios.aem4f : rom_sysbios.obj (.text:ti_sysbios_knl_Task_getArg1__E)
                  000032ba    00000004                       : rom_sysbios.obj (.text:ti_sysbios_knl_Task_getEnv__E)
                  000032be    00000004     release_pem4f.oem4f (.text:xdc_runtime_Startup_reset__I)
                  000032c2    00000004     rom_sysbios.aem4f : rom_sysbios.obj (.text:xdc_runtime_SysCallback_defaultReady)
                  000032c6    00000002     --HOLE-- [fill = 0]
                  000032c8    00000008     (.tramp.ti_sysbios_family_arm_m3_Hwi_disableFxn__E.1)
                  000032d0    00000008     (.tramp.ti_sysbios_knl_Task_self__E.1)
                  000032d8    00000008     (.tramp.ti_sysbios_knl_Semaphore_delete.1)
                  000032e0    00000008     (.tramp.ti_sysbios_knl_Clock_logTick__E.1)
                  000032e8    00000008     (.tramp.ti_sysbios_knl_Swi_post__E.1)
                  000032f0    00000008     (.tramp.ti_sysbios_BIOS_RtsGateProxy_leave__E.1)
                  000032f8    00000008     (.tramp.ti_sysbios_knl_Swi_construct.1)
                  00003300    00000008     (.tramp.ti_sysbios_BIOS_RtsGateProxy_enter__E.1)
                  00003308    00000008     (.tramp.ti_sysbios_knl_Clock_TimerProxy_getCurrentTick__E.1)
                  00003310    00000008     (.tramp.ti_sysbios_knl_Task_delete.1)
                  00003318    00000008     (.tramp.ti_sysbios_knl_Semaphore_destruct.1)
                  00003320    00000008     (.tramp.ti_sysbios_knl_Semaphore_create.1)
                  00003328    00000008     (.tramp.ti_sysbios_knl_Task_startup__E.1)
                  00003330    00000008     (.tramp.ti_sysbios_knl_Swi_startup__E.1)
                  00003338    00000008     (.tramp.ti_sysbios_hal_Hwi_startup__E.1)
                  00003340    00000008     (.tramp.ti_sysbios_family_arm_cc26xx_Timer_startup__E.1)
                  00003348    00000008     (.tramp.xdc_runtime_System_atexit__E.1)
                  00003350    00000008     (.tramp.ti_sysbios_BIOS_linkedWithIncorrectBootLibrary__E.1)
                  00003358    00000008     (.tramp.xdc_runtime_Startup_rtsDone__E.1)
                  00003360    00000008     (.tramp.ti_sysbios_knl_Swi_disable__E.1)
                  00003368    00000008     (.tramp.ti_sysbios_family_arm_m3_Hwi_construct.1)
                  00003370    00000008     (.tramp.ti_sysbios_knl_Task_sleep__E.1)
                  00003378    00000008     (.tramp.ti_sysbios_knl_Swi_Params__init__S.1)
                  00003380    00000008     (.tramp.ti_sysbios_family_arm_m3_Hwi_Params__init__S.1)
                  00003388    00000008     (.tramp.ti_sysbios_knl_Clock_construct.1)
                  00003390    00000008     (.tramp.ti_sysbios_knl_Clock_Params__init__S.1)
                  00003398    00000008     (.tramp.xdc_runtime_System_exit__E.1)
                  000033a0    00000008     (.tramp.ti_sysbios_heaps_HeapMem_restore__E.1)
                  000033a8    00000008     (.tramp.ti_sysbios_heaps_HeapMem_Object__get__S.1)
                  000033b0    00000008     (.tramp.ti_sysbios_BIOS_start__E.1)
                  000033b8    00000008     (.tramp.xdc_runtime_Error_raiseX__E.1)
                  000033c0    00000008     (.tramp.ti_sysbios_BIOS_setThreadType__E.1)
                  000033c8    00000008     (.tramp.ti_sysbios_family_arm_m3_Hwi_excFillContext__I.1)
                  000033d0    00000008     (.tramp.ti_sysbios_knl_Semaphore_post__E.1)
                  000033d8    00000008     (.tramp.xdc_runtime_Memory_free__E.1)
                  000033e0    00000008     (.tramp.ti_sysbios_knl_Queue_next__E.1)
                  000033e8    00000008     (.tramp.ti_sysbios_knl_Queue_head__E.1)
                  000033f0    00000008     (.tramp.ti_sysbios_knl_Semaphore_pend__E.1)
                  000033f8    00000008     (.tramp.ti_sysbios_knl_Task_restore__E.1)
                  00003400    00000008     (.tramp.ti_sysbios_knl_Queue_enqueue__E.1)
                  00003408    00000008     (.tramp.ti_sysbios_knl_Queue_empty__E.1)
                  00003410    00000008     (.tramp.ti_sysbios_knl_Queue_remove__E.1)
                  00003418    00000008     (.tramp.ti_sysbios_knl_Task_disable__E.1)
                  00003420    00000008     (.tramp.ti_sysbios_knl_Clock_stop__E.1)
                  00003428    00000008     (.tramp.ti_sysbios_knl_Clock_start__E.1)
                  00003430    00000008     (.tramp.ti_sysbios_knl_Clock_setTimeout__E.1)
                  00003438    00000008     (.tramp.ti_sysbios_knl_Task_create.1)
                  00003440    00000008     (.tramp.ti_sysbios_knl_Semaphore_construct.1)
                  00003448    00000008     (.tramp.ti_sysbios_knl_Semaphore_Params__init__S.1)
                  00003450    00000008     (.tramp.ti_sysbios_knl_Queue_construct.1)
                  00003458    00000008     (.tramp.xdc_runtime_Memory_alloc__E.1)
                  00003460    00000008     (.tramp.ti_sysbios_knl_Task_Params__init__S.1)
                  00003468    00000008     (.tramp.ti_sysbios_family_arm_m3_Hwi_restoreFxn__E.1)
                  00003470    00000008     (.tramp.xdc_runtime_System_doPrint__I.1)
                  00003478    00000008     (.tramp.ti_sysbios_knl_Swi_restore__E.1)

.const     0    00003480    000005a0     
                  00003480    000003b8     release_pem4f.oem4f (.const:ROM_constStruct)
                  00003838    00000054     drivers_cc26x2.aem4f : PowerCC26X2.oem4f (.const:resourceDB)
                  0000388c    00000048     release_pem4f.oem4f (.const:.string)
                  000038d4    00000048     release_pem4f.oem4f (.const:ROM_externFuncPtrs)
                  0000391c    00000024     release_pem4f.oem4f (.const:xdc_runtime_Startup_sfxnTab__A)
                  00003940    00000018     drivers_cc26x2.aem4f : GPIOCC26XX.oem4f (.const:interruptType)
                  00003958    00000014     CC26X2R1_LAUNCHXL_fxns.obj (.const:$P$T1$2)
                  0000396c    00000014     ti_drivers_config.obj (.const:GPIOCC26XX_config)
                  00003980    00000014     ti_drivers_config.obj (.const:PowerCC26X2_config)
                  00003994    00000012     release_pem4f.oem4f (.const:xdc_runtime_Startup_sfxnRts__A)
                  000039a6    00000001     release_pem4f.oem4f (.const:xdc_runtime_Text_charTab__A)
                  000039a7    00000001     --HOLE-- [fill = 0]
                  000039a8    00000010     drivers_cc26x2.aem4f : GPIOCC26XX.oem4f (.const:outPinTypes)
                  000039b8    0000000c                          : GPIOCC26XX.oem4f (.const:inPinTypes)
                  000039c4    0000000c                          : GPIOCC26XX.oem4f (.const:outPinStrengths)
                  000039d0    0000000c     release_pem4f.oem4f (.const:xdc_runtime_Startup_firstFxns__A)
                  000039dc    00000008     driverlib.lib : aux_sysif.obj (.const:$O1$$)
                  000039e4    00000008     CC26X2R1_LAUNCHXL_fxns.obj (.const:$P$T0$1)
                  000039ec    00000008     ti_drivers_config.obj (.const:BoardGpioInitTable)
                  000039f4    00000008     ti_drivers_config.obj (.const:PINCC26XX_hwAttrs)
                  000039fc    00000008     release_pem4f.oem4f (.const:ti_sysbios_family_arm_m3_Hwi_excHookFuncs__A)
                  00003a04    00000008     release_pem4f.oem4f (.const:ti_sysbios_knl_Idle_funcList__A)
                  00003a0c    00000004     release_pem4f.oem4f (.const:ti_sysbios_family_arm_m3_Hwi_E_exception__C)
                  00003a10    00000004     release_pem4f.oem4f (.const:ti_sysbios_heaps_HeapMem_primaryHeapBaseAddr__C)
                  00003a14    00000004     release_pem4f.oem4f (.const:ti_sysbios_heaps_HeapMem_primaryHeapEndAddr__C)
                  00003a18    00000004     release_pem4f.oem4f (.const:ti_sysbios_knl_Clock_tickPeriod__C)
                  00003a1c    00000004     release_pem4f.oem4f (.const:ti_sysbios_knl_Task_Object__heap__C)

MODULE SUMMARY

       Module                             code    ro data   rw data
       ------                             ----    -------   -------
    .\
       CC26X2R1_LAUNCHXL_fxns.obj         280     28        0      
       main_tirtos.obj                    100     0         0      
       empty.obj                          42      0         0      
    +--+----------------------------------+-------+---------+---------+
       Total:                             422     28        0      
                                                                   
    .\syscfg\
       ti_drivers_config.obj              28      56        8      
       ti_devices_config.obj              0       88        0      
    +--+----------------------------------+-------+---------+---------+
       Total:                             28      144       8      
                                                                   
    D:\VB_Shared\Zigbee_CC2652_Resources\workspace_v9\tirtos_builds_CC26X2R1_LAUNCHXL_release_ccs\Debug\configPkg\package\cfg\
       release_pem4f.oem4f                792     1259      1830   
    +--+----------------------------------+-------+---------+---------+
       Total:                             792     1259      1830   
                                                                   
    C:/ti/simplelink_cc13x2_26x2_sdk_3_40_00_02/kernel/tirtos/packages/ti/dpl/lib/dpl_cc26x2.aem4f
       PowerCC26X2_tirtos.oem4f           240     0         8      
       SemaphoreP_tirtos.oem4f            122     0         0      
       ClockP_tirtos.oem4f                94      0         4      
       SwiP_tirtos.oem4f                  88      0         0      
       HwiP_tirtos.oem4f                  82      0         0      
    +--+----------------------------------+-------+---------+---------+
       Total:                             626     0         12     
                                                                   
    C:/ti/simplelink_cc13x2_26x2_sdk_3_40_00_02/source/ti/devices/cc13x2_cc26x2/driverlib/bin/ccs/driverlib.lib
       sys_ctrl.obj                       408     0         0      
       osc.obj                            336     0         28     
       setup.obj                          324     0         0      
       chipinfo.obj                       226     0         0      
       aux_sysif.obj                      52      8         0      
       cpu.obj                            30      0         0      
       driverlib_release.obj              0       0         1      
    +--+----------------------------------+-------+---------+---------+
       Total:                             1376    8         29     
                                                                   
    C:/ti/simplelink_cc13x2_26x2_sdk_3_40_00_02/source/ti/drivers/lib/drivers_cc26x2.aem4f
       PowerCC26X2.oem4f                  2010    84        272    
       PINCC26XX.oem4f                    1378    0         276    
       PowerCC26X2_calibrateRCOSC.oem4f   1400    0         0      
       GPIOCC26XX.oem4f                   712     64        61     
    +--+----------------------------------+-------+---------+---------+
       Total:                             5500    148       609    
                                                                   
    C:\ti\ccs930\ccs\tools\compiler\ti-cgt-arm_18.12.4.LTS\lib\rtsv7M4_T_le_v4SPD16_eabi.lib
       fd_add_t2.asm.obj                  438     0         0      
       fd_cmp_t2.asm.obj                  268     0         0      
       fd_mul_t2.asm.obj                  252     0         0      
       memcpy_t2.asm.obj                  156     0         0      
       ull_div_t2.asm.obj                 150     0         0      
       memset_t2.asm.obj                  122     0         0      
       copy_decompress_lzss.c.obj         104     0         0      
       cpy_tbl.c.obj                      76      0         0      
       fd_toi_t2.asm.obj                  72      0         0      
       fd_tou_t2.asm.obj                  68      0         0      
       u_divt2.asm.obj                    64      0         0      
       fs_tod_t2.asm.obj                  56      0         0      
       i_tofd_t2.asm.obj                  46      0         0      
       _lock.c.obj                        26      0         8      
       args_main.c.obj                    24      0         0      
       ll_mul_t2.asm.obj                  24      0         0      
       copy_decompress_none.c.obj         14      0         0      
       copy_zero_init.c.obj               12      0         0      
       stkdepth_vars.c.obj                0       0         4      
       div0.asm.obj                       2       0         0      
    +--+----------------------------------+-------+---------+---------+
       Total:                             1974    0         12     
                                                                   
    C:\ti\simplelink_cc13x2_26x2_sdk_3_40_00_02\kernel\tirtos\packages\ti\targets\arm\rtsarm\lib\auto_init.aem4f
       auto_init.oem4f                    160     0         0      
    +--+----------------------------------+-------+---------+---------+
       Total:                             160     0         0      
                                                                   
    C:\ti\simplelink_cc13x2_26x2_sdk_3_40_00_02\kernel\tirtos\packages\ti\targets\arm\rtsarm\lib\boot.aem4f
       boot.oem4f                         88      0         0      
    +--+----------------------------------+-------+---------+---------+
       Total:                             88      0         0      
                                                                   
    D:\VB_Shared\Zigbee_CC2652_Resources\workspace_v9\tirtos_builds_CC26X2R1_LAUNCHXL_release_ccs\src\sysbios\rom_sysbios.aem4f
       rom_sysbios.obj                    1965    0         136    
    +--+----------------------------------+-------+---------+---------+
       Total:                             1965    0         136    
                                                                   
       Stack:                             0       0         1024   
       Linker Generated:                  440     468       0      
    +--+----------------------------------+-------+---------+---------+
       Grand Total:                       13371   2055      3660   


LINKER GENERATED COPY TABLES

__TI_cinit_table @ 00003bd0 records: 5, size/record: 8, table size: 40
	.data: load addr=00003a20, load size=00000180 bytes, run addr=20001110, run size=00000528 bytes, compression=lzss
	.bss: load addr=00003bb0, load size=00000008 bytes, run addr=20001638, run size=00000441 bytes, compression=zero_init
	.data:xdcRomConstPtr: load addr=00003bb8, load size=00000008 bytes, run addr=20000100, run size=00000004 bytes, compression=lzss
	.data:xdcRomExternFuncPtr: load addr=00003bc0, load size=00000008 bytes, run addr=20000104, run size=00000004 bytes, compression=lzss
	.data:xdcRomStatePtr: load addr=00003bc8, load size=00000008 bytes, run addr=20000108, run size=00000004 bytes, compression=lzss


LINKER GENERATED HANDLER TABLE

__TI_handler_table @ 00003ba0 records: 3, size/record: 4, table size: 12
	index: 0, handler: __TI_decompress_lzss
	index: 1, handler: __TI_decompress_none
	index: 2, handler: __TI_zero_init


FAR CALL TRAMPOLINES

callee name               trampoline name
   callee addr  tramp addr   call addr  call info
--------------  -----------  ---------  ----------------
ti_sysbios_family_arm_m3_Hwi_disableFxn__E  $Tramp$TT$L$PI$$ti_sysbios_family_arm_m3_Hwi_disableFxn__E
   1002eb55     000032c8     0000329a   dpl_cc26x2.aem4f : HwiP_tirtos.oem4f (.text:HwiP_disable)
ti_sysbios_knl_Task_self__E  $Tramp$TT$L$PI$$ti_sysbios_knl_Task_self__E
   1002eaf5     000032d0     0000324a   rom_sysbios.aem4f : rom_sysbios.obj (.text:pthread_self)
ti_sysbios_knl_Semaphore_delete  $Tramp$TT$L$PI$$ti_sysbios_knl_Semaphore_delete
   1002ecdb     000032d8     0000321e   dpl_cc26x2.aem4f : SemaphoreP_tirtos.oem4f (.text:SemaphoreP_delete)
ti_sysbios_knl_Clock_logTick__E  $Tramp$TT$L$PI$$ti_sysbios_knl_Clock_logTick__E
   1002dbd7     000032e0     0000314a   release_pem4f.oem4f (.text:ti_sysbios_knl_Clock_doTick__I)
ti_sysbios_knl_Swi_post__E  $Tramp$TT$L$PI$$ti_sysbios_knl_Swi_post__E
   1002d891     000032e8     00003098   rom_sysbios.aem4f : rom_sysbios.obj (.text:ti_sysbios_knl_Swi_or__E)
                             00003152   release_pem4f.oem4f (.text:ti_sysbios_knl_Clock_doTick__I)
ti_sysbios_BIOS_RtsGateProxy_leave__E  $Tramp$TT$L$PI$$ti_sysbios_BIOS_RtsGateProxy_leave__E
   1002ec7b     000032f0     0000307a   release_pem4f.oem4f (.text:ti_sysbios_BIOS_rtsUnlock__I)
ti_sysbios_knl_Swi_construct  $Tramp$TT$L$PI$$ti_sysbios_knl_Swi_construct
   1002d719     000032f8     00002fbe   rom_sysbios.aem4f : rom_sysbios.obj (.text:ti_sysbios_knl_Swi_construct2__E)
ti_sysbios_BIOS_RtsGateProxy_enter__E  $Tramp$TT$L$PI$$ti_sysbios_BIOS_RtsGateProxy_enter__E
   1002ec77     00003300     00002e96   release_pem4f.oem4f (.text:ti_sysbios_BIOS_rtsLock__I)
ti_sysbios_knl_Clock_TimerProxy_getCurrentTick__E  $Tramp$TT$L$PI$$ti_sysbios_knl_Clock_TimerProxy_getCurrentTick__E
   1002eac5     00003308     00002d02   rom_sysbios.aem4f : rom_sysbios.obj (.text:ti_sysbios_knl_Clock_getTicksUntilInterrupt__E)
ti_sysbios_knl_Task_delete  $Tramp$TT$L$PI$$ti_sysbios_knl_Task_delete
   1002ece7     00003310     00002cac   rom_sysbios.aem4f : rom_sysbios.obj (.text:_pthread_delete$45)
ti_sysbios_knl_Semaphore_destruct  $Tramp$TT$L$PI$$ti_sysbios_knl_Semaphore_destruct
   1002e6fd     00003318     00002ca0   rom_sysbios.aem4f : rom_sysbios.obj (.text:_pthread_delete$45)
ti_sysbios_knl_Semaphore_create  $Tramp$TT$L$PI$$ti_sysbios_knl_Semaphore_create
   1002dc49     00003320     00002c8c   dpl_cc26x2.aem4f : SemaphoreP_tirtos.oem4f (.text:SemaphoreP_createBinary)
ti_sysbios_knl_Task_startup__E  $Tramp$TT$L$PI$$ti_sysbios_knl_Task_startup__E
   1002eceb     00003328     00002ba4   release_pem4f.oem4f (.text:ti_sysbios_BIOS_startFunc__I)
ti_sysbios_knl_Swi_startup__E  $Tramp$TT$L$PI$$ti_sysbios_knl_Swi_startup__E
   1002ec6b     00003330     00002ba0   release_pem4f.oem4f (.text:ti_sysbios_BIOS_startFunc__I)
ti_sysbios_hal_Hwi_startup__E  $Tramp$TT$L$PI$$ti_sysbios_hal_Hwi_startup__E
   1002ec31     00003338     00002b9c   release_pem4f.oem4f (.text:ti_sysbios_BIOS_startFunc__I)
ti_sysbios_family_arm_cc26xx_Timer_startup__E  $Tramp$TT$L$PI$$ti_sysbios_family_arm_cc26xx_Timer_startup__E
   1002dcf1     00003340     00002b98   release_pem4f.oem4f (.text:ti_sysbios_BIOS_startFunc__I)
xdc_runtime_System_atexit__E  $Tramp$TT$L$PI$$xdc_runtime_System_atexit__E
   1002f559     00003348     00002b90   release_pem4f.oem4f (.text:ti_sysbios_BIOS_startFunc__I)
ti_sysbios_BIOS_linkedWithIncorrectBootLibrary__E  $Tramp$TT$L$PI$$ti_sysbios_BIOS_linkedWithIncorrectBootLibrary__E
   1002d01b     00003350     00002b8a   release_pem4f.oem4f (.text:ti_sysbios_BIOS_startFunc__I)
xdc_runtime_Startup_rtsDone__E  $Tramp$TT$L$PI$$xdc_runtime_Startup_rtsDone__E
   1002f8e5     00003358     00002b82   release_pem4f.oem4f (.text:ti_sysbios_BIOS_startFunc__I)
ti_sysbios_knl_Swi_disable__E  $Tramp$TT$L$PI$$ti_sysbios_knl_Swi_disable__E
   1002ea25     00003360     00002b52   release_pem4f.oem4f (.text:ti_sysbios_BIOS_atExitFunc__I)
                             00002f8a   dpl_cc26x2.aem4f : PowerCC26X2_tirtos.oem4f (.text:PowerCC26XX_schedulerDisable)
                             000032a2                    : SwiP_tirtos.oem4f (.text:SwiP_disable)
ti_sysbios_family_arm_m3_Hwi_construct  $Tramp$TT$L$PI$$ti_sysbios_family_arm_m3_Hwi_construct
   1002d421     00003368     000028ba   rom_sysbios.aem4f : rom_sysbios.obj (.text:ti_sysbios_family_arm_m3_Hwi_construct2__E)
ti_sysbios_knl_Task_sleep__E  $Tramp$TT$L$PI$$ti_sysbios_knl_Task_sleep__E
   1002ce01     00003370     0000288e   rom_sysbios.aem4f : rom_sysbios.obj (.text:sleep)
ti_sysbios_knl_Swi_Params__init__S  $Tramp$TT$L$PI$$ti_sysbios_knl_Swi_Params__init__S
   1002ebf1     00003378     00002842   dpl_cc26x2.aem4f : SwiP_tirtos.oem4f (.text:SwiP_construct)
ti_sysbios_family_arm_m3_Hwi_Params__init__S  $Tramp$TT$L$PI$$ti_sysbios_family_arm_m3_Hwi_Params__init__S
   1002eb49     00003380     000027c8   dpl_cc26x2.aem4f : HwiP_tirtos.oem4f (.text:HwiP_construct)
ti_sysbios_knl_Clock_construct  $Tramp$TT$L$PI$$ti_sysbios_knl_Clock_construct
   1002dd8d     00003388     00002492   dpl_cc26x2.aem4f : ClockP_tirtos.oem4f (.text:ClockP_construct)
ti_sysbios_knl_Clock_Params__init__S  $Tramp$TT$L$PI$$ti_sysbios_knl_Clock_Params__init__S
   1002eb9d     00003390     00002478   dpl_cc26x2.aem4f : ClockP_tirtos.oem4f (.text:ClockP_construct)
xdc_runtime_System_exit__E  $Tramp$TT$L$PI$$xdc_runtime_System_exit__E
   1002f7b1     00003398     00002398   boot.aem4f : boot.oem4f (.text)
                             000030f0   release_pem4f.oem4f (.text:ti_sysbios_BIOS_exitFunc__I)
ti_sysbios_heaps_HeapMem_restore__E  $Tramp$TT$L$PI$$ti_sysbios_heaps_HeapMem_restore__E
   1002eb13     000033a0     0000228c   rom_sysbios.aem4f : rom_sysbios.obj (.text:ti_sysbios_heaps_HeapMem_initPrimary__I)
ti_sysbios_heaps_HeapMem_Object__get__S  $Tramp$TT$L$PI$$ti_sysbios_heaps_HeapMem_Object__get__S
   1002e275     000033a8     0000225c   rom_sysbios.aem4f : rom_sysbios.obj (.text:ti_sysbios_heaps_HeapMem_initPrimary__I)
ti_sysbios_BIOS_start__E  $Tramp$TT$L$PI$$ti_sysbios_BIOS_start__E
   1002eaa5     000033b0     0000217e   main_tirtos.obj (.text:main)
xdc_runtime_Error_raiseX__E  $Tramp$TT$L$PI$$xdc_runtime_Error_raiseX__E
   1002f739     000033b8     00001d7e   rom_sysbios.aem4f : rom_sysbios.obj (.text:ti_sysbios_family_arm_m3_Hwi_excHandlerMin__I)
ti_sysbios_BIOS_setThreadType__E  $Tramp$TT$L$PI$$ti_sysbios_BIOS_setThreadType__E
   1002ea11     000033c0     00001d3e   rom_sysbios.aem4f : rom_sysbios.obj (.text:ti_sysbios_family_arm_m3_Hwi_excHandlerMin__I)
                             00002b5c   release_pem4f.oem4f (.text:ti_sysbios_BIOS_atExitFunc__I)
                             000030ea   release_pem4f.oem4f (.text:ti_sysbios_BIOS_exitFunc__I)
ti_sysbios_family_arm_m3_Hwi_excFillContext__I  $Tramp$TT$L$PI$$ti_sysbios_family_arm_m3_Hwi_excFillContext__I
   1002bda9     000033c8     00001d38   rom_sysbios.aem4f : rom_sysbios.obj (.text:ti_sysbios_family_arm_m3_Hwi_excHandlerMin__I)
ti_sysbios_knl_Semaphore_post__E  $Tramp$TT$L$PI$$ti_sysbios_knl_Semaphore_post__E
   1002cd21     000033d0     000019da   rom_sysbios.aem4f : rom_sysbios.obj (.text:_pthread_removeThreadKeys)
                             000023e0                     : rom_sysbios.obj (.text:pthread_exit)
                             0000329e   dpl_cc26x2.aem4f : SemaphoreP_tirtos.oem4f (.text:SemaphoreP_post)
xdc_runtime_Memory_free__E  $Tramp$TT$L$PI$$xdc_runtime_Memory_free__E
   1002f81d     000033d8     000019d0   rom_sysbios.aem4f : rom_sysbios.obj (.text:_pthread_removeThreadKeys)
                             00002cb8                     : rom_sysbios.obj (.text:_pthread_delete$45)
ti_sysbios_knl_Queue_next__E  $Tramp$TT$L$PI$$ti_sysbios_knl_Queue_next__E
   1002ecd7     000033e0     000019aa   rom_sysbios.aem4f : rom_sysbios.obj (.text:_pthread_removeThreadKeys)
ti_sysbios_knl_Queue_head__E  $Tramp$TT$L$PI$$ti_sysbios_knl_Queue_head__E
   1002ecd3     000033e8     00001996   rom_sysbios.aem4f : rom_sysbios.obj (.text:_pthread_removeThreadKeys)
ti_sysbios_knl_Semaphore_pend__E  $Tramp$TT$L$PI$$ti_sysbios_knl_Semaphore_pend__E
   1002bfb1     000033f0     00001990   rom_sysbios.aem4f : rom_sysbios.obj (.text:_pthread_removeThreadKeys)
                             0000315e   dpl_cc26x2.aem4f : SemaphoreP_tirtos.oem4f (.text:SemaphoreP_pend)
ti_sysbios_knl_Task_restore__E  $Tramp$TT$L$PI$$ti_sysbios_knl_Task_restore__E
   1002df45     000033f8     00001706   rom_sysbios.aem4f : rom_sysbios.obj (.text:ti_sysbios_knl_Task_setPri__E)
                             00001984                     : rom_sysbios.obj (.text:_pthread_removeThreadKeys)
                             000019e4                     : rom_sysbios.obj (.text:_pthread_removeThreadKeys)
                             000023f2                     : rom_sysbios.obj (.text:pthread_exit)
                             00002da8                     : rom_sysbios.obj (.text:_pthread_cleanupFxn)
                             00002faa   dpl_cc26x2.aem4f : PowerCC26X2_tirtos.oem4f (.text:PowerCC26XX_schedulerRestore)
ti_sysbios_knl_Queue_enqueue__E  $Tramp$TT$L$PI$$ti_sysbios_knl_Queue_enqueue__E
   1002ebd9     00003400     000016d8   rom_sysbios.aem4f : rom_sysbios.obj (.text:ti_sysbios_knl_Task_setPri__E)
ti_sysbios_knl_Queue_empty__E  $Tramp$TT$L$PI$$ti_sysbios_knl_Queue_empty__E
   1002eb21     00003408     000016c0   rom_sysbios.aem4f : rom_sysbios.obj (.text:ti_sysbios_knl_Task_setPri__E)
                             0000197c                     : rom_sysbios.obj (.text:_pthread_removeThreadKeys)
ti_sysbios_knl_Queue_remove__E  $Tramp$TT$L$PI$$ti_sysbios_knl_Queue_remove__E
   1002eb2f     00003410     000016ba   rom_sysbios.aem4f : rom_sysbios.obj (.text:ti_sysbios_knl_Task_setPri__E)
                             000019b2                     : rom_sysbios.obj (.text:_pthread_removeThreadKeys)
                             000019b8                     : rom_sysbios.obj (.text:_pthread_removeThreadKeys)
ti_sysbios_knl_Task_disable__E  $Tramp$TT$L$PI$$ti_sysbios_knl_Task_disable__E
   1002ea4d     00003418     00001680   rom_sysbios.aem4f : rom_sysbios.obj (.text:ti_sysbios_knl_Task_setPri__E)
                             00001972                     : rom_sysbios.obj (.text:_pthread_removeThreadKeys)
                             000023e6                     : rom_sysbios.obj (.text:pthread_exit)
                             00002b56   release_pem4f.oem4f (.text:ti_sysbios_BIOS_atExitFunc__I)
                             00002d9a   rom_sysbios.aem4f : rom_sysbios.obj (.text:_pthread_cleanupFxn)
                             00002f82   dpl_cc26x2.aem4f : PowerCC26X2_tirtos.oem4f (.text:PowerCC26XX_schedulerDisable)
ti_sysbios_knl_Clock_stop__E  $Tramp$TT$L$PI$$ti_sysbios_knl_Clock_stop__E
   1002e2c5     00003420     0000142a   dpl_cc26x2.aem4f : PowerCC26X2_tirtos.oem4f (.text:PowerCC26XX_standbyPolicy)
ti_sysbios_knl_Clock_start__E  $Tramp$TT$L$PI$$ti_sysbios_knl_Clock_start__E
   1002e9e7     00003428     0000141e   dpl_cc26x2.aem4f : PowerCC26X2_tirtos.oem4f (.text:PowerCC26XX_standbyPolicy)
                             00003296                    : ClockP_tirtos.oem4f (.text:ClockP_start)
ti_sysbios_knl_Clock_setTimeout__E  $Tramp$TT$L$PI$$ti_sysbios_knl_Clock_setTimeout__E
   1002ecc3     00003430     00001418   dpl_cc26x2.aem4f : PowerCC26X2_tirtos.oem4f (.text:PowerCC26XX_standbyPolicy)
ti_sysbios_knl_Task_create  $Tramp$TT$L$PI$$ti_sysbios_knl_Task_create
   1002d529     00003438     00001142   rom_sysbios.aem4f : rom_sysbios.obj (.text:pthread_create)
ti_sysbios_knl_Semaphore_construct  $Tramp$TT$L$PI$$ti_sysbios_knl_Semaphore_construct
   1002ddc1     00003440     00001138   rom_sysbios.aem4f : rom_sysbios.obj (.text:pthread_create)
                             00002c60   dpl_cc26x2.aem4f : SemaphoreP_tirtos.oem4f (.text:SemaphoreP_constructBinary)
ti_sysbios_knl_Semaphore_Params__init__S  $Tramp$TT$L$PI$$ti_sysbios_knl_Semaphore_Params__init__S
   1002ebe5     00003448     00001126   rom_sysbios.aem4f : rom_sysbios.obj (.text:pthread_create)
                             00002c50   dpl_cc26x2.aem4f : SemaphoreP_tirtos.oem4f (.text:SemaphoreP_constructBinary)
                             00002c7c                    : SemaphoreP_tirtos.oem4f (.text:SemaphoreP_createBinary)
ti_sysbios_knl_Queue_construct  $Tramp$TT$L$PI$$ti_sysbios_knl_Queue_construct
   1002dee5     00003450     0000111a   rom_sysbios.aem4f : rom_sysbios.obj (.text:pthread_create)
xdc_runtime_Memory_alloc__E  $Tramp$TT$L$PI$$xdc_runtime_Memory_alloc__E
   1002f289     00003458     000010c2   rom_sysbios.aem4f : rom_sysbios.obj (.text:pthread_create)
ti_sysbios_knl_Task_Params__init__S  $Tramp$TT$L$PI$$ti_sysbios_knl_Task_Params__init__S
   1002ec09     00003460     000010ae   rom_sysbios.aem4f : rom_sysbios.obj (.text:pthread_create)
ti_sysbios_family_arm_m3_Hwi_restoreFxn__E  $Tramp$TT$L$PI$$ti_sysbios_family_arm_m3_Hwi_restoreFxn__E
   1002ec47     00003468     00000c02   drivers_cc26x2.aem4f : GPIOCC26XX.oem4f (.text:GPIO_setConfig)
                             00000c32                        : GPIOCC26XX.oem4f (.text:GPIO_setConfig)
                             0000105a                        : PINCC26XX.oem4f (.text:PINCC26XX_setIoCfg)
                             00001228                        : PowerCC26X2.oem4f (.text:Power_releaseDependency)
                             0000125e                        : GPIOCC26XX.oem4f (.text:GPIO_init)
                             00001264                        : GPIOCC26XX.oem4f (.text:GPIO_init)
                             000013b0                        : PowerCC26X2.oem4f (.text:Power_setDependency)
                             000021de                        : GPIOCC26XX.oem4f (.text:GPIO_write)
                             00002326                        : PowerCC26X2_calibrateRCOSC.oem4f (.text:PowerCC26X2_initiateCalibration)
                             00002564                        : PowerCC26X2.oem4f (.text:switchXOSCHF)
                             00002a1a                        : GPIOCC26XX.oem4f (.text:GPIO_toggle)
                             00002b14                        : PowerCC26X2.oem4f (.text:Power_releaseConstraint)
                             00002b44                        : PowerCC26X2.oem4f (.text:Power_setConstraint)
xdc_runtime_System_doPrint__I  $Tramp$TT$L$PI$$xdc_runtime_System_doPrint__I
   1002ecf1     00003470     00000a52   release_pem4f.oem4f (.text:xdc_runtime_System_printfExtend__I)
ti_sysbios_knl_Swi_restore__E  $Tramp$TT$L$PI$$ti_sysbios_knl_Swi_restore__E
   1002db61     00003478     00000518   drivers_cc26x2.aem4f : PowerCC26X2.oem4f (.text:Power_sleep)
                             00002fa2   dpl_cc26x2.aem4f : PowerCC26X2_tirtos.oem4f (.text:PowerCC26XX_schedulerRestore)

[55 trampolines]
[95 trampoline calls]


GLOBAL SYMBOLS: SORTED ALPHABETICALLY BY Name 

address   name                                                               
-------   ----                                                               
000039ec  BoardGpioInitTable                                                 
00002f2d  Board_init                                                         
00003277  Board_initHook                                                     
00001c99  CC26X2R1_LAUNCHXL_sendExtFlashByte                                 
000026ed  CC26X2R1_LAUNCHXL_shutDownExtFlash                                 
000024ad  CC26X2R1_LAUNCHXL_wakeUpExtFlash                                   
0000326d  ClockP_Params_init                                                 
0000245d  ClockP_construct                                                   
1002dc11  ClockP_getSystemTicks                                              
00003297  ClockP_start                                                       
20001a6c  ClockP_tickPeriod                                                  
0000396c  GPIOCC26XX_config                                                  
00002a91  GPIO_hwiIntFxn                                                     
00001245  GPIO_init                                                          
00002ac1  GPIO_setCallback                                                   
00000b91  GPIO_setConfig                                                     
000029f5  GPIO_toggle                                                        
0000218d  GPIO_write                                                         
00001000  HEAPSIZE                                                           
00003181  HwiP_Params_init                                                   
000027ad  HwiP_construct                                                     
0000329b  HwiP_disable                                                       
1002ec47  HwiP_restore                                                       
00002a29  NOROM_AUXSYSIFOpModeChange                                         
000031db  NOROM_CPUcpsid                                                     
000031e7  NOROM_CPUcpsie                                                     
00003287  NOROM_CPUdelay                                                     
00002f49  NOROM_ChipInfo_GetChipFamily                                       
00002409  NOROM_ChipInfo_GetChipType                                         
00002621  NOROM_ChipInfo_GetHwRevision                                       
0000300d  NOROM_ChipInfo_GetPackageType                                      
000018e5  NOROM_OSCHF_AttemptToSwitchToXosc                                  
00001ff1  NOROM_OSCHF_SwitchToRcOscTurnOffXosc                               
00002d49  NOROM_OSCHF_TurnOnXosc                                             
000028dd  NOROM_OSC_HPOSCRelativeFrequencyOffsetGet                          
000017b5  NOROM_SetupTrimDevice                                              
00002a5d  NOROM_SysCtrlIdle                                                  
00002059  NOROM_SysCtrlSetRechargeBeforePowerDown                            
00000da1  NOROM_SysCtrlStandby                                               
000030b5  NOROM_ThisLibraryIsFor_CC13x2_CC26x2_HwRev20AndLater_HaltIfViolated
00003191  PINCC26XX_getPinCount                                              
000039f4  PINCC26XX_hwAttrs                                                  
00001f11  PIN_add                                                            
00002ef1  PIN_close                                                          
0000003d  PIN_init                                                           
00001481  PIN_open                                                           
000031f3  PIN_registerIntCb                                                  
000021ed  PIN_remove                                                         
00002915  PIN_setConfig                                                      
000027ed  PIN_setOutputValue                                                 
00002591  PowerCC26X2_RCOSC_clockFunc                                        
00001e9d  PowerCC26X2_auxISR                                                 
000030f7  PowerCC26X2_calibrate                                              
00003980  PowerCC26X2_config                                                 
00002301  PowerCC26X2_initiateCalibration                                    
20001110  PowerCC26X2_module                                                 
00002ff1  PowerCC26XX_calibrate                                              
00002f81  PowerCC26XX_schedulerDisable                                       
00002f9d  PowerCC26XX_schedulerRestore                                       
000013cd  PowerCC26XX_standbyPolicy                                          
20001a70  PowerCC26XX_swiKey                                                 
20001a74  PowerCC26XX_taskKey                                                
00003201  Power_getConstraintMask                                            
0000320d  Power_getDependencyCount                                           
00002f0f  Power_getTransitionLatency                                         
00003025  Power_idleFunc                                                     
000006f1  Power_init                                                         
00002af1  Power_releaseConstraint                                            
0000117d  Power_releaseDependency                                            
00002b21  Power_setConstraint                                                
00001309  Power_setDependency                                                
000003b9  Power_sleep                                                        
00003480  ROM_constStruct                                                    
000038d4  ROM_externFuncPtrs                                                 
20001220  ROM_stateStruct                                                    
00002359  ResetISR                                                           
UNDEFED   SHT$$INIT_ARRAY$$Base                                              
UNDEFED   SHT$$INIT_ARRAY$$Limit                                             
00002c3f  SemaphoreP_constructBinary                                         
00002c6d  SemaphoreP_createBinary                                            
00003219  SemaphoreP_delete                                                  
0000315d  SemaphoreP_pend                                                    
0000329f  SemaphoreP_post                                                    
000031a1  SwiP_Params_init                                                   
00002829  SwiP_construct                                                     
000032a3  SwiP_disable                                                       
000032a7  SwiP_getTrigger                                                    
000032ab  SwiP_or                                                            
1002db61  SwiP_restore                                                       
00000000  __ASM__                                                            
00000096  __ISA__                                                            
000000a9  __PLAT__                                                           
20014000  __STACK_END                                                        
00000400  __STACK_SIZE                                                       
000000d0  __TARG__                                                           
00003bd0  __TI_CINIT_Base                                                    
00003bf8  __TI_CINIT_Limit                                                   
00003ba0  __TI_Handler_Table_Base                                            
00003bac  __TI_Handler_Table_Limit                                           
000015d9  __TI_auto_init                                                     
000020c1  __TI_decompress_lzss                                               
000031b1  __TI_decompress_none                                               
ffffffff  __TI_pprof_out_hndl                                                
ffffffff  __TI_prof_data_size                                                
ffffffff  __TI_prof_data_start                                               
00000000  __TI_static_base__                                                 
0000323d  __TI_zero_init                                                     
000000f6  __TRDR__                                                           
00001b8d  __aeabi_cdcmpeq                                                    
00001b8d  __aeabi_cdcmple                                                    
00001c13  __aeabi_cdrcmple                                                   
000025d9  __aeabi_d2iz                                                       
000026a9  __aeabi_d2uiz                                                      
0000020b  __aeabi_dadd                                                       
00000e9d  __aeabi_dmul                                                       
00000201  __aeabi_dsub                                                       
00002985  __aeabi_f2d                                                        
00002c11  __aeabi_i2d                                                        
00001e9b  __aeabi_idiv0                                                      
00001e9b  __aeabi_ldiv0                                                      
00003055  __aeabi_lmul                                                       
00001e21  __aeabi_memclr                                                     
00001e21  __aeabi_memclr4                                                    
00001e21  __aeabi_memclr8                                                    
00001719  __aeabi_memcpy                                                     
00001719  __aeabi_memcpy4                                                    
00001719  __aeabi_memcpy8                                                    
00001e23  __aeabi_memset                                                     
00001e23  __aeabi_memset4                                                    
00001e23  __aeabi_memset8                                                    
0000272d  __aeabi_uidiv                                                      
0000272d  __aeabi_uidivmod                                                   
0000184d  __aeabi_uldivmod                                                   
ffffffff  __binit__                                                          
ffffffff  __c_args__                                                         
00057fa8  __ccfg                                                             
20001110  __primary_heap_end__                                               
20000110  __primary_heap_start__                                             
20013c00  __stack                                                            
0000303d  _args_main                                                         
00002359  _c_int00                                                           
200015a0  _lock                                                              
000003b7  _nop                                                               
00002d99  _pthread_cleanupFxn                                                
000030cb  _pthread_cleanup_pop                                               
0000196d  _pthread_removeThreadKeys                                          
00003225  _register_lock                                                     
00003231  _register_unlock                                                   
200015a4  _unlock                                                            
ffffffff  binit                                                              
000024f9  copy_in                                                            
20001a78  driverlib_release_0_55938                                          
20001454  gpioCallbackFunctions                                              
20001620  gpioPinConfigs                                                     
000039b8  inPinTypes                                                         
00002129  main                                                               
00002d1d  mainThread                                                         
20001628  main_func_sp                                                       
00001719  memcpy                                                             
00001e29  memset                                                             
000039c4  outPinStrengths                                                    
000039a8  outPinTypes                                                        
20001910  pinHandleTable                                                     
200015ac  pinLowerBound                                                      
200015a8  pinUpperBound                                                      
00002de1  pthread_attr_init                                                  
000031bf  pthread_attr_setdetachstate                                        
0000310b  pthread_attr_setschedparam                                         
0000328d  pthread_attr_setstacksize                                          
00001091  pthread_create                                                     
000023b1  pthread_exit                                                       
00003249  pthread_self                                                       
00002cc5  pthread_setcancelstate                                             
00003838  resourceDB                                                         
00002865  sleep                                                              
1002fddb  strlen                                                             
20001260  ti_sysbios_BIOS_Module__state__V                                   
1002e4e1  ti_sysbios_BIOS_RtsGateProxy_Handle__label__S                      
1002eb79  ti_sysbios_BIOS_RtsGateProxy_Params__init__S                       
1002ec77  ti_sysbios_BIOS_RtsGateProxy_enter__E                              
1002ec7b  ti_sysbios_BIOS_RtsGateProxy_leave__E                              
1002ec9b  ti_sysbios_BIOS_RtsGateProxy_query__E                              
1002ec9b  ti_sysbios_BIOS_RtsGateProxy_query__E                              
00002b51  ti_sysbios_BIOS_atExitFunc__I                                      
000030e1  ti_sysbios_BIOS_exitFunc__I                                        
1002ea85  ti_sysbios_BIOS_exit__E                                            
1002e9fd  ti_sysbios_BIOS_getCpuFreq__E                                      
1002ea95  ti_sysbios_BIOS_getThreadType__E                                   
1002d01b  ti_sysbios_BIOS_linkedWithIncorrectBootLibrary__E                  
00001fef  ti_sysbios_BIOS_nullFunc__I                                        
00002e05  ti_sysbios_BIOS_registerRTSLock__I                                 
00002e29  ti_sysbios_BIOS_removeRTSLock__I                                   
00002e91  ti_sysbios_BIOS_rtsLock__I                                         
0000306d  ti_sysbios_BIOS_rtsUnlock__I                                       
1002ea11  ti_sysbios_BIOS_setThreadType__E                                   
00002b81  ti_sysbios_BIOS_startFunc__I                                       
1002eaa5  ti_sysbios_BIOS_start__E                                           
000017b5  ti_sysbios_family_arm_cc26xx_Boot_trimDevice                       
0000356a  ti_sysbios_family_arm_cc26xx_Timer_Module__id__C                   
1002e15d  ti_sysbios_family_arm_cc26xx_Timer_Module__startupDone__S          
20001324  ti_sysbios_family_arm_cc26xx_Timer_Module__state__V                
1002dfa5  ti_sysbios_family_arm_cc26xx_Timer_Module_startup__E               
20001458  ti_sysbios_family_arm_cc26xx_Timer_Object__table__V                
00002eb1  ti_sysbios_family_arm_cc26xx_Timer_dynamicStub__E                  
000035a0  ti_sysbios_family_arm_cc26xx_Timer_funcHookCH1__C                  
00003600  ti_sysbios_family_arm_cc26xx_Timer_funcHookCH2__C                  
00003135  ti_sysbios_family_arm_cc26xx_Timer_getCount64__E                   
00002bb1  ti_sysbios_family_arm_cc26xx_Timer_getCurrentTick__E               
1002ec7f  ti_sysbios_family_arm_cc26xx_Timer_getExpiredTicks__E              
00002e4d  ti_sysbios_family_arm_cc26xx_Timer_getMaxTicks__E                  
1002ec83  ti_sysbios_family_arm_cc26xx_Timer_getPeriod__E                    
00002be1  ti_sysbios_family_arm_cc26xx_Timer_initDevice__I                   
1002c709  ti_sysbios_family_arm_cc26xx_Timer_periodicStub__E                 
1002dfd1  ti_sysbios_family_arm_cc26xx_Timer_postInit__I                     
000029bd  ti_sysbios_family_arm_cc26xx_Timer_setNextTick__E                  
1002ec87  ti_sysbios_family_arm_cc26xx_Timer_setPeriod__E                    
0000276d  ti_sysbios_family_arm_cc26xx_Timer_setThreshold__I                 
00001da1  ti_sysbios_family_arm_cc26xx_Timer_start__E                        
000035d8  ti_sysbios_family_arm_cc26xx_Timer_startupNeeded__C                
1002dcf1  ti_sysbios_family_arm_cc26xx_Timer_startup__E                      
2000124c  ti_sysbios_family_arm_cc26xx_TimestampProvider_Module__state__V    
1002e42d  ti_sysbios_family_arm_cc26xx_TimestampProvider_Module_startup__E   
000031cd  ti_sysbios_family_arm_cc26xx_TimestampProvider_get32__E            
1002dffd  ti_sysbios_family_arm_cc26xx_TimestampProvider_get64__E            
1002eb3d  ti_sysbios_family_arm_cc26xx_TimestampProvider_getFreq__E          
00003778  ti_sysbios_family_arm_cc26xx_TimestampProvider_useClockTimer__C    
00003604  ti_sysbios_family_arm_m3_Hwi_E_NMI__C                              
00003708  ti_sysbios_family_arm_m3_Hwi_E_alreadyDefined__C                   
00003668  ti_sysbios_family_arm_m3_Hwi_E_busFault__C                         
00003790  ti_sysbios_family_arm_m3_Hwi_E_debugMon__C                         
00003a0c  ti_sysbios_family_arm_m3_Hwi_E_exception__C                        
00003784  ti_sysbios_family_arm_m3_Hwi_E_hardFault__C                        
000037ac  ti_sysbios_family_arm_m3_Hwi_E_hwiLimitExceeded__C                 
00003800  ti_sysbios_family_arm_m3_Hwi_E_memFault__C                         
000035dc  ti_sysbios_family_arm_m3_Hwi_E_noIsr__C                            
000035a8  ti_sysbios_family_arm_m3_Hwi_E_reserved__C                         
00003794  ti_sysbios_family_arm_m3_Hwi_E_svCall__C                           
000037f0  ti_sysbios_family_arm_m3_Hwi_E_usageFault__C                       
1002e451  ti_sysbios_family_arm_m3_Hwi_Handle__label__S                      
1002ce71  ti_sysbios_family_arm_m3_Hwi_Instance_finalize__E                  
1002c79d  ti_sysbios_family_arm_m3_Hwi_Instance_init__E                      
2000161e  ti_sysbios_family_arm_m3_Hwi_Module_State_0_excActive__A           
2000162c  ti_sysbios_family_arm_m3_Hwi_Module_State_0_excContext__A          
20001630  ti_sysbios_family_arm_m3_Hwi_Module_State_0_excStack__A            
00003568  ti_sysbios_family_arm_m3_Hwi_Module__id__C                         
200015b0  ti_sysbios_family_arm_m3_Hwi_Module__root__V                       
1002e185  ti_sysbios_family_arm_m3_Hwi_Module__startupDone__S                
200012f0  ti_sysbios_family_arm_m3_Hwi_Module__state__V                      
1002d3c9  ti_sysbios_family_arm_m3_Hwi_Module_startup__E                     
000035c0  ti_sysbios_family_arm_m3_Hwi_NUM_INTERRUPTS__C                     
000037bc  ti_sysbios_family_arm_m3_Hwi_Object__DESC__C                       
1002fc10  ti_sysbios_family_arm_m3_Hwi_Object__PARAMS__C                     
000037e0  ti_sysbios_family_arm_m3_Hwi_Object__count__C                      
1002e1ad  ti_sysbios_family_arm_m3_Hwi_Object__delete__S                     
1002e1d5  ti_sysbios_family_arm_m3_Hwi_Object__get__S                        
00003570  ti_sysbios_family_arm_m3_Hwi_Object__table__C                      
20001570  ti_sysbios_family_arm_m3_Hwi_Object__table__V                      
1002eb49  ti_sysbios_family_arm_m3_Hwi_Params__init__S                       
000037f4  ti_sysbios_family_arm_m3_Hwi_ccr__C                                
1002d421  ti_sysbios_family_arm_m3_Hwi_construct                             
[...]
1002eac5  ti_sysbios_knl_Clock_TimerProxy_getCurrentTick__E                  
1002ead5  ti_sysbios_knl_Clock_TimerProxy_getMaxTicks__E                     
1002eae5  ti_sysbios_knl_Clock_TimerProxy_setNextTick__E                     
1002eaf5  ti_sysbios_knl_Task_self__E                                        
1002eb05  ti_sysbios_gates_GateMutex_leave__E                                
1002eb13  ti_sysbios_heaps_HeapMem_restore__E                                
1002eb21  ti_sysbios_knl_Queue_empty__E                                      
1002eb2f  ti_sysbios_knl_Queue_remove__E                                     
1002eb3d  ti_sysbios_family_arm_cc26xx_TimestampProvider_getFreq__E          
1002eb3d  xdc_runtime_Timestamp_SupportProxy_getFreq__E                      
1002eb3d  xdc_runtime_Timestamp_SupportProxy_getFreq__E                      
1002eb3d  xdc_runtime_Timestamp_getFreq__E                                   
1002eb3d  xdc_runtime_Timestamp_getFreq__E                                   
1002eb49  ti_sysbios_family_arm_m3_Hwi_Params__init__S                       
1002eb49  ti_sysbios_hal_Hwi_HwiProxy_Params__init__S                        
1002eb55  ti_sysbios_family_arm_m3_Hwi_disableFxn__E                         
1002eb61  ti_sysbios_family_arm_m3_Hwi_enableFxn__E                          
1002eb6d  ti_sysbios_gates_GateHwi_enter__E                                  
1002eb79  ti_sysbios_BIOS_RtsGateProxy_Params__init__S                       
1002eb79  ti_sysbios_gates_GateMutex_Params__init__S                         
1002eb79  ti_sysbios_heaps_HeapMem_Module_GateProxy_Params__init__S          
1002eb85  ti_sysbios_heaps_HeapTrack_Params__init__S                         
1002eb91  ti_sysbios_heaps_HeapTrack_isBlocking__E                           
1002eb9d  ti_sysbios_knl_Clock_Params__init__S                               
1002eba9  ti_sysbios_knl_Clock_getTimerHandle__E                             
1002ebb5  ti_sysbios_knl_Event_Params__init__S                               
1002ebc1  ti_sysbios_knl_Mailbox_Params__init__S                             
1002ebcd  ti_sysbios_knl_Queue_dequeue__E                                    
1002ebd9  ti_sysbios_knl_Queue_enqueue__E                                    
1002ebe5  ti_sysbios_knl_Semaphore_Params__init__S                           
1002ebf1  ti_sysbios_knl_Swi_Params__init__S                                 
1002ebfd  ti_sysbios_knl_Swi_self__E                                         
1002ec09  ti_sysbios_knl_Task_Params__init__S                                
1002ec15  ti_sysbios_hal_Hwi_Instance_finalize__E                            
1002ec1f  ti_sysbios_knl_Event_Instance_init__E                              
1002ec29  ti_sysbios_family_arm_m3_Hwi_doSwiRestore__I                       
1002ec31  ti_sysbios_family_arm_m3_Hwi_startup__E                            
1002ec31  ti_sysbios_hal_Hwi_HwiProxy_startup__E                             
1002ec31  ti_sysbios_hal_Hwi_HwiProxy_startup__E                             
1002ec31  ti_sysbios_hal_Hwi_startup__E                                      
1002ec31  ti_sysbios_hal_Hwi_startup__E                                      
1002ec39  ti_sysbios_knl_Idle_loop__E                                        
1002ec41  ti_sysbios_family_arm_m3_Hwi_doTaskRestore__I                      
1002ec47  HwiP_restore                                                       
1002ec47  ti_sysbios_family_arm_m3_Hwi_restoreFxn__E                         
1002ec4d  ti_sysbios_gates_GateHwi_leave__E                                  
1002ec53  ti_sysbios_gates_GateMutex_Instance_finalize__E                    
1002ec59  ti_sysbios_heaps_HeapMem_isBlocking__E                             
1002ec5f  ti_sysbios_knl_Queue_Instance_init__E                              
1002ec65  ti_sysbios_knl_Queue_elemClear__E                                  
1002ec6b  ti_sysbios_knl_Swi_startup__E                                      
1002ec71  ti_sysbios_knl_Task_enable__E                                      
1002ec77  ti_sysbios_BIOS_RtsGateProxy_enter__E                              
1002ec7b  ti_sysbios_BIOS_RtsGateProxy_leave__E                              
1002ec7f  ti_sysbios_family_arm_cc26xx_Timer_getExpiredTicks__E              
1002ec83  ti_sysbios_family_arm_cc26xx_Timer_getPeriod__E                    
1002ec87  ti_sysbios_family_arm_cc26xx_Timer_setPeriod__E                    
1002ec8b  ti_sysbios_family_arm_m3_Hwi_delete                                
1002ec8f  ti_sysbios_family_arm_m3_TaskSupport_Module__startupDone__S        
1002ec8f  ti_sysbios_knl_Task_SupportProxy_Module__startupDone__S            
1002ec93  ti_sysbios_gates_GateHwi_query__E                                  
1002ec93  xdc_runtime_Main_Module_GateProxy_query__E                         
1002ec93  xdc_runtime_System_Module_GateProxy_query__E                       
1002ec93  xdc_runtime_System_Module_GateProxy_query__E                       
1002ec97  ti_sysbios_gates_GateMutex_delete                                  
1002ec9b  ti_sysbios_BIOS_RtsGateProxy_query__E                              
1002ec9b  ti_sysbios_BIOS_RtsGateProxy_query__E                              
1002ec9b  ti_sysbios_gates_GateMutex_query__E                                
1002ec9b  ti_sysbios_heaps_HeapMem_Module_GateProxy_query__E                 
1002ec9b  ti_sysbios_heaps_HeapMem_Module_GateProxy_query__E                 
1002ec9f  ti_sysbios_hal_Hwi_HwiProxy_create                                 
1002eca3  ti_sysbios_hal_Hwi_HwiProxy_delete                                 
1002eca7  ti_sysbios_hal_Hwi_delete                                          
1002ecab  ti_sysbios_heaps_HeapMem_Module_GateProxy_enter__E                 
1002ecaf  ti_sysbios_heaps_HeapMem_Module_GateProxy_leave__E                 
1002ecb3  ti_sysbios_knl_Clock_TimerProxy_getExpiredTicks__E                 
1002ecb7  ti_sysbios_knl_Clock_TimerProxy_getPeriod__E                       
1002ecbb  ti_sysbios_knl_Clock_delete                                        
1002ecbf  ti_sysbios_knl_Clock_removeI__E                                    
1002ecc3  ti_sysbios_knl_Clock_setTimeout__E                                 
1002ecc7  ti_sysbios_knl_Event_delete                                        
1002eccb  ti_sysbios_knl_Mailbox_delete                                      
1002eccf  ti_sysbios_knl_Queue_delete                                        
1002ecd3  ti_sysbios_knl_Queue_head__E                                       
1002ecd7  ti_sysbios_knl_Queue_next__E                                       
1002ecdb  ti_sysbios_knl_Semaphore_delete                                    
1002ecdf  ti_sysbios_knl_Swi_delete                                          
1002ece3  ti_sysbios_knl_Swi_postInit__I                                     
1002ece7  ti_sysbios_knl_Task_delete                                         
1002eceb  ti_sysbios_knl_Task_startup__E                                     
1002ecf1  xdc_runtime_System_doPrint__I                                      
1002f055  xdc_runtime_Startup_startMods__I                                   
1002f15d  xdc_runtime_Text_putSite__E                                        
1002f1f7  xdc_runtime_Error_policySpin__E                                    
1002f1f9  xdc_runtime_Text_putMod__E                                         
1002f289  xdc_runtime_Memory_alloc__E                                        
1002f2f9  xdc_runtime_Core_createObject__I                                   
1002f367  xdc_runtime_Core_deleteObject__I                                   
1002f3c5  xdc_runtime_Text_putLab__E                                         
1002f421  xdc_runtime_Assert_raise__I                                        
1002f475  xdc_runtime_Startup_exec__E                                        
1002f4c9  xdc_runtime_Core_assignParams__I                                   
1002f511  xdc_runtime_Core_constructObject__I                                
1002f559  xdc_runtime_System_atexit__E                                       
1002f5a1  xdc_runtime_Text_xprintf__I                                        
1002f5e5  xdc_runtime_System_processAtExit__E                                
1002f625  xdc_runtime_System_putchar__I                                      
1002f659  xdc_runtime_Core_assignLabel__I                                    
1002f689  xdc_runtime_Text_printVisFxn__I                                    
1002f6b9  xdc_runtime_System_vprintf__E                                      
1002f6e5  xdc_runtime_Text_cordText__E                                       
1002f711  xdc_runtime_System_abort__E                                        
1002f739  xdc_runtime_Error_raiseX__E                                        
1002f759  xdc_runtime_Registry_findById__E                                   
1002f779  xdc_runtime_Error_check__E                                         
1002f795  xdc_runtime_Memory_valloc__E                                       
1002f7b1  xdc_runtime_System_exit__E                                         
1002f7cd  xdc_runtime_Text_ropeText__E                                       
1002f7e9  xdc_runtime_System_printf__E                                       
1002f803  xdc_runtime_Core_destructObject__I                                 
1002f81b  xdc_runtime_System_abortSpin__E                                    
1002f81d  xdc_runtime_Memory_free__E                                         
1002f831  xdc_runtime_Memory_getStats__E                                     
1002f845  xdc_runtime_SysCallback_abort__E                                   
1002f845  xdc_runtime_System_SupportProxy_abort__E                           
1002f859  xdc_runtime_SysCallback_exit__E                                    
1002f859  xdc_runtime_System_SupportProxy_exit__E                            
1002f86d  xdc_runtime_SysCallback_flush__E                                   
1002f86d  xdc_runtime_System_SupportProxy_flush__E                           
1002f86d  xdc_runtime_System_flush__E                                        
1002f881  xdc_runtime_SysCallback_putch__E                                   
1002f881  xdc_runtime_System_SupportProxy_putch__E                           
1002f895  xdc_runtime_SysCallback_ready__E                                   
1002f895  xdc_runtime_System_SupportProxy_ready__E                           
1002f8a9  xdc_runtime_Memory_getMaxDefaultTypeAlign__E                       
1002f8b9  xdc_runtime_System_vsnprintf__E                                    
1002f8c9  xdc_runtime_Timestamp_SupportProxy_get32__E                        
1002f8c9  xdc_runtime_Timestamp_SupportProxy_get32__E                        
1002f8c9  xdc_runtime_Timestamp_get32__E                                     
1002f8c9  xdc_runtime_Timestamp_get32__E                                     
1002f8d9  xdc_runtime_Memory_calloc__E                                       
1002f8e5  xdc_runtime_Startup_rtsDone__E                                     
1002f8f1  xdc_runtime_Memory_HeapProxy_alloc__E                              
1002f8fb  xdc_runtime_Memory_HeapProxy_free__E                               
1002f905  xdc_runtime_Memory_HeapProxy_getStats__E                           
1002f90f  xdc_runtime_Gate_leaveSystem__E                                    
1002f915  xdc_runtime_System_Module_startup__E                               
1002f91b  xdc_runtime_Gate_enterSystem__E                                    
1002f91f  xdc_runtime_SysCallback_Module__startupDone__S                     
1002f91f  xdc_runtime_System_SupportProxy_Module__startupDone__S             
1002f923  xdc_runtime_System_Module_GateProxy_enter__E                       
1002f927  xdc_runtime_System_Module_GateProxy_leave__E                       
1002f92b  xdc_runtime_System_printf_va__F                                    
1002f92f  xdc_runtime_System_exitSpin__E                                     
1002f931  ti_sysbios_family_arm_m3_Hwi_dispatch__I                           
1002fa11  ti_sysbios_family_arm_m3_Hwi_interruptsAreDisabledButShouldNotBe   
1002fa2d  ti_sysbios_family_arm_m3_TaskSupport_buildTaskStack                
1002fab9  ti_sysbios_family_arm_m3_Hwi_initStacks__E                         
1002fb11  ti_sysbios_family_arm_m3_Hwi_pendSV__I                             
1002fb35  ti_sysbios_family_arm_m3_Hwi_return                                
1002fb39  ti_sysbios_family_arm_m3_Hwi_excHandlerAsm__I                      
1002fb59  ti_sysbios_family_xxx_Hwi_switchAndRunFunc                         
1002fb77  ti_sysbios_family_arm_m3_TaskSupport_swap__E                       
1002fb77  ti_sysbios_knl_Task_SupportProxy_swap__E                           
1002fb77  ti_sysbios_knl_Task_SupportProxy_swap__E                           
1002fb83  ti_sysbios_knl_Task_swapReturn                                     
1002fb8f  ti_sysbios_family_arm_m3_TaskSupport_glue                          
1002fba0  ti_sysbios_knl_Task_Object__PARAMS__C                              
1002fbdc  ti_sysbios_knl_Mailbox_Object__PARAMS__C                           
1002fc10  ti_sysbios_family_arm_m3_Hwi_Object__PARAMS__C                     
1002fc40  ti_sysbios_hal_Hwi_Object__PARAMS__C                               
1002fc6c  ti_sysbios_knl_Swi_Object__PARAMS__C                               
1002fc94  ti_sysbios_heaps_HeapMem_Object__PARAMS__C                         
1002fcb8  ti_sysbios_knl_Clock_Object__PARAMS__C                             
1002fcdc  ti_sysbios_knl_Semaphore_Object__PARAMS__C                         
1002fd00  ti_sysbios_gates_GateHwi_Object__PARAMS__C                         
1002fd18  ti_sysbios_gates_GateMutex_Object__PARAMS__C                       
1002fd30  ti_sysbios_knl_Event_Object__PARAMS__C                             
1002fd48  ti_sysbios_knl_Queue_Object__PARAMS__C                             
1002fd80  ti_sysbios_heaps_HeapTrack_Object__PARAMS__C                       
1002fd9c  ti_sysbios_heaps_HeapTrack_Instance_State_trackQueue__O            
1002fda0  ti_sysbios_heaps_HeapTrack_Module__diagsEnabled__C                 
1002fda4  ti_sysbios_heaps_HeapTrack_Module__diagsIncluded__C                
1002fda8  ti_sysbios_heaps_HeapTrack_Module__diagsMask__C                    
1002fddb  strlen                                                             
20000000  ti_sysbios_family_arm_m3_Hwi_ramVectors                            
20000100  xdcRomConstPtr                                                     
20000104  xdcRomExternFuncPtr                                                
20000108  xdcRomStatePtr                                                     
20000110  __primary_heap_start__                                             
20001110  PowerCC26X2_module                                                 
20001110  __primary_heap_end__                                               
20001220  ROM_stateStruct                                                    
20001220  ti_sysbios_knl_Clock_Module__state__V                              
2000124c  ti_sysbios_family_arm_cc26xx_TimestampProvider_Module__state__V    
20001250  xdc_runtime_Startup_Module__state__V                               
20001258  xdc_runtime_Registry_Module__state__V                              
20001260  ti_sysbios_BIOS_Module__state__V                                   
20001284  ti_sysbios_knl_Swi_Module__state__V                                
200012a0  ti_sysbios_knl_Task_Module__state__V                               
200012e4  xdc_runtime_Memory_Module__state__V                                
200012e8  xdc_runtime_System_Module__state__V                                
200012f0  ti_sysbios_family_arm_m3_Hwi_Module__state__V                      
20001324  ti_sysbios_family_arm_cc26xx_Timer_Module__state__V                
200013b4  ti_sysbios_gates_GateMutex_Object__table__V                        
20001408  ti_sysbios_knl_Task_Object__table__V                               
20001454  gpioCallbackFunctions                                              
20001458  ti_sysbios_family_arm_cc26xx_Timer_Object__table__V                
200014a0  ti_sysbios_knl_Swi_Module_State_0_readyQ__A                        
200014d0  ti_sysbios_knl_Swi_Object__table__V                                
20001500  ti_sysbios_knl_Task_Module_State_0_readyQ__A                       
20001530  ti_sysbios_knl_Clock_Object__table__V                              
20001550  xdc_runtime_Error_IgnoreBlock                                      
20001570  ti_sysbios_family_arm_m3_Hwi_Object__table__V                      
20001588  ti_sysbios_heaps_HeapMem_Object__table__V                          
200015a0  _lock                                                              
200015a4  _unlock                                                            
200015a8  pinUpperBound                                                      
200015ac  pinLowerBound                                                      
200015b0  ti_sysbios_family_arm_m3_Hwi_Module__root__V                       
200015b8  ti_sysbios_gates_GateHwi_Module__root__V                           
200015c0  ti_sysbios_gates_GateMutex_Module__root__V                         
200015c8  ti_sysbios_hal_Hwi_Module__root__V                                 
200015d0  ti_sysbios_heaps_HeapMem_Module__root__V                           
200015d8  ti_sysbios_knl_Clock_Module__root__V                               
200015e0  ti_sysbios_knl_Event_Module__root__V                               
200015e8  ti_sysbios_knl_Mailbox_Module__root__V                             
200015f0  ti_sysbios_knl_Queue_Module__root__V                               
200015f8  ti_sysbios_knl_Semaphore_Module__root__V                           
20001600  ti_sysbios_knl_Swi_Module__root__V                                 
20001608  ti_sysbios_knl_Task_Module__root__V                                
20001610  xdc_runtime_System_Module_State_0_atexitHandlers__A                
2000161e  ti_sysbios_family_arm_m3_Hwi_Module_State_0_excActive__A           
20001620  gpioPinConfigs                                                     
20001628  main_func_sp                                                       
2000162c  ti_sysbios_family_arm_m3_Hwi_Module_State_0_excContext__A          
20001630  ti_sysbios_family_arm_m3_Hwi_Module_State_0_excStack__A            
20001634  ti_sysbios_knl_Task_Module_State_0_idleTask__A                     
20001638  ti_sysbios_knl_Task_Instance_State_0_stack__A                      
20001838  ti_sysbios_family_arm_m3_Hwi_dispatchTable                         
20001910  pinHandleTable                                                     
20001a6c  ClockP_tickPeriod                                                  
20001a70  PowerCC26XX_swiKey                                                 
20001a74  PowerCC26XX_taskKey                                                
20001a78  driverlib_release_0_55938                                          
20013c00  __stack                                                            
20014000  __STACK_END                                                        
e000e000  ti_sysbios_family_arm_m3_Hwi_nvic                                  
ffffffff  __TI_pprof_out_hndl                                                
ffffffff  __TI_prof_data_size                                                
ffffffff  __TI_prof_data_start                                               
ffffffff  __binit__                                                          
ffffffff  __c_args__                                                         
ffffffff  binit                                                              
UNDEFED   SHT$$INIT_ARRAY$$Base                                              
UNDEFED   SHT$$INIT_ARRAY$$Limit                                             

[800 symbols]
