###############################################################################
#
# IAR ELF Linker V8.40.1.212/W32 for ARM                  09/Dec/2019  15:57:26
# Copyright 2007-2019 IAR Systems AB.
#
#    Output file  =
#        D:\VB_Shared\Mini58
#        Resources\Mini58_Series_BSP_CMSIS_v3.01.000\SampleCode\StdDriver\KEUS_Embedded_Switch\IAR\Release\Exe\GPIO_LED.out
#    Map file     =
#        D:\VB_Shared\Mini58
#        Resources\Mini58_Series_BSP_CMSIS_v3.01.000\SampleCode\StdDriver\KEUS_Embedded_Switch\IAR\Release\List\GPIO_LED.map
#    Command line =
#        -f C:\Users\Souvik\AppData\Local\Temp\EW78BE.tmp ("D:\VB_Shared\Mini58
#        Resources\Mini58_Series_BSP_CMSIS_v3.01.000\SampleCode\StdDriver\KEUS_Embedded_Switch\IAR\Release\Obj\button.o"
#        "D:\VB_Shared\Mini58
#        Resources\Mini58_Series_BSP_CMSIS_v3.01.000\SampleCode\StdDriver\KEUS_Embedded_Switch\IAR\Release\Obj\clk.o"
#        "D:\VB_Shared\Mini58
#        Resources\Mini58_Series_BSP_CMSIS_v3.01.000\SampleCode\StdDriver\KEUS_Embedded_Switch\IAR\Release\Obj\gpio.o"
#        "D:\VB_Shared\Mini58
#        Resources\Mini58_Series_BSP_CMSIS_v3.01.000\SampleCode\StdDriver\KEUS_Embedded_Switch\IAR\Release\Obj\keusActions.o"
#        "D:\VB_Shared\Mini58
#        Resources\Mini58_Series_BSP_CMSIS_v3.01.000\SampleCode\StdDriver\KEUS_Embedded_Switch\IAR\Release\Obj\keusuart.o"
#        "D:\VB_Shared\Mini58
#        Resources\Mini58_Series_BSP_CMSIS_v3.01.000\SampleCode\StdDriver\KEUS_Embedded_Switch\IAR\Release\Obj\main.o"
#        "D:\VB_Shared\Mini58
#        Resources\Mini58_Series_BSP_CMSIS_v3.01.000\SampleCode\StdDriver\KEUS_Embedded_Switch\IAR\Release\Obj\pwm.o"
#        "D:\VB_Shared\Mini58
#        Resources\Mini58_Series_BSP_CMSIS_v3.01.000\SampleCode\StdDriver\KEUS_Embedded_Switch\IAR\Release\Obj\retarget.o"
#        "D:\VB_Shared\Mini58
#        Resources\Mini58_Series_BSP_CMSIS_v3.01.000\SampleCode\StdDriver\KEUS_Embedded_Switch\IAR\Release\Obj\startup_Mini58Series.o"
#        "D:\VB_Shared\Mini58
#        Resources\Mini58_Series_BSP_CMSIS_v3.01.000\SampleCode\StdDriver\KEUS_Embedded_Switch\IAR\Release\Obj\sys.o"
#        "D:\VB_Shared\Mini58
#        Resources\Mini58_Series_BSP_CMSIS_v3.01.000\SampleCode\StdDriver\KEUS_Embedded_Switch\IAR\Release\Obj\system_Mini58Series.o"
#        "D:\VB_Shared\Mini58
#        Resources\Mini58_Series_BSP_CMSIS_v3.01.000\SampleCode\StdDriver\KEUS_Embedded_Switch\IAR\Release\Obj\timer.o"
#        "D:\VB_Shared\Mini58
#        Resources\Mini58_Series_BSP_CMSIS_v3.01.000\SampleCode\StdDriver\KEUS_Embedded_Switch\IAR\Release\Obj\uart.o"
#        --redirect _Printf=_PrintfTiny --redirect _Scanf=_ScanfSmall
#        --no_out_extension -o "D:\VB_Shared\Mini58
#        Resources\Mini58_Series_BSP_CMSIS_v3.01.000\SampleCode\StdDriver\KEUS_Embedded_Switch\IAR\Release\Exe\GPIO_LED.out"
#        --map "D:\VB_Shared\Mini58
#        Resources\Mini58_Series_BSP_CMSIS_v3.01.000\SampleCode\StdDriver\KEUS_Embedded_Switch\IAR\Release\List\GPIO_LED.map"
#        --config "C:\Program Files (x86)\IAR Systems\Embedded Workbench
#        8.3\arm\CONFIG\generic_cortex.icf" --semihosting --entry Reset_Handler
#        --inline --vfe --text_out locale)
#
###############################################################################

*******************************************************************************
*** RUNTIME MODEL ATTRIBUTES
***

CppFlavor       = *
__SystemLibrary = DLib
__dlib_version  = 6


*******************************************************************************
*** HEAP SELECTION
***

The basic heap was selected because no calls to memory allocation
functions were found in the application outside of system library
functions, and there are calls to deallocation functions in the
application.


*******************************************************************************
*** PLACEMENT SUMMARY
***

"A0":  place at address 0x0 { ro section .intvec };
"P1":  place in [from 0x0 to 0x7'ffff] { ro };
define block CSTACK with size = 1K, alignment = 8 { };
define block PROC_STACK with size = 0, alignment = 8 { };
define block HEAP with size = 2K, alignment = 8 { };
"P2":  place in [from 0x2000'0000 to 0x2000'ffff] {
          rw, block CSTACK, block PROC_STACK, block HEAP };
initialize by copy { rw };

  Section            Kind         Address   Size  Object
  -------            ----         -------   ----  ------
"A0":                                       0xc0
  .intvec            ro code          0x0   0xc0  startup_Mini58Series.o [1]
                                   - 0xc0   0xc0

"P1":                                      0xa98
  .text              ro code         0xc0  0x27e  main.o [1]
  .text              ro code        0x340   0xcc  uart.o [1]
  .text              ro code        0x40c   0x4a  gpio.o [1]
  .text              ro code        0x458   0x68  keusActions.o [1]
  .text              ro code        0x4c0   0x20  clk.o [1]
  .text              ro code        0x4e0   0xa0  system_Mini58Series.o [1]
  .text              ro code        0x580   0xae  I32DivModFast.o [4]
  .text              ro code        0x62e  0x172  xprintftiny.o [2]
  .text              ro code        0x7a0    0xe  strlen.o [4]
  .text              ro code        0x7b0  0x120  retarget.o [1]
  .text              ro code        0x8d0   0x28  printf.o [2]
  .text              ro code        0x8f8   0x8c  keusuart.o [1]
  .text              ro code        0x984   0x58  button.o [1]
  .text              ro code        0x9dc   0x3c  zero_init3.o [4]
  .text              ro code        0xa18   0x3c  packbits_init_single.o [4]
  .text              ro code        0xa54   0x28  data_init.o [4]
  .iar.init_table    const          0xa7c   0x20  - Linker created -
  .text              ro code        0xa9c   0x1e  cmain.o [4]
  .text              ro code        0xaba    0x8  exit.o [2]
  .text              ro code        0xac4    0xa  cexit.o [4]
  .text              ro code        0xad0   0x14  exit.o [5]
  .text              ro code        0xae4   0x16  xprout.o [2]
  .text              ro code        0xafc   0x10  putchar.o [2]
  .text              ro code        0xb0c    0xc  cstartup_M.o [4]
  .text              ro code        0xb18    0x8  startup_Mini58Series.o [1]
  .text              ro code        0xb20    0x2  startup_Mini58Series.o [1]
  .rodata            const          0xb22    0x0  zero_init3.o [4]
  .rodata            const          0xb22    0x0  packbits_init_single.o [4]
  Initializer bytes  const          0xb22   0x36  <for P2-1>
                                  - 0xb58  0xa98

"P2", part 1 of 3:                          0x58
  P2-1                        0x2000'0000   0x58  <Init block>
    .data            inited   0x2000'0000    0x4  system_Mini58Series.o [1]
    .data            inited   0x2000'0004    0xc  system_Mini58Series.o [1]
    .data            inited   0x2000'0010   0x48  xfiles.o [2]
                            - 0x2000'0058   0x58

"P2", part 2 of 3:                          0x78
  .bss               zero     0x2000'0058   0x50  xfiles.o [2]
  .bss               zero     0x2000'00a8   0x12  keusActions.o [1]
  .bss               zero     0x2000'00bc   0x10  keusuart.o [1]
  .bss               zero     0x2000'00cc    0x4  main.o [1]
                            - 0x2000'00d0   0x78

"P2", part 3 of 3:                         0x400
  CSTACK                      0x2000'00d0  0x400  <Block>
    CSTACK           uninit   0x2000'00d0  0x400  <Block tail>
                            - 0x2000'04d0  0x400

Unused ranges:

         From           To      Size
         ----           --      ----
        0xb58     0x7'ffff  0x7'f4a8
  0x2000'04d0  0x2000'ffff    0xfb30


*******************************************************************************
*** INIT TABLE
***

          Address      Size
          -------      ----
Zero (__iar_zero_init3)
    1 destination range, total size 0x78:
          0x2000'0058  0x78

Copy/packbits (__iar_packbits_init_single3)
    1 source range, total size 0x36 (61% of destination):
                0xb22  0x36
    1 destination range, total size 0x58:
          0x2000'0000  0x58



*******************************************************************************
*** MODULE SUMMARY
***

    Module                  ro code  ro data  rw data
    ------                  -------  -------  -------
command line/config:
    -------------------------------------------------
    Total:

D:\VB_Shared\Mini58 Resources\Mini58_Series_BSP_CMSIS_v3.01.000\SampleCode\StdDriver\KEUS_Embedded_Switch\IAR\Release\Obj: [1]
    button.o                     88
    clk.o                        32
    gpio.o                       74
    keusActions.o               104                18
    keusuart.o                  140                16
    main.o                      638                 4
    retarget.o                  288
    startup_Mini58Series.o      202
    system_Mini58Series.o       160        9       16
    uart.o                      204
    -------------------------------------------------
    Total:                    1'930        9       54

dl6M_tlf.a: [2]
    exit.o                        8
    printf.o                     40
    putchar.o                    16
    xfiles.o                              45      152
    xprintftiny.o               370
    xprout.o                     22
    -------------------------------------------------
    Total:                      456       45      152

m6M_tl.a: [3]
    -------------------------------------------------
    Total:

rt6M_tl.a: [4]
    I32DivModFast.o             174
    cexit.o                      10
    cmain.o                      30
    cstartup_M.o                 12
    data_init.o                  40
    packbits_init_single.o       60
    strlen.o                     14
    zero_init3.o                 60
    -------------------------------------------------
    Total:                      400

shb_l.a: [5]
    exit.o                       20
    -------------------------------------------------
    Total:                       20

    Gaps                         12                 2
    Linker created                        32    1'024
-----------------------------------------------------
    Grand Total:              2'818       86    1'232


*******************************************************************************
*** ENTRY LIST
***

Entry                       Address   Size  Type      Object
-----                       -------   ----  ----      ------
.iar.init_table$$Base         0xa7c          --   Gb  - Linker created -
.iar.init_table$$Limit        0xa9c          --   Gb  - Linker created -
?main                         0xa9d         Code  Gb  cmain.o [4]
CLK_WaitClockReady            0x4c1   0x18  Code  Gb  clk.o [1]
CSTACK$$Base            0x2000'00d0          --   Gb  - Linker created -
CSTACK$$Limit           0x2000'04d0          --   Gb  - Linker created -
CyclesPerUs             0x2000'000c    0x4  Data  Gb  system_Mini58Series.o [1]
EINT1_IRQHandler              0x9bd   0x12  Code  Gb  button.o [1]
GPIO234_IRQHandler            0x985   0x38  Code  Gb  button.o [1]
GPIO_EnableInt                0x43b   0x1c  Code  Gb  gpio.o [1]
GPIO_SetMode                  0x40d   0x2e  Code  Gb  gpio.o [1]
HardFault_Handler             0x80d   0x18  Code  Gb  retarget.o [1]
Hard_Fault_Handler            0x7f9   0x12  Code  Gb  retarget.o [1]
KEUS_init                     0x205   0x30  Code  Gb  main.o [1]
PllClock                0x2000'0008    0x4  Data  Gb  system_Mini58Series.o [1]
Region$$Table$$Base           0xa7c          --   Gb  - Linker created -
Region$$Table$$Limit          0xa9c          --   Gb  - Linker created -
Reset_Handler                 0xb19         Code  Wk  startup_Mini58Series.o [1]
SYS_Init                      0x235   0x9e  Code  Gb  main.o [1]
SendChar_ToUART               0x825    0x2  Code  Gb  retarget.o [1]
SystemCoreClock         0x2000'0004    0x4  Data  Gb  system_Mini58Series.o [1]
SystemCoreClockUpdate         0x4e1   0x84  Code  Gb  system_Mini58Series.o [1]
TMR0_IRQHandler                0xc1    0x8  Code  Gb  main.o [1]
UART0_IRQHandler              0x8f9   0x8c  Code  Gb  keusuart.o [1]
UART_Open                     0x341   0xb8  Code  Gb  uart.o [1]
_PrintfTiny                   0x649  0x158  Code  Gb  xprintftiny.o [2]
_Prout                        0xae5   0x16  Code  Gb  xprout.o [2]
__HSI                   0x2000'0000    0x4  Data  Gb  system_Mini58Series.o [1]
__aeabi_uidiv                 0x581         Code  Gb  I32DivModFast.o [4]
__aeabi_uidivmod              0x581         Code  Gb  I32DivModFast.o [4]
__cmain                       0xa9d         Code  Gb  cmain.o [4]
__exit                        0xad1   0x14  Code  Gb  exit.o [5]
__iar_Stdout            0x2000'0010   0x48  Data  Gb  xfiles.o [2]
__iar_data_init3              0xa55   0x28  Code  Gb  data_init.o [4]
__iar_packbits_init_single3
                              0xa19   0x3c  Code  Gb  packbits_init_single.o [4]
__iar_program_start           0xb0d         Code  Gb  cstartup_M.o [4]
__iar_zero_init3              0x9dd   0x3c  Code  Gb  zero_init3.o [4]
__vector_table                  0x0         Data  Gb  startup_Mini58Series.o [1]
_call_main                    0xaa9         Code  Gb  cmain.o [4]
_exit                         0xac5         Code  Gb  cexit.o [4]
_main                         0xab7         Code  Gb  cmain.o [4]
application_init               0xc9  0x13c  Code  Gb  main.o [1]
arr_led                 0x2000'00a8    0x8  Data  Gb  keusActions.o [1]
commandId               0x2000'00b8    0x1  Data  Gb  keusActions.o [1]
exit                          0xabb    0x8  Code  Gb  exit.o [2]
fputc                         0x847    0xc  Code  Gb  retarget.o [1]
g0_bufferCounter        0x2000'00bc    0x1  Data  Gb  keusuart.o [1]
g0_endMessageIndex      0x2000'00be    0x1  Data  Gb  keusuart.o [1]
g0_shouldSaveToBuffer   0x2000'00bd    0x1  Data  Gb  keusuart.o [1]
g0_u8RecData            0x2000'00c0    0xc  Data  Gb  keusuart.o [1]
keusAppEvents           0x2000'00cc    0x4  Data  Gb  main.o [1]
main                          0x331    0xe  Code  Gb  main.o [1]
obuf                    0x2000'0058   0x50  Data  Lc  xfiles.o [2]
out                           0x62f   0x1a  Code  Lc  xprintftiny.o [2]
printf                        0x8d1   0x28  Code  Gb  printf.o [2]
putchar                       0xafd   0x10  Code  Gb  putchar.o [2]
stackDump                     0x7b1   0x48  Code  Gb  retarget.o [1]
strlen                        0x7a1         Code  Gb  strlen.o [4]
toggleLed                     0x459   0x60  Code  Gb  keusActions.o [1]
txnId                   0x2000'00b9    0x1  Data  Gb  keusActions.o [1]
uartDataBuffer          0x2000'00b0    0x8  Data  Gb  keusActions.o [1]


[1] = D:\VB_Shared\Mini58 Resources\Mini58_Series_BSP_CMSIS_v3.01.000\SampleCode\StdDriver\KEUS_Embedded_Switch\IAR\Release\Obj
[2] = dl6M_tlf.a
[3] = m6M_tl.a
[4] = rt6M_tl.a
[5] = shb_l.a

  2'818 bytes of readonly  code memory
     86 bytes of readonly  data memory
  1'232 bytes of readwrite data memory

Errors: none
Warnings: none
